17.6443 	INFO 	Loaded monitor calibration from ['2024_09_01 09:56']
17.6646 	WARNING 	User requested fullscreen with size [1280  720], but screen is actually [1920, 1080]. Using actual size
18.5163 	EXP 	Created window1 = Window(allowGUI=False, allowStencil=False, autoLog=True, backendConf=UNKNOWN, backgroundFit=<method-wrapper '__getattribute__' of attributeSetter object at 0x000001F6A9D51E10>, backgroundImage=<method-wrapper '__getattribute__' of attributeSetter object at 0x000001F6A9D51DB0>, bitsMode=UNKNOWN, blendMode='avg', bpc=(8, 8, 8), color=array([0, 0, 0]), colorSpace='rgb', depthBits=8, fullscr=True, gamma=None, gammaErrorPolicy='raise', infoMsg=UNKNOWN, lms=UNKNOWN, monitor=<psychopy.monitors.calibTools.Monitor object at 0x000001F6A9E0B2E0>, multiSample=False, name='window1', numSamples=2, pos=[0.0, 0.0], screen=0, size=array([1920, 1080]), stencilBits=0, stereo=False, title='PsychoPy', units='height', useFBO=True, useRetina=False, viewOri=0.0, viewPos=None, viewScale=None, waitBlanking=True, winType='pyglet')
18.5167 	EXP 	window1: backgroundImage = ''
18.5167 	EXP 	window1: backgroundFit = 'none'
18.7166 	EXP 	window1: Attempting to measure frame rate of screen (0) ...
18.7167 	EXP 	window1: recordFrameIntervals = False
18.8726 	EXP 	window1: recordFrameIntervals = True
19.0567 	EXP 	Screen (0) actual frame rate measured at 59.85Hz
19.0568 	EXP 	window1: recordFrameIntervals = False
22.2929 	INFO 	keyboard.Keyboard is using iohub backend.
22.2930 	INFO 	keyboard.Keyboard is using iohub backend.
22.2930 	EXP 	Stroop task: status = STARTED
22.4712 	EXP 	Created text = TextStim(__class__=<class 'psychopy.visual.text.TextStim'>, alignHoriz=method-wrapper(...), alignText='center', alignVert=method-wrapper(...), anchorHoriz='center', anchorVert='center', antialias=True, autoDraw=False, autoLog=True, bold=False, color=array([1., 1., 1.]), colorSpace='rgb', contrast=1.0, depth=0.0, draggable=False, flipHoriz=False, flipVert=False, font='Arial', fontFiles=[], height=0.05, italic=False, languageStyle='LTR', name='text', opacity=1, ori=0.0, pos=array([0., 0.]), rgb=UNKNOWN, text=str(...), units='height', win=Window(...), wrapWidth=1)
22.4825 	EXP 	Created fixation_polygon = ShapeStim(__class__=<class 'psychopy.visual.shape.ShapeStim'>, anchor=('center', 'center'), autoDraw=False, autoLog=True, closeShape=True, color=method-wrapper(...), colorSpace='rgb', contrast=None, depth=0.0, draggable=False, fillColor=array([1, 1, 1]), fillColorSpace='rgb', fillRGB=array([1, 1, 1]), interpolate=True, lineColor=array([1., 1., 1.]), lineColorSpace='rgb', lineRGB=array([1, 1, 1]), lineWidth=1.0, name='fixation_polygon', opacity=1, ori=0.0, pos=array([0., 0.]), size=array([10., 10.]), units='pix', vertices=ndarray(...), win=Window(...), windingRule=None)
22.4848 	EXP 	Created Stroop_text = TextStim(__class__=<class 'psychopy.visual.text.TextStim'>, alignHoriz=method-wrapper(...), alignText='center', alignVert=method-wrapper(...), anchorHoriz='center', anchorVert='center', antialias=True, autoDraw=False, autoLog=True, bold=False, color=array([1., 1., 1.]), colorSpace='rgb', contrast=1.0, depth=-1.0, draggable=False, flipHoriz=False, flipVert=False, font='Arial', fontFiles=[], height=0.05, italic=False, languageStyle='LTR', name='Stroop_text', opacity=1, ori=0.0, pos=array([0., 0.]), rgb=UNKNOWN, text='', units='height', win=Window(...), wrapWidth=1)
22.4978 	EXP 	Created text_2 = TextStim(__class__=<class 'psychopy.visual.text.TextStim'>, alignHoriz=method-wrapper(...), alignText='center', alignVert=method-wrapper(...), anchorHoriz='center', anchorVert='center', antialias=True, autoDraw=False, autoLog=True, bold=False, color=array([1., 1., 1.]), colorSpace='rgb', contrast=1.0, depth=0.0, draggable=False, flipHoriz=False, flipVert=False, font='Arial', fontFiles=[], height=0.05, italic=False, languageStyle='LTR', name='text_2', opacity=1, ori=0.0, pos=array([0., 0.]), rgb=UNKNOWN, text='Thank you!', units='height', win=Window(...), wrapWidth=1)
0.0121 	EXP 	text: autoDraw = True
10.0249 	EXP 	Imported Stroop_condition.xlsx as conditions, 4 conditions, 4 params
10.0283 	EXP 	New trial (rep=0, index=0): <Trial 0 (0 in rep 0) data={'Word': 'BLUE', 'Colour': 'blue', 'stim_condition': 'C', 'Corr_resp': 'b', 'thisN': 0, 'thisTrialN': 0, 'thisRepN': 0}>
10.0587 	EXP 	text: autoDraw = False
10.0587 	EXP 	Stroop_text: foreColor = <psychopy.colors.Color: blue, alpha=1.0>
10.0587 	EXP 	Stroop_text: height = 0.05
10.0587 	EXP 	Stroop_text: height = 0.05
10.0587 	EXP 	Stroop_text: height = 0.05
10.0587 	EXP 	Stroop_text: text = 'BLUE'
10.0587 	EXP 	fixation_polygon: autoDraw = True
10.5073 	INFO 	Keyboard events cleared
10.5067 	EXP 	fixation_polygon: autoDraw = False
10.5067 	EXP 	Stroop_text: autoDraw = True
12.2182 	EXP 	New trial (rep=0, index=1): <Trial 1 (1 in rep 0) data={'Word': 'RED', 'Colour': 'red', 'stim_condition': 'C', 'Corr_resp': 'r', 'thisN': 1, 'thisTrialN': 1, 'thisRepN': 0}>
12.2291 	DATA 	Keypress: b
12.2314 	EXP 	fixation_polygon: autoDraw = False
12.2314 	EXP 	Stroop_text: autoDraw = False
12.2314 	EXP 	Stroop_text: foreColor = <psychopy.colors.Color: red, alpha=1.0>
12.2314 	EXP 	Stroop_text: height = 0.05
12.2314 	EXP 	Stroop_text: height = 0.05
12.2314 	EXP 	Stroop_text: height = 0.05
12.2314 	EXP 	Stroop_text: text = 'RED'
12.2314 	EXP 	fixation_polygon: autoDraw = True
12.7241 	INFO 	Keyboard events cleared
12.7234 	EXP 	fixation_polygon: autoDraw = False
12.7234 	EXP 	Stroop_text: autoDraw = True
13.7623 	DATA 	Keypress: r
13.7760 	EXP 	New trial (rep=0, index=2): <Trial 2 (2 in rep 0) data={'Word': 'RED', 'Colour': 'blue', 'stim_condition': 'I', 'Corr_resp': 'b', 'thisN': 2, 'thisTrialN': 2, 'thisRepN': 0}>
13.7904 	EXP 	fixation_polygon: autoDraw = False
13.7904 	EXP 	Stroop_text: autoDraw = False
13.7904 	EXP 	Stroop_text: foreColor = <psychopy.colors.Color: blue, alpha=1.0>
13.7904 	EXP 	Stroop_text: text = 'RED'
13.7904 	EXP 	fixation_polygon: autoDraw = True
14.2913 	INFO 	Keyboard events cleared
14.2901 	EXP 	fixation_polygon: autoDraw = False
14.2901 	EXP 	Stroop_text: autoDraw = True
15.5263 	EXP 	New trial (rep=0, index=3): <Trial 3 (3 in rep 0) data={'Word': 'BLUE', 'Colour': 'red', 'stim_condition': 'I', 'Corr_resp': 'r', 'thisN': 3, 'thisTrialN': 3, 'thisRepN': 0}>
15.5331 	DATA 	Keypress: b
15.5400 	EXP 	fixation_polygon: autoDraw = False
15.5400 	EXP 	Stroop_text: autoDraw = False
15.5400 	EXP 	Stroop_text: foreColor = <psychopy.colors.Color: red, alpha=1.0>
15.5400 	EXP 	Stroop_text: height = 0.05
15.5400 	EXP 	Stroop_text: height = 0.05
15.5400 	EXP 	Stroop_text: height = 0.05
15.5400 	EXP 	Stroop_text: text = 'BLUE'
15.5400 	EXP 	fixation_polygon: autoDraw = True
16.0408 	INFO 	Keyboard events cleared
16.0400 	EXP 	fixation_polygon: autoDraw = False
16.0400 	EXP 	Stroop_text: autoDraw = True
17.5091 	EXP 	New trial (rep=1, index=0): <Trial 4 (0 in rep 1) data={'Word': 'RED', 'Colour': 'blue', 'stim_condition': 'I', 'Corr_resp': 'b', 'thisN': 4, 'thisTrialN': 0, 'thisRepN': 1}>
17.5162 	DATA 	Keypress: r
17.5233 	EXP 	fixation_polygon: autoDraw = False
17.5233 	EXP 	Stroop_text: autoDraw = False
17.5233 	EXP 	Stroop_text: foreColor = <psychopy.colors.Color: blue, alpha=1.0>
17.5233 	EXP 	Stroop_text: height = 0.05
17.5233 	EXP 	Stroop_text: height = 0.05
17.5233 	EXP 	Stroop_text: height = 0.05
17.5233 	EXP 	Stroop_text: text = 'RED'
17.5233 	EXP 	fixation_polygon: autoDraw = True
18.0242 	INFO 	Keyboard events cleared
18.0236 	EXP 	fixation_polygon: autoDraw = False
18.0236 	EXP 	Stroop_text: autoDraw = True
19.1169 	DATA 	Keypress: b
19.1226 	EXP 	New trial (rep=1, index=1): <Trial 5 (1 in rep 1) data={'Word': 'BLUE', 'Colour': 'red', 'stim_condition': 'I', 'Corr_resp': 'r', 'thisN': 5, 'thisTrialN': 1, 'thisRepN': 1}>
19.1332 	EXP 	fixation_polygon: autoDraw = False
19.1332 	EXP 	Stroop_text: autoDraw = False
19.1332 	EXP 	Stroop_text: foreColor = <psychopy.colors.Color: red, alpha=1.0>
19.1332 	EXP 	Stroop_text: height = 0.05
19.1332 	EXP 	Stroop_text: height = 0.05
19.1332 	EXP 	Stroop_text: height = 0.05
19.1332 	EXP 	Stroop_text: text = 'BLUE'
19.1332 	EXP 	fixation_polygon: autoDraw = True
19.6240 	INFO 	Keyboard events cleared
19.6233 	EXP 	fixation_polygon: autoDraw = False
19.6233 	EXP 	Stroop_text: autoDraw = True
20.1420 	EXP 	New trial (rep=1, index=2): <Trial 6 (2 in rep 1) data={'Word': 'RED', 'Colour': 'red', 'stim_condition': 'C', 'Corr_resp': 'r', 'thisN': 6, 'thisTrialN': 2, 'thisRepN': 1}>
20.1500 	DATA 	Keypress: r
20.1564 	EXP 	fixation_polygon: autoDraw = False
20.1564 	EXP 	Stroop_text: autoDraw = False
20.1564 	EXP 	Stroop_text: foreColor = <psychopy.colors.Color: red, alpha=1.0>
20.1564 	EXP 	Stroop_text: height = 0.05
20.1564 	EXP 	Stroop_text: height = 0.05
20.1564 	EXP 	Stroop_text: height = 0.05
20.1564 	EXP 	Stroop_text: text = 'RED'
20.1564 	EXP 	fixation_polygon: autoDraw = True
20.6571 	INFO 	Keyboard events cleared
20.6565 	EXP 	fixation_polygon: autoDraw = False
20.6565 	EXP 	Stroop_text: autoDraw = True
21.1249 	EXP 	New trial (rep=1, index=3): <Trial 7 (3 in rep 1) data={'Word': 'BLUE', 'Colour': 'blue', 'stim_condition': 'C', 'Corr_resp': 'b', 'thisN': 7, 'thisTrialN': 3, 'thisRepN': 1}>
21.1308 	DATA 	Keypress: r
21.1398 	EXP 	fixation_polygon: autoDraw = False
21.1398 	EXP 	Stroop_text: autoDraw = False
21.1398 	EXP 	Stroop_text: foreColor = <psychopy.colors.Color: blue, alpha=1.0>
21.1398 	EXP 	Stroop_text: height = 0.05
21.1398 	EXP 	Stroop_text: height = 0.05
21.1398 	EXP 	Stroop_text: height = 0.05
21.1398 	EXP 	Stroop_text: text = 'BLUE'
21.1398 	EXP 	fixation_polygon: autoDraw = True
21.6407 	INFO 	Keyboard events cleared
21.6399 	EXP 	fixation_polygon: autoDraw = False
21.6399 	EXP 	Stroop_text: autoDraw = True
22.2938 	EXP 	New trial (rep=2, index=0): <Trial 8 (0 in rep 2) data={'Word': 'BLUE', 'Colour': 'red', 'stim_condition': 'I', 'Corr_resp': 'r', 'thisN': 8, 'thisTrialN': 0, 'thisRepN': 2}>
22.2967 	DATA 	Keypress: b
22.3069 	EXP 	fixation_polygon: autoDraw = False
22.3069 	EXP 	Stroop_text: autoDraw = False
22.3069 	EXP 	Stroop_text: foreColor = <psychopy.colors.Color: red, alpha=1.0>
22.3069 	EXP 	Stroop_text: text = 'BLUE'
22.3069 	EXP 	fixation_polygon: autoDraw = True
22.8074 	INFO 	Keyboard events cleared
22.8065 	EXP 	fixation_polygon: autoDraw = False
22.8065 	EXP 	Stroop_text: autoDraw = True
23.4769 	EXP 	New trial (rep=2, index=1): <Trial 9 (1 in rep 2) data={'Word': 'BLUE', 'Colour': 'blue', 'stim_condition': 'C', 'Corr_resp': 'b', 'thisN': 9, 'thisTrialN': 1, 'thisRepN': 2}>
23.4791 	DATA 	Keypress: b
23.4900 	EXP 	fixation_polygon: autoDraw = False
23.4900 	EXP 	Stroop_text: autoDraw = False
23.4900 	EXP 	Stroop_text: foreColor = <psychopy.colors.Color: blue, alpha=1.0>
23.4900 	EXP 	Stroop_text: text = 'BLUE'
23.4900 	EXP 	fixation_polygon: autoDraw = True
23.9905 	INFO 	Keyboard events cleared
23.9898 	EXP 	fixation_polygon: autoDraw = False
23.9898 	EXP 	Stroop_text: autoDraw = True
24.6274 	DATA 	Keypress: b
24.6427 	EXP 	New trial (rep=2, index=2): <Trial 10 (2 in rep 2) data={'Word': 'RED', 'Colour': 'red', 'stim_condition': 'C', 'Corr_resp': 'r', 'thisN': 10, 'thisTrialN': 2, 'thisRepN': 2}>
24.6564 	EXP 	fixation_polygon: autoDraw = False
24.6564 	EXP 	Stroop_text: autoDraw = False
24.6564 	EXP 	Stroop_text: foreColor = <psychopy.colors.Color: red, alpha=1.0>
24.6564 	EXP 	Stroop_text: height = 0.05
24.6564 	EXP 	Stroop_text: height = 0.05
24.6564 	EXP 	Stroop_text: height = 0.05
24.6564 	EXP 	Stroop_text: text = 'RED'
24.6564 	EXP 	fixation_polygon: autoDraw = True
25.1572 	INFO 	Keyboard events cleared
25.1564 	EXP 	fixation_polygon: autoDraw = False
25.1564 	EXP 	Stroop_text: autoDraw = True
25.5275 	EXP 	New trial (rep=2, index=3): <Trial 11 (3 in rep 2) data={'Word': 'RED', 'Colour': 'blue', 'stim_condition': 'I', 'Corr_resp': 'b', 'thisN': 11, 'thisTrialN': 3, 'thisRepN': 2}>
25.5304 	DATA 	Keypress: r
25.5402 	EXP 	fixation_polygon: autoDraw = False
25.5402 	EXP 	Stroop_text: autoDraw = False
25.5402 	EXP 	Stroop_text: foreColor = <psychopy.colors.Color: blue, alpha=1.0>
25.5402 	EXP 	Stroop_text: text = 'RED'
25.5402 	EXP 	fixation_polygon: autoDraw = True
26.0413 	INFO 	Keyboard events cleared
26.0403 	EXP 	fixation_polygon: autoDraw = False
26.0403 	EXP 	Stroop_text: autoDraw = True
26.7931 	EXP 	New trial (rep=3, index=0): <Trial 12 (0 in rep 3) data={'Word': 'BLUE', 'Colour': 'red', 'stim_condition': 'I', 'Corr_resp': 'r', 'thisN': 12, 'thisTrialN': 0, 'thisRepN': 3}>
26.8003 	DATA 	Keypress: b
26.8063 	EXP 	fixation_polygon: autoDraw = False
26.8063 	EXP 	Stroop_text: autoDraw = False
26.8063 	EXP 	Stroop_text: foreColor = <psychopy.colors.Color: red, alpha=1.0>
26.8063 	EXP 	Stroop_text: height = 0.05
26.8063 	EXP 	Stroop_text: height = 0.05
26.8063 	EXP 	Stroop_text: height = 0.05
26.8063 	EXP 	Stroop_text: text = 'BLUE'
26.8063 	EXP 	fixation_polygon: autoDraw = True
27.3073 	INFO 	Keyboard events cleared
27.3064 	EXP 	fixation_polygon: autoDraw = False
27.3064 	EXP 	Stroop_text: autoDraw = True
29.5609 	EXP 	New trial (rep=3, index=1): <Trial 13 (1 in rep 3) data={'Word': 'BLUE', 'Colour': 'blue', 'stim_condition': 'C', 'Corr_resp': 'b', 'thisN': 13, 'thisTrialN': 1, 'thisRepN': 3}>
29.5634 	DATA 	Keypress: r
29.5733 	EXP 	fixation_polygon: autoDraw = False
29.5733 	EXP 	Stroop_text: autoDraw = False
29.5733 	EXP 	Stroop_text: foreColor = <psychopy.colors.Color: blue, alpha=1.0>
29.5733 	EXP 	Stroop_text: text = 'BLUE'
29.5733 	EXP 	fixation_polygon: autoDraw = True
30.0749 	INFO 	Keyboard events cleared
30.0738 	EXP 	fixation_polygon: autoDraw = False
30.0738 	EXP 	Stroop_text: autoDraw = True
30.7588 	EXP 	New trial (rep=3, index=2): <Trial 14 (2 in rep 3) data={'Word': 'RED', 'Colour': 'red', 'stim_condition': 'C', 'Corr_resp': 'r', 'thisN': 14, 'thisTrialN': 2, 'thisRepN': 3}>
30.7647 	DATA 	Keypress: b
30.7740 	EXP 	fixation_polygon: autoDraw = False
30.7740 	EXP 	Stroop_text: autoDraw = False
30.7740 	EXP 	Stroop_text: foreColor = <psychopy.colors.Color: red, alpha=1.0>
30.7740 	EXP 	Stroop_text: height = 0.05
30.7740 	EXP 	Stroop_text: height = 0.05
30.7740 	EXP 	Stroop_text: height = 0.05
30.7740 	EXP 	Stroop_text: text = 'RED'
30.7740 	EXP 	fixation_polygon: autoDraw = True
31.2748 	INFO 	Keyboard events cleared
31.2737 	EXP 	fixation_polygon: autoDraw = False
31.2737 	EXP 	Stroop_text: autoDraw = True
32.1760 	EXP 	New trial (rep=3, index=3): <Trial 15 (3 in rep 3) data={'Word': 'RED', 'Colour': 'blue', 'stim_condition': 'I', 'Corr_resp': 'b', 'thisN': 15, 'thisTrialN': 3, 'thisRepN': 3}>
32.1795 	DATA 	Keypress: r
32.1902 	EXP 	fixation_polygon: autoDraw = False
32.1902 	EXP 	Stroop_text: autoDraw = False
32.1902 	EXP 	Stroop_text: foreColor = <psychopy.colors.Color: blue, alpha=1.0>
32.1902 	EXP 	Stroop_text: text = 'RED'
32.1902 	EXP 	fixation_polygon: autoDraw = True
32.6909 	INFO 	Keyboard events cleared
32.6900 	EXP 	fixation_polygon: autoDraw = False
32.6900 	EXP 	Stroop_text: autoDraw = True
33.3926 	EXP 	New trial (rep=4, index=0): <Trial 16 (0 in rep 4) data={'Word': 'BLUE', 'Colour': 'blue', 'stim_condition': 'C', 'Corr_resp': 'b', 'thisN': 16, 'thisTrialN': 0, 'thisRepN': 4}>
33.3995 	DATA 	Keypress: r
33.4064 	EXP 	fixation_polygon: autoDraw = False
33.4064 	EXP 	Stroop_text: autoDraw = False
33.4064 	EXP 	Stroop_text: foreColor = <psychopy.colors.Color: blue, alpha=1.0>
33.4064 	EXP 	Stroop_text: height = 0.05
33.4064 	EXP 	Stroop_text: height = 0.05
33.4064 	EXP 	Stroop_text: height = 0.05
33.4064 	EXP 	Stroop_text: text = 'BLUE'
33.4064 	EXP 	fixation_polygon: autoDraw = True
33.9070 	INFO 	Keyboard events cleared
33.9064 	EXP 	fixation_polygon: autoDraw = False
33.9064 	EXP 	Stroop_text: autoDraw = True
35.4093 	EXP 	New trial (rep=4, index=1): <Trial 17 (1 in rep 4) data={'Word': 'RED', 'Colour': 'blue', 'stim_condition': 'I', 'Corr_resp': 'b', 'thisN': 17, 'thisTrialN': 1, 'thisRepN': 4}>
35.4151 	DATA 	Keypress: b
35.4233 	EXP 	fixation_polygon: autoDraw = False
35.4233 	EXP 	Stroop_text: autoDraw = False
35.4233 	EXP 	Stroop_text: foreColor = <psychopy.colors.Color: blue, alpha=1.0>
35.4233 	EXP 	Stroop_text: height = 0.05
35.4233 	EXP 	Stroop_text: height = 0.05
35.4233 	EXP 	Stroop_text: height = 0.05
35.4233 	EXP 	Stroop_text: text = 'RED'
35.4233 	EXP 	fixation_polygon: autoDraw = True
35.9239 	INFO 	Keyboard events cleared
35.9231 	EXP 	fixation_polygon: autoDraw = False
35.9231 	EXP 	Stroop_text: autoDraw = True
36.8423 	EXP 	New trial (rep=4, index=2): <Trial 18 (2 in rep 4) data={'Word': 'BLUE', 'Colour': 'red', 'stim_condition': 'I', 'Corr_resp': 'r', 'thisN': 18, 'thisTrialN': 2, 'thisRepN': 4}>
36.8504 	DATA 	Keypress: b
36.8564 	EXP 	fixation_polygon: autoDraw = False
36.8564 	EXP 	Stroop_text: autoDraw = False
36.8564 	EXP 	Stroop_text: foreColor = <psychopy.colors.Color: red, alpha=1.0>
36.8564 	EXP 	Stroop_text: height = 0.05
36.8564 	EXP 	Stroop_text: height = 0.05
36.8564 	EXP 	Stroop_text: height = 0.05
36.8564 	EXP 	Stroop_text: text = 'BLUE'
36.8564 	EXP 	fixation_polygon: autoDraw = True
37.3580 	INFO 	Keyboard events cleared
37.3567 	EXP 	fixation_polygon: autoDraw = False
37.3567 	EXP 	Stroop_text: autoDraw = True
37.9919 	EXP 	New trial (rep=4, index=3): <Trial 19 (3 in rep 4) data={'Word': 'RED', 'Colour': 'red', 'stim_condition': 'C', 'Corr_resp': 'r', 'thisN': 19, 'thisTrialN': 3, 'thisRepN': 4}>
37.9972 	DATA 	Keypress: r
38.0063 	EXP 	fixation_polygon: autoDraw = False
38.0063 	EXP 	Stroop_text: autoDraw = False
38.0063 	EXP 	Stroop_text: foreColor = <psychopy.colors.Color: red, alpha=1.0>
38.0063 	EXP 	Stroop_text: height = 0.05
38.0063 	EXP 	Stroop_text: height = 0.05
38.0063 	EXP 	Stroop_text: height = 0.05
38.0063 	EXP 	Stroop_text: text = 'RED'
38.0063 	EXP 	fixation_polygon: autoDraw = True
38.5077 	INFO 	Keyboard events cleared
38.5066 	EXP 	fixation_polygon: autoDraw = False
38.5066 	EXP 	Stroop_text: autoDraw = True
39.2083 	EXP 	New trial (rep=5, index=0): <Trial 20 (0 in rep 5) data={'Word': 'RED', 'Colour': 'red', 'stim_condition': 'C', 'Corr_resp': 'r', 'thisN': 20, 'thisTrialN': 0, 'thisRepN': 5}>
39.2111 	DATA 	Keypress: r
39.2236 	EXP 	fixation_polygon: autoDraw = False
39.2236 	EXP 	Stroop_text: autoDraw = False
39.2236 	EXP 	Stroop_text: foreColor = <psychopy.colors.Color: red, alpha=1.0>
39.2236 	EXP 	Stroop_text: text = 'RED'
39.2236 	EXP 	fixation_polygon: autoDraw = True
39.7244 	INFO 	Keyboard events cleared
39.7234 	EXP 	fixation_polygon: autoDraw = False
39.7234 	EXP 	Stroop_text: autoDraw = True
40.1767 	EXP 	New trial (rep=5, index=1): <Trial 21 (1 in rep 5) data={'Word': 'BLUE', 'Colour': 'blue', 'stim_condition': 'C', 'Corr_resp': 'b', 'thisN': 21, 'thisTrialN': 1, 'thisRepN': 5}>
40.1846 	DATA 	Keypress: r
40.1895 	EXP 	fixation_polygon: autoDraw = False
40.1895 	EXP 	Stroop_text: autoDraw = False
40.1895 	EXP 	Stroop_text: foreColor = <psychopy.colors.Color: blue, alpha=1.0>
40.1895 	EXP 	Stroop_text: height = 0.05
40.1895 	EXP 	Stroop_text: height = 0.05
40.1895 	EXP 	Stroop_text: height = 0.05
40.1895 	EXP 	Stroop_text: text = 'BLUE'
40.1895 	EXP 	fixation_polygon: autoDraw = True
40.6905 	INFO 	Keyboard events cleared
40.6896 	EXP 	fixation_polygon: autoDraw = False
40.6896 	EXP 	Stroop_text: autoDraw = True
41.2763 	EXP 	New trial (rep=5, index=2): <Trial 22 (2 in rep 5) data={'Word': 'RED', 'Colour': 'blue', 'stim_condition': 'I', 'Corr_resp': 'b', 'thisN': 22, 'thisTrialN': 2, 'thisRepN': 5}>
41.2822 	DATA 	Keypress: b
41.2898 	EXP 	fixation_polygon: autoDraw = False
41.2898 	EXP 	Stroop_text: autoDraw = False
41.2898 	EXP 	Stroop_text: foreColor = <psychopy.colors.Color: blue, alpha=1.0>
41.2898 	EXP 	Stroop_text: height = 0.05
41.2898 	EXP 	Stroop_text: height = 0.05
41.2898 	EXP 	Stroop_text: height = 0.05
41.2898 	EXP 	Stroop_text: text = 'RED'
41.2898 	EXP 	fixation_polygon: autoDraw = True
41.7907 	INFO 	Keyboard events cleared
41.7899 	EXP 	fixation_polygon: autoDraw = False
41.7899 	EXP 	Stroop_text: autoDraw = True
42.4276 	DATA 	Keypress: r
42.4418 	EXP 	New trial (rep=5, index=3): <Trial 23 (3 in rep 5) data={'Word': 'BLUE', 'Colour': 'red', 'stim_condition': 'I', 'Corr_resp': 'r', 'thisN': 23, 'thisTrialN': 3, 'thisRepN': 5}>
42.4562 	EXP 	fixation_polygon: autoDraw = False
42.4562 	EXP 	Stroop_text: autoDraw = False
42.4562 	EXP 	Stroop_text: foreColor = <psychopy.colors.Color: red, alpha=1.0>
42.4562 	EXP 	Stroop_text: height = 0.05
42.4562 	EXP 	Stroop_text: height = 0.05
42.4562 	EXP 	Stroop_text: height = 0.05
42.4562 	EXP 	Stroop_text: text = 'BLUE'
42.4562 	EXP 	fixation_polygon: autoDraw = True
42.9567 	INFO 	Keyboard events cleared
42.9561 	EXP 	fixation_polygon: autoDraw = False
42.9561 	EXP 	Stroop_text: autoDraw = True
43.8606 	EXP 	New trial (rep=6, index=0): <Trial 24 (0 in rep 6) data={'Word': 'RED', 'Colour': 'blue', 'stim_condition': 'I', 'Corr_resp': 'b', 'thisN': 24, 'thisTrialN': 0, 'thisRepN': 6}>
43.8675 	DATA 	Keypress: r
43.8730 	EXP 	fixation_polygon: autoDraw = False
43.8730 	EXP 	Stroop_text: autoDraw = False
43.8730 	EXP 	Stroop_text: foreColor = <psychopy.colors.Color: blue, alpha=1.0>
43.8730 	EXP 	Stroop_text: height = 0.05
43.8730 	EXP 	Stroop_text: height = 0.05
43.8730 	EXP 	Stroop_text: height = 0.05
43.8730 	EXP 	Stroop_text: text = 'RED'
43.8730 	EXP 	fixation_polygon: autoDraw = True
44.3738 	INFO 	Keyboard events cleared
44.3731 	EXP 	fixation_polygon: autoDraw = False
44.3731 	EXP 	Stroop_text: autoDraw = True
44.9434 	EXP 	New trial (rep=6, index=1): <Trial 25 (1 in rep 6) data={'Word': 'BLUE', 'Colour': 'blue', 'stim_condition': 'C', 'Corr_resp': 'b', 'thisN': 25, 'thisTrialN': 1, 'thisRepN': 6}>
44.9501 	DATA 	Keypress: b
44.9564 	EXP 	fixation_polygon: autoDraw = False
44.9564 	EXP 	Stroop_text: autoDraw = False
44.9564 	EXP 	Stroop_text: foreColor = <psychopy.colors.Color: blue, alpha=1.0>
44.9564 	EXP 	Stroop_text: height = 0.05
44.9564 	EXP 	Stroop_text: height = 0.05
44.9564 	EXP 	Stroop_text: height = 0.05
44.9564 	EXP 	Stroop_text: text = 'BLUE'
44.9564 	EXP 	fixation_polygon: autoDraw = True
45.4576 	INFO 	Keyboard events cleared
45.4565 	EXP 	fixation_polygon: autoDraw = False
45.4565 	EXP 	Stroop_text: autoDraw = True
46.0783 	EXP 	New trial (rep=6, index=2): <Trial 26 (2 in rep 6) data={'Word': 'BLUE', 'Colour': 'red', 'stim_condition': 'I', 'Corr_resp': 'r', 'thisN': 26, 'thisTrialN': 2, 'thisRepN': 6}>
46.0821 	DATA 	Keypress: b
46.0895 	EXP 	fixation_polygon: autoDraw = False
46.0895 	EXP 	Stroop_text: autoDraw = False
46.0895 	EXP 	Stroop_text: foreColor = <psychopy.colors.Color: red, alpha=1.0>
46.0895 	EXP 	Stroop_text: text = 'BLUE'
46.0895 	EXP 	fixation_polygon: autoDraw = True
46.5909 	INFO 	Keyboard events cleared
46.5902 	EXP 	fixation_polygon: autoDraw = False
46.5902 	EXP 	Stroop_text: autoDraw = True
47.3264 	EXP 	New trial (rep=6, index=3): <Trial 27 (3 in rep 6) data={'Word': 'RED', 'Colour': 'red', 'stim_condition': 'C', 'Corr_resp': 'r', 'thisN': 27, 'thisTrialN': 3, 'thisRepN': 6}>
47.3323 	DATA 	Keypress: r
47.3395 	EXP 	fixation_polygon: autoDraw = False
47.3395 	EXP 	Stroop_text: autoDraw = False
47.3395 	EXP 	Stroop_text: foreColor = <psychopy.colors.Color: red, alpha=1.0>
47.3395 	EXP 	Stroop_text: height = 0.05
47.3395 	EXP 	Stroop_text: height = 0.05
47.3395 	EXP 	Stroop_text: height = 0.05
47.3395 	EXP 	Stroop_text: text = 'RED'
47.3395 	EXP 	fixation_polygon: autoDraw = True
47.8402 	INFO 	Keyboard events cleared
47.8395 	EXP 	fixation_polygon: autoDraw = False
47.8395 	EXP 	Stroop_text: autoDraw = True
48.5929 	EXP 	New trial (rep=7, index=0): <Trial 28 (0 in rep 7) data={'Word': 'RED', 'Colour': 'red', 'stim_condition': 'C', 'Corr_resp': 'r', 'thisN': 28, 'thisTrialN': 0, 'thisRepN': 7}>
48.5958 	DATA 	Keypress: r
48.6063 	EXP 	fixation_polygon: autoDraw = False
48.6063 	EXP 	Stroop_text: autoDraw = False
48.6063 	EXP 	Stroop_text: foreColor = <psychopy.colors.Color: red, alpha=1.0>
48.6063 	EXP 	Stroop_text: text = 'RED'
48.6063 	EXP 	fixation_polygon: autoDraw = True
49.1070 	INFO 	Keyboard events cleared
49.1061 	EXP 	fixation_polygon: autoDraw = False
49.1061 	EXP 	Stroop_text: autoDraw = True
49.7134 	DATA 	Keypress: r
49.7251 	EXP 	New trial (rep=7, index=1): <Trial 29 (1 in rep 7) data={'Word': 'BLUE', 'Colour': 'blue', 'stim_condition': 'C', 'Corr_resp': 'b', 'thisN': 29, 'thisTrialN': 1, 'thisRepN': 7}>
49.7395 	EXP 	fixation_polygon: autoDraw = False
49.7395 	EXP 	Stroop_text: autoDraw = False
49.7395 	EXP 	Stroop_text: foreColor = <psychopy.colors.Color: blue, alpha=1.0>
49.7395 	EXP 	Stroop_text: height = 0.05
49.7395 	EXP 	Stroop_text: height = 0.05
49.7395 	EXP 	Stroop_text: height = 0.05
49.7395 	EXP 	Stroop_text: text = 'BLUE'
49.7395 	EXP 	fixation_polygon: autoDraw = True
50.2430 	INFO 	Keyboard events cleared
50.2397 	EXP 	fixation_polygon: autoDraw = False
50.2397 	EXP 	Stroop_text: autoDraw = True
50.7820 	EXP 	New trial (rep=7, index=2): <Trial 30 (2 in rep 7) data={'Word': 'RED', 'Colour': 'blue', 'stim_condition': 'I', 'Corr_resp': 'b', 'thisN': 30, 'thisTrialN': 2, 'thisRepN': 7}>
50.8227 	DATA 	Keypress: b
50.8302 	EXP 	fixation_polygon: autoDraw = False
50.8302 	EXP 	Stroop_text: autoDraw = False
50.8302 	EXP 	Stroop_text: foreColor = <psychopy.colors.Color: blue, alpha=1.0>
50.8302 	EXP 	Stroop_text: height = 0.05
50.8302 	EXP 	Stroop_text: height = 0.05
50.8302 	EXP 	Stroop_text: height = 0.05
50.8302 	EXP 	Stroop_text: text = 'RED'
50.8302 	EXP 	fixation_polygon: autoDraw = True
51.2909 	INFO 	Keyboard events cleared
51.2901 	EXP 	fixation_polygon: autoDraw = False
51.2901 	EXP 	Stroop_text: autoDraw = True
51.9586 	EXP 	New trial (rep=7, index=3): <Trial 31 (3 in rep 7) data={'Word': 'BLUE', 'Colour': 'red', 'stim_condition': 'I', 'Corr_resp': 'r', 'thisN': 31, 'thisTrialN': 3, 'thisRepN': 7}>
51.9648 	DATA 	Keypress: b
51.9728 	EXP 	fixation_polygon: autoDraw = False
51.9728 	EXP 	Stroop_text: autoDraw = False
51.9728 	EXP 	Stroop_text: foreColor = <psychopy.colors.Color: red, alpha=1.0>
51.9728 	EXP 	Stroop_text: height = 0.05
51.9728 	EXP 	Stroop_text: height = 0.05
51.9728 	EXP 	Stroop_text: height = 0.05
51.9728 	EXP 	Stroop_text: text = 'BLUE'
51.9728 	EXP 	fixation_polygon: autoDraw = True
52.4744 	INFO 	Keyboard events cleared
52.4732 	EXP 	fixation_polygon: autoDraw = False
52.4732 	EXP 	Stroop_text: autoDraw = True
53.1962 	DATA 	Keypress: r
53.2091 	EXP 	New trial (rep=8, index=0): <Trial 32 (0 in rep 8) data={'Word': 'BLUE', 'Colour': 'red', 'stim_condition': 'I', 'Corr_resp': 'r', 'thisN': 32, 'thisTrialN': 0, 'thisRepN': 8}>
53.2231 	EXP 	fixation_polygon: autoDraw = False
53.2231 	EXP 	Stroop_text: autoDraw = False
53.2231 	EXP 	Stroop_text: foreColor = <psychopy.colors.Color: red, alpha=1.0>
53.2231 	EXP 	Stroop_text: text = 'BLUE'
53.2231 	EXP 	fixation_polygon: autoDraw = True
53.7235 	INFO 	Keyboard events cleared
53.7226 	EXP 	fixation_polygon: autoDraw = False
53.7226 	EXP 	Stroop_text: autoDraw = True
54.2433 	EXP 	New trial (rep=8, index=1): <Trial 33 (1 in rep 8) data={'Word': 'RED', 'Colour': 'red', 'stim_condition': 'C', 'Corr_resp': 'r', 'thisN': 33, 'thisTrialN': 1, 'thisRepN': 8}>
54.2491 	DATA 	Keypress: r
54.2563 	EXP 	fixation_polygon: autoDraw = False
54.2563 	EXP 	Stroop_text: autoDraw = False
54.2563 	EXP 	Stroop_text: foreColor = <psychopy.colors.Color: red, alpha=1.0>
54.2563 	EXP 	Stroop_text: height = 0.05
54.2563 	EXP 	Stroop_text: height = 0.05
54.2563 	EXP 	Stroop_text: height = 0.05
54.2563 	EXP 	Stroop_text: text = 'RED'
54.2563 	EXP 	fixation_polygon: autoDraw = True
54.7574 	INFO 	Keyboard events cleared
54.7563 	EXP 	fixation_polygon: autoDraw = False
54.7563 	EXP 	Stroop_text: autoDraw = True
55.1915 	EXP 	New trial (rep=8, index=2): <Trial 34 (2 in rep 8) data={'Word': 'BLUE', 'Colour': 'blue', 'stim_condition': 'C', 'Corr_resp': 'b', 'thisN': 34, 'thisTrialN': 2, 'thisRepN': 8}>
55.1987 	DATA 	Keypress: r
55.2060 	EXP 	fixation_polygon: autoDraw = False
55.2060 	EXP 	Stroop_text: autoDraw = False
55.2060 	EXP 	Stroop_text: foreColor = <psychopy.colors.Color: blue, alpha=1.0>
55.2060 	EXP 	Stroop_text: height = 0.05
55.2060 	EXP 	Stroop_text: height = 0.05
55.2060 	EXP 	Stroop_text: height = 0.05
55.2060 	EXP 	Stroop_text: text = 'BLUE'
55.2060 	EXP 	fixation_polygon: autoDraw = True
55.7066 	INFO 	Keyboard events cleared
55.7059 	EXP 	fixation_polygon: autoDraw = False
55.7059 	EXP 	Stroop_text: autoDraw = True
56.2925 	DATA 	Keypress: b
56.3073 	EXP 	New trial (rep=8, index=3): <Trial 35 (3 in rep 8) data={'Word': 'RED', 'Colour': 'blue', 'stim_condition': 'I', 'Corr_resp': 'b', 'thisN': 35, 'thisTrialN': 3, 'thisRepN': 8}>
56.3224 	EXP 	fixation_polygon: autoDraw = False
56.3224 	EXP 	Stroop_text: autoDraw = False
56.3224 	EXP 	Stroop_text: foreColor = <psychopy.colors.Color: blue, alpha=1.0>
56.3224 	EXP 	Stroop_text: height = 0.05
56.3224 	EXP 	Stroop_text: height = 0.05
56.3224 	EXP 	Stroop_text: height = 0.05
56.3224 	EXP 	Stroop_text: text = 'RED'
56.3224 	EXP 	fixation_polygon: autoDraw = True
56.8233 	INFO 	Keyboard events cleared
56.8226 	EXP 	fixation_polygon: autoDraw = False
56.8226 	EXP 	Stroop_text: autoDraw = True
57.2919 	EXP 	New trial (rep=9, index=0): <Trial 36 (0 in rep 9) data={'Word': 'BLUE', 'Colour': 'blue', 'stim_condition': 'C', 'Corr_resp': 'b', 'thisN': 36, 'thisTrialN': 0, 'thisRepN': 9}>
57.2972 	DATA 	Keypress: b
57.3061 	EXP 	fixation_polygon: autoDraw = False
57.3061 	EXP 	Stroop_text: autoDraw = False
57.3061 	EXP 	Stroop_text: foreColor = <psychopy.colors.Color: blue, alpha=1.0>
57.3061 	EXP 	Stroop_text: height = 0.05
57.3061 	EXP 	Stroop_text: height = 0.05
57.3061 	EXP 	Stroop_text: height = 0.05
57.3061 	EXP 	Stroop_text: text = 'BLUE'
57.3061 	EXP 	fixation_polygon: autoDraw = True
57.8070 	INFO 	Keyboard events cleared
57.8061 	EXP 	fixation_polygon: autoDraw = False
57.8061 	EXP 	Stroop_text: autoDraw = True
58.1748 	EXP 	New trial (rep=9, index=1): <Trial 37 (1 in rep 9) data={'Word': 'RED', 'Colour': 'red', 'stim_condition': 'C', 'Corr_resp': 'r', 'thisN': 37, 'thisTrialN': 1, 'thisRepN': 9}>
58.1824 	DATA 	Keypress: b
58.1892 	EXP 	fixation_polygon: autoDraw = False
58.1892 	EXP 	Stroop_text: autoDraw = False
58.1892 	EXP 	Stroop_text: foreColor = <psychopy.colors.Color: red, alpha=1.0>
58.1892 	EXP 	Stroop_text: height = 0.05
58.1892 	EXP 	Stroop_text: height = 0.05
58.1892 	EXP 	Stroop_text: height = 0.05
58.1892 	EXP 	Stroop_text: text = 'RED'
58.1892 	EXP 	fixation_polygon: autoDraw = True
58.6904 	INFO 	Keyboard events cleared
58.6897 	EXP 	fixation_polygon: autoDraw = False
58.6897 	EXP 	Stroop_text: autoDraw = True
59.2084 	EXP 	New trial (rep=9, index=2): <Trial 38 (2 in rep 9) data={'Word': 'RED', 'Colour': 'blue', 'stim_condition': 'I', 'Corr_resp': 'b', 'thisN': 38, 'thisTrialN': 2, 'thisRepN': 9}>
59.2114 	DATA 	Keypress: r
59.2224 	EXP 	fixation_polygon: autoDraw = False
59.2224 	EXP 	Stroop_text: autoDraw = False
59.2224 	EXP 	Stroop_text: foreColor = <psychopy.colors.Color: blue, alpha=1.0>
59.2224 	EXP 	Stroop_text: text = 'RED'
59.2224 	EXP 	fixation_polygon: autoDraw = True
59.7235 	INFO 	Keyboard events cleared
59.7227 	EXP 	fixation_polygon: autoDraw = False
59.7227 	EXP 	Stroop_text: autoDraw = True
60.3583 	EXP 	New trial (rep=9, index=3): <Trial 39 (3 in rep 9) data={'Word': 'BLUE', 'Colour': 'red', 'stim_condition': 'I', 'Corr_resp': 'r', 'thisN': 39, 'thisTrialN': 3, 'thisRepN': 9}>
60.3670 	DATA 	Keypress: b
60.3724 	EXP 	fixation_polygon: autoDraw = False
60.3724 	EXP 	Stroop_text: autoDraw = False
60.3724 	EXP 	Stroop_text: foreColor = <psychopy.colors.Color: red, alpha=1.0>
60.3724 	EXP 	Stroop_text: height = 0.05
60.3724 	EXP 	Stroop_text: height = 0.05
60.3724 	EXP 	Stroop_text: height = 0.05
60.3724 	EXP 	Stroop_text: text = 'BLUE'
60.3724 	EXP 	fixation_polygon: autoDraw = True
60.8739 	INFO 	Keyboard events cleared
60.8729 	EXP 	fixation_polygon: autoDraw = False
60.8729 	EXP 	Stroop_text: autoDraw = True
61.5761 	EXP 	New trial (rep=10, index=0): <Trial 40 (0 in rep 10) data={'Word': 'BLUE', 'Colour': 'red', 'stim_condition': 'I', 'Corr_resp': 'r', 'thisN': 40, 'thisTrialN': 0, 'thisRepN': 10}>
61.5785 	DATA 	Keypress: r
61.5897 	EXP 	fixation_polygon: autoDraw = False
61.5897 	EXP 	Stroop_text: autoDraw = False
61.5897 	EXP 	Stroop_text: foreColor = <psychopy.colors.Color: red, alpha=1.0>
61.5897 	EXP 	Stroop_text: text = 'BLUE'
61.5897 	EXP 	fixation_polygon: autoDraw = True
62.0904 	INFO 	Keyboard events cleared
62.0894 	EXP 	fixation_polygon: autoDraw = False
62.0894 	EXP 	Stroop_text: autoDraw = True
62.9577 	EXP 	New trial (rep=10, index=1): <Trial 41 (1 in rep 10) data={'Word': 'RED', 'Colour': 'blue', 'stim_condition': 'I', 'Corr_resp': 'b', 'thisN': 41, 'thisTrialN': 1, 'thisRepN': 10}>
62.9633 	DATA 	Keypress: r
62.9790 	EXP 	fixation_polygon: autoDraw = False
62.9790 	EXP 	Stroop_text: autoDraw = False
62.9790 	EXP 	Stroop_text: foreColor = <psychopy.colors.Color: blue, alpha=1.0>
62.9790 	EXP 	Stroop_text: height = 0.05
62.9790 	EXP 	Stroop_text: height = 0.05
62.9790 	EXP 	Stroop_text: height = 0.05
62.9790 	EXP 	Stroop_text: text = 'RED'
62.9790 	EXP 	fixation_polygon: autoDraw = True
63.4738 	INFO 	Keyboard events cleared
63.4727 	EXP 	fixation_polygon: autoDraw = False
63.4727 	EXP 	Stroop_text: autoDraw = True
63.9082 	EXP 	New trial (rep=10, index=2): <Trial 42 (2 in rep 10) data={'Word': 'RED', 'Colour': 'red', 'stim_condition': 'C', 'Corr_resp': 'r', 'thisN': 42, 'thisTrialN': 2, 'thisRepN': 10}>
63.9111 	DATA 	Keypress: b
63.9223 	EXP 	fixation_polygon: autoDraw = False
63.9223 	EXP 	Stroop_text: autoDraw = False
63.9223 	EXP 	Stroop_text: foreColor = <psychopy.colors.Color: red, alpha=1.0>
63.9223 	EXP 	Stroop_text: text = 'RED'
63.9223 	EXP 	fixation_polygon: autoDraw = True
64.4230 	INFO 	Keyboard events cleared
64.4223 	EXP 	fixation_polygon: autoDraw = False
64.4223 	EXP 	Stroop_text: autoDraw = True
64.9749 	EXP 	New trial (rep=10, index=3): <Trial 43 (3 in rep 10) data={'Word': 'BLUE', 'Colour': 'blue', 'stim_condition': 'C', 'Corr_resp': 'b', 'thisN': 43, 'thisTrialN': 3, 'thisRepN': 10}>
64.9808 	DATA 	Keypress: r
64.9892 	EXP 	fixation_polygon: autoDraw = False
64.9892 	EXP 	Stroop_text: autoDraw = False
64.9892 	EXP 	Stroop_text: foreColor = <psychopy.colors.Color: blue, alpha=1.0>
64.9892 	EXP 	Stroop_text: height = 0.05
64.9892 	EXP 	Stroop_text: height = 0.05
64.9892 	EXP 	Stroop_text: height = 0.05
64.9892 	EXP 	Stroop_text: text = 'BLUE'
64.9892 	EXP 	fixation_polygon: autoDraw = True
65.4898 	INFO 	Keyboard events cleared
65.4891 	EXP 	fixation_polygon: autoDraw = False
65.4891 	EXP 	Stroop_text: autoDraw = True
65.8909 	EXP 	New trial (rep=11, index=0): <Trial 44 (0 in rep 11) data={'Word': 'RED', 'Colour': 'red', 'stim_condition': 'C', 'Corr_resp': 'r', 'thisN': 44, 'thisTrialN': 0, 'thisRepN': 11}>
65.8985 	DATA 	Keypress: b
65.9060 	EXP 	fixation_polygon: autoDraw = False
65.9060 	EXP 	Stroop_text: autoDraw = False
65.9060 	EXP 	Stroop_text: foreColor = <psychopy.colors.Color: red, alpha=1.0>
65.9060 	EXP 	Stroop_text: height = 0.05
65.9060 	EXP 	Stroop_text: height = 0.05
65.9060 	EXP 	Stroop_text: height = 0.05
65.9060 	EXP 	Stroop_text: text = 'RED'
65.9060 	EXP 	fixation_polygon: autoDraw = True
66.4070 	INFO 	Keyboard events cleared
66.4060 	EXP 	fixation_polygon: autoDraw = False
66.4060 	EXP 	Stroop_text: autoDraw = True
67.1097 	EXP 	New trial (rep=11, index=1): <Trial 45 (1 in rep 11) data={'Word': 'RED', 'Colour': 'blue', 'stim_condition': 'I', 'Corr_resp': 'b', 'thisN': 45, 'thisTrialN': 1, 'thisRepN': 11}>
67.1127 	DATA 	Keypress: r
67.1292 	EXP 	fixation_polygon: autoDraw = False
67.1292 	EXP 	Stroop_text: autoDraw = False
67.1292 	EXP 	Stroop_text: foreColor = <psychopy.colors.Color: blue, alpha=1.0>
67.1292 	EXP 	Stroop_text: text = 'RED'
67.1292 	EXP 	fixation_polygon: autoDraw = True
67.6233 	INFO 	Keyboard events cleared
67.6226 	EXP 	fixation_polygon: autoDraw = False
67.6226 	EXP 	Stroop_text: autoDraw = True
68.3917 	EXP 	New trial (rep=11, index=2): <Trial 46 (2 in rep 11) data={'Word': 'BLUE', 'Colour': 'blue', 'stim_condition': 'C', 'Corr_resp': 'b', 'thisN': 46, 'thisTrialN': 2, 'thisRepN': 11}>
68.3976 	DATA 	Keypress: b
68.4058 	EXP 	fixation_polygon: autoDraw = False
68.4058 	EXP 	Stroop_text: autoDraw = False
68.4058 	EXP 	Stroop_text: foreColor = <psychopy.colors.Color: blue, alpha=1.0>
68.4058 	EXP 	Stroop_text: height = 0.05
68.4058 	EXP 	Stroop_text: height = 0.05
68.4058 	EXP 	Stroop_text: height = 0.05
68.4058 	EXP 	Stroop_text: text = 'BLUE'
68.4058 	EXP 	fixation_polygon: autoDraw = True
68.9072 	INFO 	Keyboard events cleared
68.9063 	EXP 	fixation_polygon: autoDraw = False
68.9063 	EXP 	Stroop_text: autoDraw = True
69.4417 	EXP 	New trial (rep=11, index=3): <Trial 47 (3 in rep 11) data={'Word': 'BLUE', 'Colour': 'red', 'stim_condition': 'I', 'Corr_resp': 'r', 'thisN': 47, 'thisTrialN': 3, 'thisRepN': 11}>
69.4454 	DATA 	Keypress: b
69.4559 	EXP 	fixation_polygon: autoDraw = False
69.4559 	EXP 	Stroop_text: autoDraw = False
69.4559 	EXP 	Stroop_text: foreColor = <psychopy.colors.Color: red, alpha=1.0>
69.4559 	EXP 	Stroop_text: text = 'BLUE'
69.4559 	EXP 	fixation_polygon: autoDraw = True
69.9565 	INFO 	Keyboard events cleared
69.9558 	EXP 	fixation_polygon: autoDraw = False
69.9558 	EXP 	Stroop_text: autoDraw = True
70.5427 	EXP 	New trial (rep=12, index=0): <Trial 48 (0 in rep 12) data={'Word': 'RED', 'Colour': 'blue', 'stim_condition': 'I', 'Corr_resp': 'b', 'thisN': 48, 'thisTrialN': 0, 'thisRepN': 12}>
70.5508 	DATA 	Keypress: r
70.5559 	EXP 	fixation_polygon: autoDraw = False
70.5559 	EXP 	Stroop_text: autoDraw = False
70.5559 	EXP 	Stroop_text: foreColor = <psychopy.colors.Color: blue, alpha=1.0>
70.5559 	EXP 	Stroop_text: height = 0.05
70.5559 	EXP 	Stroop_text: height = 0.05
70.5559 	EXP 	Stroop_text: height = 0.05
70.5559 	EXP 	Stroop_text: text = 'RED'
70.5559 	EXP 	fixation_polygon: autoDraw = True
71.0563 	INFO 	Keyboard events cleared
71.0557 	EXP 	fixation_polygon: autoDraw = False
71.0557 	EXP 	Stroop_text: autoDraw = True
71.5409 	EXP 	New trial (rep=12, index=1): <Trial 49 (1 in rep 12) data={'Word': 'RED', 'Colour': 'red', 'stim_condition': 'C', 'Corr_resp': 'r', 'thisN': 49, 'thisTrialN': 1, 'thisRepN': 12}>
71.5435 	DATA 	Keypress: b
71.5558 	EXP 	fixation_polygon: autoDraw = False
71.5558 	EXP 	Stroop_text: autoDraw = False
71.5558 	EXP 	Stroop_text: foreColor = <psychopy.colors.Color: red, alpha=1.0>
71.5558 	EXP 	Stroop_text: text = 'RED'
71.5558 	EXP 	fixation_polygon: autoDraw = True
72.0568 	INFO 	Keyboard events cleared
72.0560 	EXP 	fixation_polygon: autoDraw = False
72.0560 	EXP 	Stroop_text: autoDraw = True
72.5135 	EXP 	New trial (rep=12, index=2): <Trial 50 (2 in rep 12) data={'Word': 'BLUE', 'Colour': 'red', 'stim_condition': 'I', 'Corr_resp': 'r', 'thisN': 50, 'thisTrialN': 2, 'thisRepN': 12}>
72.5197 	DATA 	Keypress: r
72.5225 	EXP 	fixation_polygon: autoDraw = False
72.5225 	EXP 	Stroop_text: autoDraw = False
72.5225 	EXP 	Stroop_text: foreColor = <psychopy.colors.Color: red, alpha=1.0>
72.5225 	EXP 	Stroop_text: height = 0.05
72.5225 	EXP 	Stroop_text: height = 0.05
72.5225 	EXP 	Stroop_text: height = 0.05
72.5225 	EXP 	Stroop_text: text = 'BLUE'
72.5225 	EXP 	fixation_polygon: autoDraw = True
73.1215 	INFO 	Keyboard events cleared
73.1209 	EXP 	fixation_polygon: autoDraw = False
73.1209 	EXP 	Stroop_text: autoDraw = True
73.8914 	EXP 	New trial (rep=12, index=3): <Trial 51 (3 in rep 12) data={'Word': 'BLUE', 'Colour': 'blue', 'stim_condition': 'C', 'Corr_resp': 'b', 'thisN': 51, 'thisTrialN': 3, 'thisRepN': 12}>
73.8937 	DATA 	Keypress: b
73.9060 	EXP 	fixation_polygon: autoDraw = False
73.9060 	EXP 	Stroop_text: autoDraw = False
73.9060 	EXP 	Stroop_text: foreColor = <psychopy.colors.Color: blue, alpha=1.0>
73.9060 	EXP 	Stroop_text: text = 'BLUE'
73.9060 	EXP 	fixation_polygon: autoDraw = True
74.4063 	INFO 	Keyboard events cleared
74.4056 	EXP 	fixation_polygon: autoDraw = False
74.4056 	EXP 	Stroop_text: autoDraw = True
75.1080 	EXP 	New trial (rep=13, index=0): <Trial 52 (0 in rep 13) data={'Word': 'RED', 'Colour': 'blue', 'stim_condition': 'I', 'Corr_resp': 'b', 'thisN': 52, 'thisTrialN': 0, 'thisRepN': 13}>
75.1165 	DATA 	Keypress: b
75.1221 	EXP 	fixation_polygon: autoDraw = False
75.1221 	EXP 	Stroop_text: autoDraw = False
75.1221 	EXP 	Stroop_text: foreColor = <psychopy.colors.Color: blue, alpha=1.0>
75.1221 	EXP 	Stroop_text: height = 0.05
75.1221 	EXP 	Stroop_text: height = 0.05
75.1221 	EXP 	Stroop_text: height = 0.05
75.1221 	EXP 	Stroop_text: text = 'RED'
75.1221 	EXP 	fixation_polygon: autoDraw = True
75.6235 	INFO 	Keyboard events cleared
75.6224 	EXP 	fixation_polygon: autoDraw = False
75.6224 	EXP 	Stroop_text: autoDraw = True
76.1766 	EXP 	New trial (rep=13, index=1): <Trial 53 (1 in rep 13) data={'Word': 'RED', 'Colour': 'red', 'stim_condition': 'C', 'Corr_resp': 'r', 'thisN': 53, 'thisTrialN': 1, 'thisRepN': 13}>
76.1814 	DATA 	Keypress: r
76.1889 	EXP 	fixation_polygon: autoDraw = False
76.1889 	EXP 	Stroop_text: autoDraw = False
76.1889 	EXP 	Stroop_text: foreColor = <psychopy.colors.Color: red, alpha=1.0>
76.1889 	EXP 	Stroop_text: text = 'RED'
76.1889 	EXP 	fixation_polygon: autoDraw = True
76.6897 	INFO 	Keyboard events cleared
76.6889 	EXP 	fixation_polygon: autoDraw = False
76.6889 	EXP 	Stroop_text: autoDraw = True
77.9111 	EXP 	New trial (rep=13, index=2): <Trial 54 (2 in rep 13) data={'Word': 'BLUE', 'Colour': 'blue', 'stim_condition': 'C', 'Corr_resp': 'b', 'thisN': 54, 'thisTrialN': 2, 'thisRepN': 13}>
77.9192 	DATA 	Keypress: r
77.9222 	EXP 	fixation_polygon: autoDraw = False
77.9222 	EXP 	Stroop_text: autoDraw = False
77.9222 	EXP 	Stroop_text: foreColor = <psychopy.colors.Color: blue, alpha=1.0>
77.9222 	EXP 	Stroop_text: height = 0.05
77.9222 	EXP 	Stroop_text: height = 0.05
77.9222 	EXP 	Stroop_text: height = 0.05
77.9222 	EXP 	Stroop_text: text = 'BLUE'
77.9222 	EXP 	fixation_polygon: autoDraw = True
78.4244 	INFO 	Keyboard events cleared
78.4226 	EXP 	fixation_polygon: autoDraw = False
78.4226 	EXP 	Stroop_text: autoDraw = True
79.0247 	EXP 	New trial (rep=13, index=3): <Trial 55 (3 in rep 13) data={'Word': 'BLUE', 'Colour': 'red', 'stim_condition': 'I', 'Corr_resp': 'r', 'thisN': 55, 'thisTrialN': 3, 'thisRepN': 13}>
79.0271 	DATA 	Keypress: b
79.0394 	EXP 	fixation_polygon: autoDraw = False
79.0394 	EXP 	Stroop_text: autoDraw = False
79.0394 	EXP 	Stroop_text: foreColor = <psychopy.colors.Color: red, alpha=1.0>
79.0394 	EXP 	Stroop_text: text = 'BLUE'
79.0394 	EXP 	fixation_polygon: autoDraw = True
79.5394 	INFO 	Keyboard events cleared
79.5388 	EXP 	fixation_polygon: autoDraw = False
79.5388 	EXP 	Stroop_text: autoDraw = True
80.2614 	DATA 	Keypress: b
80.2752 	EXP 	New trial (rep=14, index=0): <Trial 56 (0 in rep 14) data={'Word': 'RED', 'Colour': 'red', 'stim_condition': 'C', 'Corr_resp': 'r', 'thisN': 56, 'thisTrialN': 0, 'thisRepN': 14}>
80.2890 	EXP 	fixation_polygon: autoDraw = False
80.2890 	EXP 	Stroop_text: autoDraw = False
80.2890 	EXP 	Stroop_text: foreColor = <psychopy.colors.Color: red, alpha=1.0>
80.2890 	EXP 	Stroop_text: height = 0.05
80.2890 	EXP 	Stroop_text: height = 0.05
80.2890 	EXP 	Stroop_text: height = 0.05
80.2890 	EXP 	Stroop_text: text = 'RED'
80.2890 	EXP 	fixation_polygon: autoDraw = True
80.7896 	INFO 	Keyboard events cleared
80.7889 	EXP 	fixation_polygon: autoDraw = False
80.7889 	EXP 	Stroop_text: autoDraw = True
82.1246 	EXP 	New trial (rep=14, index=1): <Trial 57 (1 in rep 14) data={'Word': 'BLUE', 'Colour': 'red', 'stim_condition': 'I', 'Corr_resp': 'r', 'thisN': 57, 'thisTrialN': 1, 'thisRepN': 14}>
82.1308 	DATA 	Keypress: r
82.1387 	EXP 	fixation_polygon: autoDraw = False
82.1387 	EXP 	Stroop_text: autoDraw = False
82.1387 	EXP 	Stroop_text: foreColor = <psychopy.colors.Color: red, alpha=1.0>
82.1387 	EXP 	Stroop_text: height = 0.05
82.1387 	EXP 	Stroop_text: height = 0.05
82.1387 	EXP 	Stroop_text: height = 0.05
82.1387 	EXP 	Stroop_text: text = 'BLUE'
82.1387 	EXP 	fixation_polygon: autoDraw = True
82.6405 	INFO 	Keyboard events cleared
82.6396 	EXP 	fixation_polygon: autoDraw = False
82.6396 	EXP 	Stroop_text: autoDraw = True
83.2600 	EXP 	New trial (rep=14, index=2): <Trial 58 (2 in rep 14) data={'Word': 'BLUE', 'Colour': 'blue', 'stim_condition': 'C', 'Corr_resp': 'b', 'thisN': 58, 'thisTrialN': 2, 'thisRepN': 14}>
83.2628 	DATA 	Keypress: r
83.2728 	EXP 	fixation_polygon: autoDraw = False
83.2728 	EXP 	Stroop_text: autoDraw = False
83.2728 	EXP 	Stroop_text: foreColor = <psychopy.colors.Color: blue, alpha=1.0>
83.2728 	EXP 	Stroop_text: text = 'BLUE'
83.2728 	EXP 	fixation_polygon: autoDraw = True
83.7736 	INFO 	Keyboard events cleared
83.7725 	EXP 	fixation_polygon: autoDraw = False
83.7725 	EXP 	Stroop_text: autoDraw = True
84.4247 	EXP 	New trial (rep=14, index=3): <Trial 59 (3 in rep 14) data={'Word': 'RED', 'Colour': 'blue', 'stim_condition': 'I', 'Corr_resp': 'b', 'thisN': 59, 'thisTrialN': 3, 'thisRepN': 14}>
84.4333 	DATA 	Keypress: b
84.4390 	EXP 	fixation_polygon: autoDraw = False
84.4390 	EXP 	Stroop_text: autoDraw = False
84.4390 	EXP 	Stroop_text: foreColor = <psychopy.colors.Color: blue, alpha=1.0>
84.4390 	EXP 	Stroop_text: height = 0.05
84.4390 	EXP 	Stroop_text: height = 0.05
84.4390 	EXP 	Stroop_text: height = 0.05
84.4390 	EXP 	Stroop_text: text = 'RED'
84.4390 	EXP 	fixation_polygon: autoDraw = True
84.9410 	INFO 	Keyboard events cleared
84.9391 	EXP 	fixation_polygon: autoDraw = False
84.9391 	EXP 	Stroop_text: autoDraw = True
85.6461 	DATA 	Keypress: b
85.6587 	EXP 	New trial (rep=15, index=0): <Trial 60 (0 in rep 15) data={'Word': 'RED', 'Colour': 'red', 'stim_condition': 'C', 'Corr_resp': 'r', 'thisN': 60, 'thisTrialN': 0, 'thisRepN': 15}>
85.6727 	EXP 	fixation_polygon: autoDraw = False
85.6727 	EXP 	Stroop_text: autoDraw = False
85.6727 	EXP 	Stroop_text: foreColor = <psychopy.colors.Color: red, alpha=1.0>
85.6727 	EXP 	Stroop_text: text = 'RED'
85.6727 	EXP 	fixation_polygon: autoDraw = True
86.1731 	INFO 	Keyboard events cleared
86.1722 	EXP 	fixation_polygon: autoDraw = False
86.1722 	EXP 	Stroop_text: autoDraw = True
86.7077 	EXP 	New trial (rep=15, index=1): <Trial 61 (1 in rep 15) data={'Word': 'BLUE', 'Colour': 'blue', 'stim_condition': 'C', 'Corr_resp': 'b', 'thisN': 61, 'thisTrialN': 1, 'thisRepN': 15}>
86.7137 	DATA 	Keypress: r
86.7221 	EXP 	fixation_polygon: autoDraw = False
86.7221 	EXP 	Stroop_text: autoDraw = False
86.7221 	EXP 	Stroop_text: foreColor = <psychopy.colors.Color: blue, alpha=1.0>
86.7221 	EXP 	Stroop_text: height = 0.05
86.7221 	EXP 	Stroop_text: height = 0.05
86.7221 	EXP 	Stroop_text: height = 0.05
86.7221 	EXP 	Stroop_text: text = 'BLUE'
86.7221 	EXP 	fixation_polygon: autoDraw = True
87.2228 	INFO 	Keyboard events cleared
87.2222 	EXP 	fixation_polygon: autoDraw = False
87.2222 	EXP 	Stroop_text: autoDraw = True
87.8412 	EXP 	New trial (rep=15, index=2): <Trial 62 (2 in rep 15) data={'Word': 'BLUE', 'Colour': 'red', 'stim_condition': 'I', 'Corr_resp': 'r', 'thisN': 62, 'thisTrialN': 2, 'thisRepN': 15}>
87.8437 	DATA 	Keypress: b
87.8554 	EXP 	fixation_polygon: autoDraw = False
87.8554 	EXP 	Stroop_text: autoDraw = False
87.8554 	EXP 	Stroop_text: foreColor = <psychopy.colors.Color: red, alpha=1.0>
87.8554 	EXP 	Stroop_text: text = 'BLUE'
87.8554 	EXP 	fixation_polygon: autoDraw = True
88.3562 	INFO 	Keyboard events cleared
88.3554 	EXP 	fixation_polygon: autoDraw = False
88.3554 	EXP 	Stroop_text: autoDraw = True
89.0925 	EXP 	New trial (rep=15, index=3): <Trial 63 (3 in rep 15) data={'Word': 'RED', 'Colour': 'blue', 'stim_condition': 'I', 'Corr_resp': 'b', 'thisN': 63, 'thisTrialN': 3, 'thisRepN': 15}>
89.0983 	DATA 	Keypress: r
89.1057 	EXP 	fixation_polygon: autoDraw = False
89.1057 	EXP 	Stroop_text: autoDraw = False
89.1057 	EXP 	Stroop_text: foreColor = <psychopy.colors.Color: blue, alpha=1.0>
89.1057 	EXP 	Stroop_text: height = 0.05
89.1057 	EXP 	Stroop_text: height = 0.05
89.1057 	EXP 	Stroop_text: height = 0.05
89.1057 	EXP 	Stroop_text: text = 'RED'
89.1057 	EXP 	fixation_polygon: autoDraw = True
89.6063 	INFO 	Keyboard events cleared
89.6054 	EXP 	fixation_polygon: autoDraw = False
89.6054 	EXP 	Stroop_text: autoDraw = True
90.3757 	EXP 	New trial (rep=16, index=0): <Trial 64 (0 in rep 16) data={'Word': 'RED', 'Colour': 'blue', 'stim_condition': 'I', 'Corr_resp': 'b', 'thisN': 64, 'thisTrialN': 0, 'thisRepN': 16}>
90.3782 	DATA 	Keypress: b
90.3888 	EXP 	fixation_polygon: autoDraw = False
90.3888 	EXP 	Stroop_text: autoDraw = False
90.3888 	EXP 	Stroop_text: foreColor = <psychopy.colors.Color: blue, alpha=1.0>
90.3888 	EXP 	Stroop_text: text = 'RED'
90.3888 	EXP 	fixation_polygon: autoDraw = True
90.8896 	INFO 	Keyboard events cleared
90.8890 	EXP 	fixation_polygon: autoDraw = False
90.8890 	EXP 	Stroop_text: autoDraw = True
91.4761 	DATA 	Keypress: b
91.5330 	EXP 	New trial (rep=16, index=1): <Trial 65 (1 in rep 16) data={'Word': 'BLUE', 'Colour': 'blue', 'stim_condition': 'C', 'Corr_resp': 'b', 'thisN': 65, 'thisTrialN': 1, 'thisRepN': 16}>
91.5432 	EXP 	fixation_polygon: autoDraw = False
91.5432 	EXP 	Stroop_text: autoDraw = False
91.5432 	EXP 	Stroop_text: foreColor = <psychopy.colors.Color: blue, alpha=1.0>
91.5432 	EXP 	Stroop_text: height = 0.05
91.5432 	EXP 	Stroop_text: height = 0.05
91.5432 	EXP 	Stroop_text: height = 0.05
91.5432 	EXP 	Stroop_text: text = 'BLUE'
91.5432 	EXP 	fixation_polygon: autoDraw = True
92.0401 	INFO 	Keyboard events cleared
92.0391 	EXP 	fixation_polygon: autoDraw = False
92.0391 	EXP 	Stroop_text: autoDraw = True
92.5084 	EXP 	New trial (rep=16, index=2): <Trial 66 (2 in rep 16) data={'Word': 'RED', 'Colour': 'red', 'stim_condition': 'C', 'Corr_resp': 'r', 'thisN': 66, 'thisTrialN': 2, 'thisRepN': 16}>
92.5149 	DATA 	Keypress: b
92.5221 	EXP 	fixation_polygon: autoDraw = False
92.5221 	EXP 	Stroop_text: autoDraw = False
92.5221 	EXP 	Stroop_text: foreColor = <psychopy.colors.Color: red, alpha=1.0>
92.5221 	EXP 	Stroop_text: height = 0.05
92.5221 	EXP 	Stroop_text: height = 0.05
92.5221 	EXP 	Stroop_text: height = 0.05
92.5221 	EXP 	Stroop_text: text = 'RED'
92.5221 	EXP 	fixation_polygon: autoDraw = True
93.0231 	INFO 	Keyboard events cleared
93.0223 	EXP 	fixation_polygon: autoDraw = False
93.0223 	EXP 	Stroop_text: autoDraw = True
93.8428 	EXP 	New trial (rep=16, index=3): <Trial 67 (3 in rep 16) data={'Word': 'BLUE', 'Colour': 'red', 'stim_condition': 'I', 'Corr_resp': 'r', 'thisN': 67, 'thisTrialN': 3, 'thisRepN': 16}>
93.8494 	DATA 	Keypress: r
93.8560 	EXP 	fixation_polygon: autoDraw = False
93.8560 	EXP 	Stroop_text: autoDraw = False
93.8560 	EXP 	Stroop_text: foreColor = <psychopy.colors.Color: red, alpha=1.0>
93.8560 	EXP 	Stroop_text: height = 0.05
93.8560 	EXP 	Stroop_text: height = 0.05
93.8560 	EXP 	Stroop_text: height = 0.05
93.8560 	EXP 	Stroop_text: text = 'BLUE'
93.8560 	EXP 	fixation_polygon: autoDraw = True
94.3603 	INFO 	Keyboard events cleared
94.3594 	EXP 	fixation_polygon: autoDraw = False
94.3594 	EXP 	Stroop_text: autoDraw = True
94.9927 	EXP 	New trial (rep=17, index=0): <Trial 68 (0 in rep 17) data={'Word': 'BLUE', 'Colour': 'blue', 'stim_condition': 'C', 'Corr_resp': 'b', 'thisN': 68, 'thisTrialN': 0, 'thisRepN': 17}>
94.9954 	DATA 	Keypress: r
95.0054 	EXP 	fixation_polygon: autoDraw = False
95.0054 	EXP 	Stroop_text: autoDraw = False
95.0054 	EXP 	Stroop_text: foreColor = <psychopy.colors.Color: blue, alpha=1.0>
95.0054 	EXP 	Stroop_text: text = 'BLUE'
95.0054 	EXP 	fixation_polygon: autoDraw = True
95.5060 	INFO 	Keyboard events cleared
95.5053 	EXP 	fixation_polygon: autoDraw = False
95.5053 	EXP 	Stroop_text: autoDraw = True
96.1278 	DATA 	Keypress: b
96.1400 	EXP 	New trial (rep=17, index=1): <Trial 69 (1 in rep 17) data={'Word': 'BLUE', 'Colour': 'red', 'stim_condition': 'I', 'Corr_resp': 'r', 'thisN': 69, 'thisTrialN': 1, 'thisRepN': 17}>
96.1555 	EXP 	fixation_polygon: autoDraw = False
96.1555 	EXP 	Stroop_text: autoDraw = False
96.1555 	EXP 	Stroop_text: foreColor = <psychopy.colors.Color: red, alpha=1.0>
96.1555 	EXP 	Stroop_text: text = 'BLUE'
96.1555 	EXP 	fixation_polygon: autoDraw = True
96.6395 	INFO 	Keyboard events cleared
96.6386 	EXP 	fixation_polygon: autoDraw = False
96.6386 	EXP 	Stroop_text: autoDraw = True
99.0750 	EXP 	New trial (rep=17, index=2): <Trial 70 (2 in rep 17) data={'Word': 'RED', 'Colour': 'red', 'stim_condition': 'C', 'Corr_resp': 'r', 'thisN': 70, 'thisTrialN': 2, 'thisRepN': 17}>
99.0808 	DATA 	Keypress: r
99.0884 	EXP 	fixation_polygon: autoDraw = False
99.0884 	EXP 	Stroop_text: autoDraw = False
99.0884 	EXP 	Stroop_text: foreColor = <psychopy.colors.Color: red, alpha=1.0>
99.0884 	EXP 	Stroop_text: height = 0.05
99.0884 	EXP 	Stroop_text: height = 0.05
99.0884 	EXP 	Stroop_text: height = 0.05
99.0884 	EXP 	Stroop_text: text = 'RED'
99.0884 	EXP 	fixation_polygon: autoDraw = True
99.5902 	INFO 	Keyboard events cleared
99.5889 	EXP 	fixation_polygon: autoDraw = False
99.5889 	EXP 	Stroop_text: autoDraw = True
100.0081 	EXP 	New trial (rep=17, index=3): <Trial 71 (3 in rep 17) data={'Word': 'RED', 'Colour': 'blue', 'stim_condition': 'I', 'Corr_resp': 'b', 'thisN': 71, 'thisTrialN': 3, 'thisRepN': 17}>
100.0110 	DATA 	Keypress: r
100.0219 	EXP 	fixation_polygon: autoDraw = False
100.0219 	EXP 	Stroop_text: autoDraw = False
100.0219 	EXP 	Stroop_text: foreColor = <psychopy.colors.Color: blue, alpha=1.0>
100.0219 	EXP 	Stroop_text: text = 'RED'
100.0219 	EXP 	fixation_polygon: autoDraw = True
100.5234 	INFO 	Keyboard events cleared
100.5224 	EXP 	fixation_polygon: autoDraw = False
100.5224 	EXP 	Stroop_text: autoDraw = True
100.9911 	EXP 	New trial (rep=18, index=0): <Trial 72 (0 in rep 18) data={'Word': 'RED', 'Colour': 'blue', 'stim_condition': 'I', 'Corr_resp': 'b', 'thisN': 72, 'thisTrialN': 0, 'thisRepN': 18}>
100.9933 	DATA 	Keypress: b
101.0056 	EXP 	fixation_polygon: autoDraw = False
101.0056 	EXP 	Stroop_text: autoDraw = False
101.0056 	EXP 	Stroop_text: foreColor = <psychopy.colors.Color: blue, alpha=1.0>
101.0056 	EXP 	Stroop_text: text = 'RED'
101.0056 	EXP 	fixation_polygon: autoDraw = True
101.5063 	INFO 	Keyboard events cleared
101.5055 	EXP 	fixation_polygon: autoDraw = False
101.5055 	EXP 	Stroop_text: autoDraw = True
101.9575 	EXP 	New trial (rep=18, index=1): <Trial 73 (1 in rep 18) data={'Word': 'RED', 'Colour': 'red', 'stim_condition': 'C', 'Corr_resp': 'r', 'thisN': 73, 'thisTrialN': 1, 'thisRepN': 18}>
101.9606 	DATA 	Keypress: b
101.9718 	EXP 	fixation_polygon: autoDraw = False
101.9718 	EXP 	Stroop_text: autoDraw = False
101.9718 	EXP 	Stroop_text: foreColor = <psychopy.colors.Color: red, alpha=1.0>
101.9718 	EXP 	Stroop_text: text = 'RED'
101.9718 	EXP 	fixation_polygon: autoDraw = True
102.4726 	INFO 	Keyboard events cleared
102.4719 	EXP 	fixation_polygon: autoDraw = False
102.4719 	EXP 	Stroop_text: autoDraw = True
102.9586 	EXP 	New trial (rep=18, index=2): <Trial 74 (2 in rep 18) data={'Word': 'BLUE', 'Colour': 'blue', 'stim_condition': 'C', 'Corr_resp': 'b', 'thisN': 74, 'thisTrialN': 2, 'thisRepN': 18}>
102.9649 	DATA 	Keypress: r
102.9719 	EXP 	fixation_polygon: autoDraw = False
102.9719 	EXP 	Stroop_text: autoDraw = False
102.9719 	EXP 	Stroop_text: foreColor = <psychopy.colors.Color: blue, alpha=1.0>
102.9719 	EXP 	Stroop_text: height = 0.05
102.9719 	EXP 	Stroop_text: height = 0.05
102.9719 	EXP 	Stroop_text: height = 0.05
102.9719 	EXP 	Stroop_text: text = 'BLUE'
102.9719 	EXP 	fixation_polygon: autoDraw = True
103.4734 	INFO 	Keyboard events cleared
103.4724 	EXP 	fixation_polygon: autoDraw = False
103.4724 	EXP 	Stroop_text: autoDraw = True
103.8904 	EXP 	New trial (rep=18, index=3): <Trial 75 (3 in rep 18) data={'Word': 'BLUE', 'Colour': 'red', 'stim_condition': 'I', 'Corr_resp': 'r', 'thisN': 75, 'thisTrialN': 3, 'thisRepN': 18}>
103.8927 	DATA 	Keypress: b
103.9055 	EXP 	fixation_polygon: autoDraw = False
103.9055 	EXP 	Stroop_text: autoDraw = False
103.9055 	EXP 	Stroop_text: foreColor = <psychopy.colors.Color: red, alpha=1.0>
103.9055 	EXP 	Stroop_text: text = 'BLUE'
103.9055 	EXP 	fixation_polygon: autoDraw = True
104.4068 	INFO 	Keyboard events cleared
104.4057 	EXP 	fixation_polygon: autoDraw = False
104.4057 	EXP 	Stroop_text: autoDraw = True
105.0415 	EXP 	New trial (rep=19, index=0): <Trial 76 (0 in rep 19) data={'Word': 'BLUE', 'Colour': 'red', 'stim_condition': 'I', 'Corr_resp': 'r', 'thisN': 76, 'thisTrialN': 0, 'thisRepN': 19}>
105.0439 	DATA 	Keypress: r
105.0553 	EXP 	fixation_polygon: autoDraw = False
105.0553 	EXP 	Stroop_text: autoDraw = False
105.0553 	EXP 	Stroop_text: foreColor = <psychopy.colors.Color: red, alpha=1.0>
105.0553 	EXP 	Stroop_text: text = 'BLUE'
105.0553 	EXP 	fixation_polygon: autoDraw = True
105.5558 	INFO 	Keyboard events cleared
105.5551 	EXP 	fixation_polygon: autoDraw = False
105.5551 	EXP 	Stroop_text: autoDraw = True
106.1237 	EXP 	New trial (rep=19, index=1): <Trial 77 (1 in rep 19) data={'Word': 'BLUE', 'Colour': 'blue', 'stim_condition': 'C', 'Corr_resp': 'b', 'thisN': 77, 'thisTrialN': 1, 'thisRepN': 19}>
106.1261 	DATA 	Keypress: r
106.1385 	EXP 	fixation_polygon: autoDraw = False
106.1385 	EXP 	Stroop_text: autoDraw = False
106.1385 	EXP 	Stroop_text: foreColor = <psychopy.colors.Color: blue, alpha=1.0>
106.1385 	EXP 	Stroop_text: text = 'BLUE'
106.1385 	EXP 	fixation_polygon: autoDraw = True
106.6396 	INFO 	Keyboard events cleared
106.6386 	EXP 	fixation_polygon: autoDraw = False
106.6386 	EXP 	Stroop_text: autoDraw = True
107.0741 	EXP 	New trial (rep=19, index=2): <Trial 78 (2 in rep 19) data={'Word': 'RED', 'Colour': 'blue', 'stim_condition': 'I', 'Corr_resp': 'b', 'thisN': 78, 'thisTrialN': 2, 'thisRepN': 19}>
107.0796 	DATA 	Keypress: b
107.0885 	EXP 	fixation_polygon: autoDraw = False
107.0885 	EXP 	Stroop_text: autoDraw = False
107.0885 	EXP 	Stroop_text: foreColor = <psychopy.colors.Color: blue, alpha=1.0>
107.0885 	EXP 	Stroop_text: height = 0.05
107.0885 	EXP 	Stroop_text: height = 0.05
107.0885 	EXP 	Stroop_text: height = 0.05
107.0885 	EXP 	Stroop_text: text = 'RED'
107.0885 	EXP 	fixation_polygon: autoDraw = True
107.5892 	INFO 	Keyboard events cleared
107.5884 	EXP 	fixation_polygon: autoDraw = False
107.5884 	EXP 	Stroop_text: autoDraw = True
108.2088 	EXP 	New trial (rep=19, index=3): <Trial 79 (3 in rep 19) data={'Word': 'RED', 'Colour': 'red', 'stim_condition': 'C', 'Corr_resp': 'r', 'thisN': 79, 'thisTrialN': 3, 'thisRepN': 19}>
108.2117 	DATA 	Keypress: b
108.2217 	EXP 	fixation_polygon: autoDraw = False
108.2217 	EXP 	Stroop_text: autoDraw = False
108.2217 	EXP 	Stroop_text: foreColor = <psychopy.colors.Color: red, alpha=1.0>
108.2217 	EXP 	Stroop_text: text = 'RED'
108.2217 	EXP 	fixation_polygon: autoDraw = True
108.7235 	INFO 	Keyboard events cleared
108.7225 	EXP 	fixation_polygon: autoDraw = False
108.7225 	EXP 	Stroop_text: autoDraw = True
109.1587 	DATA 	Keypress: r
109.1746 	EXP 	New trial (rep=20, index=0): <Trial 80 (0 in rep 20) data={'Word': 'RED', 'Colour': 'red', 'stim_condition': 'C', 'Corr_resp': 'r', 'thisN': 80, 'thisTrialN': 0, 'thisRepN': 20}>
109.1888 	EXP 	fixation_polygon: autoDraw = False
109.1888 	EXP 	Stroop_text: autoDraw = False
109.1888 	EXP 	Stroop_text: foreColor = <psychopy.colors.Color: red, alpha=1.0>
109.1888 	EXP 	Stroop_text: text = 'RED'
109.1888 	EXP 	fixation_polygon: autoDraw = True
109.6892 	INFO 	Keyboard events cleared
109.6883 	EXP 	fixation_polygon: autoDraw = False
109.6883 	EXP 	Stroop_text: autoDraw = True
110.2089 	EXP 	New trial (rep=20, index=1): <Trial 81 (1 in rep 20) data={'Word': 'RED', 'Colour': 'blue', 'stim_condition': 'I', 'Corr_resp': 'b', 'thisN': 81, 'thisTrialN': 1, 'thisRepN': 20}>
110.2121 	DATA 	Keypress: r
110.2219 	EXP 	fixation_polygon: autoDraw = False
110.2219 	EXP 	Stroop_text: autoDraw = False
110.2219 	EXP 	Stroop_text: foreColor = <psychopy.colors.Color: blue, alpha=1.0>
110.2219 	EXP 	Stroop_text: text = 'RED'
110.2219 	EXP 	fixation_polygon: autoDraw = True
110.7228 	INFO 	Keyboard events cleared
110.7219 	EXP 	fixation_polygon: autoDraw = False
110.7219 	EXP 	Stroop_text: autoDraw = True
111.2241 	EXP 	New trial (rep=20, index=2): <Trial 82 (2 in rep 20) data={'Word': 'BLUE', 'Colour': 'blue', 'stim_condition': 'C', 'Corr_resp': 'b', 'thisN': 82, 'thisTrialN': 2, 'thisRepN': 20}>
111.2333 	DATA 	Keypress: b
111.2381 	EXP 	fixation_polygon: autoDraw = False
111.2381 	EXP 	Stroop_text: autoDraw = False
111.2381 	EXP 	Stroop_text: foreColor = <psychopy.colors.Color: blue, alpha=1.0>
111.2381 	EXP 	Stroop_text: height = 0.05
111.2381 	EXP 	Stroop_text: height = 0.05
111.2381 	EXP 	Stroop_text: height = 0.05
111.2381 	EXP 	Stroop_text: text = 'BLUE'
111.2381 	EXP 	fixation_polygon: autoDraw = True
111.7391 	INFO 	Keyboard events cleared
111.7383 	EXP 	fixation_polygon: autoDraw = False
111.7383 	EXP 	Stroop_text: autoDraw = True
112.1097 	EXP 	New trial (rep=20, index=3): <Trial 83 (3 in rep 20) data={'Word': 'BLUE', 'Colour': 'red', 'stim_condition': 'I', 'Corr_resp': 'r', 'thisN': 83, 'thisTrialN': 3, 'thisRepN': 20}>
112.1124 	DATA 	Keypress: b
112.1221 	EXP 	fixation_polygon: autoDraw = False
112.1221 	EXP 	Stroop_text: autoDraw = False
112.1221 	EXP 	Stroop_text: foreColor = <psychopy.colors.Color: red, alpha=1.0>
112.1221 	EXP 	Stroop_text: text = 'BLUE'
112.1221 	EXP 	fixation_polygon: autoDraw = True
112.6234 	INFO 	Keyboard events cleared
112.6224 	EXP 	fixation_polygon: autoDraw = False
112.6224 	EXP 	Stroop_text: autoDraw = True
113.1102 	EXP 	New trial (rep=21, index=0): <Trial 84 (0 in rep 21) data={'Word': 'RED', 'Colour': 'red', 'stim_condition': 'C', 'Corr_resp': 'r', 'thisN': 84, 'thisTrialN': 0, 'thisRepN': 21}>
113.1185 	DATA 	Keypress: r
113.1215 	EXP 	fixation_polygon: autoDraw = False
113.1215 	EXP 	Stroop_text: autoDraw = False
113.1215 	EXP 	Stroop_text: foreColor = <psychopy.colors.Color: red, alpha=1.0>
113.1215 	EXP 	Stroop_text: height = 0.05
113.1215 	EXP 	Stroop_text: height = 0.05
113.1215 	EXP 	Stroop_text: height = 0.05
113.1215 	EXP 	Stroop_text: text = 'RED'
113.1215 	EXP 	fixation_polygon: autoDraw = True
113.6230 	INFO 	Keyboard events cleared
113.6220 	EXP 	fixation_polygon: autoDraw = False
113.6220 	EXP 	Stroop_text: autoDraw = True
114.1296 	DATA 	Keypress: r
114.1412 	EXP 	New trial (rep=21, index=1): <Trial 85 (1 in rep 21) data={'Word': 'BLUE', 'Colour': 'red', 'stim_condition': 'I', 'Corr_resp': 'r', 'thisN': 85, 'thisTrialN': 1, 'thisRepN': 21}>
114.1552 	EXP 	fixation_polygon: autoDraw = False
114.1552 	EXP 	Stroop_text: autoDraw = False
114.1552 	EXP 	Stroop_text: foreColor = <psychopy.colors.Color: red, alpha=1.0>
114.1552 	EXP 	Stroop_text: height = 0.05
114.1552 	EXP 	Stroop_text: height = 0.05
114.1552 	EXP 	Stroop_text: height = 0.05
114.1552 	EXP 	Stroop_text: text = 'BLUE'
114.1552 	EXP 	fixation_polygon: autoDraw = True
114.6570 	INFO 	Keyboard events cleared
114.6559 	EXP 	fixation_polygon: autoDraw = False
114.6559 	EXP 	Stroop_text: autoDraw = True
115.1411 	EXP 	New trial (rep=21, index=2): <Trial 86 (2 in rep 21) data={'Word': 'RED', 'Colour': 'blue', 'stim_condition': 'I', 'Corr_resp': 'b', 'thisN': 86, 'thisTrialN': 2, 'thisRepN': 21}>
115.1475 	DATA 	Keypress: r
115.1551 	EXP 	fixation_polygon: autoDraw = False
115.1551 	EXP 	Stroop_text: autoDraw = False
115.1551 	EXP 	Stroop_text: foreColor = <psychopy.colors.Color: blue, alpha=1.0>
115.1551 	EXP 	Stroop_text: height = 0.05
115.1551 	EXP 	Stroop_text: height = 0.05
115.1551 	EXP 	Stroop_text: height = 0.05
115.1551 	EXP 	Stroop_text: text = 'RED'
115.1551 	EXP 	fixation_polygon: autoDraw = True
115.6569 	INFO 	Keyboard events cleared
115.6556 	EXP 	fixation_polygon: autoDraw = False
115.6556 	EXP 	Stroop_text: autoDraw = True
116.0242 	EXP 	New trial (rep=21, index=3): <Trial 87 (3 in rep 21) data={'Word': 'BLUE', 'Colour': 'blue', 'stim_condition': 'C', 'Corr_resp': 'b', 'thisN': 87, 'thisTrialN': 3, 'thisRepN': 21}>
116.0296 	DATA 	Keypress: r
116.0384 	EXP 	fixation_polygon: autoDraw = False
116.0384 	EXP 	Stroop_text: autoDraw = False
116.0384 	EXP 	Stroop_text: foreColor = <psychopy.colors.Color: blue, alpha=1.0>
116.0384 	EXP 	Stroop_text: height = 0.05
116.0384 	EXP 	Stroop_text: height = 0.05
116.0384 	EXP 	Stroop_text: height = 0.05
116.0384 	EXP 	Stroop_text: text = 'BLUE'
116.0384 	EXP 	fixation_polygon: autoDraw = True
116.5398 	INFO 	Keyboard events cleared
116.5385 	EXP 	fixation_polygon: autoDraw = False
116.5385 	EXP 	Stroop_text: autoDraw = True
117.1406 	EXP 	New trial (rep=22, index=0): <Trial 88 (0 in rep 22) data={'Word': 'RED', 'Colour': 'red', 'stim_condition': 'C', 'Corr_resp': 'r', 'thisN': 88, 'thisTrialN': 0, 'thisRepN': 22}>
117.1495 	DATA 	Keypress: b
117.1550 	EXP 	fixation_polygon: autoDraw = False
117.1550 	EXP 	Stroop_text: autoDraw = False
117.1550 	EXP 	Stroop_text: foreColor = <psychopy.colors.Color: red, alpha=1.0>
117.1550 	EXP 	Stroop_text: height = 0.05
117.1550 	EXP 	Stroop_text: height = 0.05
117.1550 	EXP 	Stroop_text: height = 0.05
117.1550 	EXP 	Stroop_text: text = 'RED'
117.1550 	EXP 	fixation_polygon: autoDraw = True
117.6557 	INFO 	Keyboard events cleared
117.6549 	EXP 	fixation_polygon: autoDraw = False
117.6549 	EXP 	Stroop_text: autoDraw = True
118.2252 	EXP 	New trial (rep=22, index=1): <Trial 89 (1 in rep 22) data={'Word': 'BLUE', 'Colour': 'blue', 'stim_condition': 'C', 'Corr_resp': 'b', 'thisN': 89, 'thisTrialN': 1, 'thisRepN': 22}>
118.2310 	DATA 	Keypress: r
118.2383 	EXP 	fixation_polygon: autoDraw = False
118.2383 	EXP 	Stroop_text: autoDraw = False
118.2383 	EXP 	Stroop_text: foreColor = <psychopy.colors.Color: blue, alpha=1.0>
118.2383 	EXP 	Stroop_text: height = 0.05
118.2383 	EXP 	Stroop_text: height = 0.05
118.2383 	EXP 	Stroop_text: height = 0.05
118.2383 	EXP 	Stroop_text: text = 'BLUE'
118.2383 	EXP 	fixation_polygon: autoDraw = True
118.7401 	INFO 	Keyboard events cleared
118.7387 	EXP 	fixation_polygon: autoDraw = False
118.7387 	EXP 	Stroop_text: autoDraw = True
119.1239 	EXP 	New trial (rep=22, index=2): <Trial 90 (2 in rep 22) data={'Word': 'BLUE', 'Colour': 'red', 'stim_condition': 'I', 'Corr_resp': 'r', 'thisN': 90, 'thisTrialN': 2, 'thisRepN': 22}>
119.1271 	DATA 	Keypress: b
119.1380 	EXP 	fixation_polygon: autoDraw = False
119.1380 	EXP 	Stroop_text: autoDraw = False
119.1380 	EXP 	Stroop_text: foreColor = <psychopy.colors.Color: red, alpha=1.0>
119.1380 	EXP 	Stroop_text: text = 'BLUE'
119.1380 	EXP 	fixation_polygon: autoDraw = True
119.6387 	INFO 	Keyboard events cleared
119.6381 	EXP 	fixation_polygon: autoDraw = False
119.6381 	EXP 	Stroop_text: autoDraw = True
120.9400 	EXP 	New trial (rep=22, index=3): <Trial 91 (3 in rep 22) data={'Word': 'RED', 'Colour': 'blue', 'stim_condition': 'I', 'Corr_resp': 'b', 'thisN': 91, 'thisTrialN': 3, 'thisRepN': 22}>
120.9456 	DATA 	Keypress: r
120.9548 	EXP 	fixation_polygon: autoDraw = False
120.9548 	EXP 	Stroop_text: autoDraw = False
120.9548 	EXP 	Stroop_text: foreColor = <psychopy.colors.Color: blue, alpha=1.0>
120.9548 	EXP 	Stroop_text: height = 0.05
120.9548 	EXP 	Stroop_text: height = 0.05
120.9548 	EXP 	Stroop_text: height = 0.05
120.9548 	EXP 	Stroop_text: text = 'RED'
120.9548 	EXP 	fixation_polygon: autoDraw = True
121.4557 	INFO 	Keyboard events cleared
121.4550 	EXP 	fixation_polygon: autoDraw = False
121.4550 	EXP 	Stroop_text: autoDraw = True
122.0918 	EXP 	New trial (rep=23, index=0): <Trial 92 (0 in rep 23) data={'Word': 'RED', 'Colour': 'red', 'stim_condition': 'C', 'Corr_resp': 'r', 'thisN': 92, 'thisTrialN': 0, 'thisRepN': 23}>
122.0946 	DATA 	Keypress: b
122.1051 	EXP 	fixation_polygon: autoDraw = False
122.1051 	EXP 	Stroop_text: autoDraw = False
122.1051 	EXP 	Stroop_text: foreColor = <psychopy.colors.Color: red, alpha=1.0>
122.1051 	EXP 	Stroop_text: text = 'RED'
122.1051 	EXP 	fixation_polygon: autoDraw = True
122.6059 	INFO 	Keyboard events cleared
122.6051 	EXP 	fixation_polygon: autoDraw = False
122.6051 	EXP 	Stroop_text: autoDraw = True
123.5090 	EXP 	New trial (rep=23, index=1): <Trial 93 (1 in rep 23) data={'Word': 'RED', 'Colour': 'blue', 'stim_condition': 'I', 'Corr_resp': 'b', 'thisN': 93, 'thisTrialN': 1, 'thisRepN': 23}>
123.5117 	DATA 	Keypress: r
123.5217 	EXP 	fixation_polygon: autoDraw = False
123.5217 	EXP 	Stroop_text: autoDraw = False
123.5217 	EXP 	Stroop_text: foreColor = <psychopy.colors.Color: blue, alpha=1.0>
123.5217 	EXP 	Stroop_text: text = 'RED'
123.5217 	EXP 	fixation_polygon: autoDraw = True
124.0234 	INFO 	Keyboard events cleared
124.0219 	EXP 	fixation_polygon: autoDraw = False
124.0219 	EXP 	Stroop_text: autoDraw = True
124.6902 	EXP 	New trial (rep=23, index=2): <Trial 94 (2 in rep 23) data={'Word': 'BLUE', 'Colour': 'blue', 'stim_condition': 'C', 'Corr_resp': 'b', 'thisN': 94, 'thisTrialN': 2, 'thisRepN': 23}>
124.6977 	DATA 	Keypress: b
124.7047 	EXP 	fixation_polygon: autoDraw = False
124.7047 	EXP 	Stroop_text: autoDraw = False
124.7047 	EXP 	Stroop_text: foreColor = <psychopy.colors.Color: blue, alpha=1.0>
124.7047 	EXP 	Stroop_text: height = 0.05
124.7047 	EXP 	Stroop_text: height = 0.05
124.7047 	EXP 	Stroop_text: height = 0.05
124.7047 	EXP 	Stroop_text: text = 'BLUE'
124.7047 	EXP 	fixation_polygon: autoDraw = True
125.2058 	INFO 	Keyboard events cleared
125.2050 	EXP 	fixation_polygon: autoDraw = False
125.2050 	EXP 	Stroop_text: autoDraw = True
125.8097 	EXP 	New trial (rep=23, index=3): <Trial 95 (3 in rep 23) data={'Word': 'BLUE', 'Colour': 'red', 'stim_condition': 'I', 'Corr_resp': 'r', 'thisN': 95, 'thisTrialN': 3, 'thisRepN': 23}>
125.8121 	DATA 	Keypress: b
125.8213 	EXP 	fixation_polygon: autoDraw = False
125.8213 	EXP 	Stroop_text: autoDraw = False
125.8213 	EXP 	Stroop_text: foreColor = <psychopy.colors.Color: red, alpha=1.0>
125.8213 	EXP 	Stroop_text: text = 'BLUE'
125.8213 	EXP 	fixation_polygon: autoDraw = True
126.3232 	INFO 	Keyboard events cleared
126.3220 	EXP 	fixation_polygon: autoDraw = False
126.3220 	EXP 	Stroop_text: autoDraw = True
126.9093 	EXP 	New trial (rep=24, index=0): <Trial 96 (0 in rep 24) data={'Word': 'RED', 'Colour': 'red', 'stim_condition': 'C', 'Corr_resp': 'r', 'thisN': 96, 'thisTrialN': 0, 'thisRepN': 24}>
126.9178 	DATA 	Keypress: r
126.9215 	EXP 	fixation_polygon: autoDraw = False
126.9215 	EXP 	Stroop_text: autoDraw = False
126.9215 	EXP 	Stroop_text: foreColor = <psychopy.colors.Color: red, alpha=1.0>
126.9215 	EXP 	Stroop_text: height = 0.05
126.9215 	EXP 	Stroop_text: height = 0.05
126.9215 	EXP 	Stroop_text: height = 0.05
126.9215 	EXP 	Stroop_text: text = 'RED'
126.9215 	EXP 	fixation_polygon: autoDraw = True
127.4226 	INFO 	Keyboard events cleared
127.4217 	EXP 	fixation_polygon: autoDraw = False
127.4217 	EXP 	Stroop_text: autoDraw = True
128.2244 	EXP 	New trial (rep=24, index=1): <Trial 97 (1 in rep 24) data={'Word': 'RED', 'Colour': 'blue', 'stim_condition': 'I', 'Corr_resp': 'b', 'thisN': 97, 'thisTrialN': 1, 'thisRepN': 24}>
128.2278 	DATA 	Keypress: r
128.2383 	EXP 	fixation_polygon: autoDraw = False
128.2383 	EXP 	Stroop_text: autoDraw = False
128.2383 	EXP 	Stroop_text: foreColor = <psychopy.colors.Color: blue, alpha=1.0>
128.2383 	EXP 	Stroop_text: text = 'RED'
128.2383 	EXP 	fixation_polygon: autoDraw = True
128.7387 	INFO 	Keyboard events cleared
128.7379 	EXP 	fixation_polygon: autoDraw = False
128.7379 	EXP 	Stroop_text: autoDraw = True
129.7070 	EXP 	New trial (rep=24, index=2): <Trial 98 (2 in rep 24) data={'Word': 'BLUE', 'Colour': 'blue', 'stim_condition': 'C', 'Corr_resp': 'b', 'thisN': 98, 'thisTrialN': 2, 'thisRepN': 24}>
129.7131 	DATA 	Keypress: b
129.7212 	EXP 	fixation_polygon: autoDraw = False
129.7212 	EXP 	Stroop_text: autoDraw = False
129.7212 	EXP 	Stroop_text: foreColor = <psychopy.colors.Color: blue, alpha=1.0>
129.7212 	EXP 	Stroop_text: height = 0.05
129.7212 	EXP 	Stroop_text: height = 0.05
129.7212 	EXP 	Stroop_text: height = 0.05
129.7212 	EXP 	Stroop_text: text = 'BLUE'
129.7212 	EXP 	fixation_polygon: autoDraw = True
130.2227 	INFO 	Keyboard events cleared
130.2216 	EXP 	fixation_polygon: autoDraw = False
130.2216 	EXP 	Stroop_text: autoDraw = True
131.0913 	EXP 	New trial (rep=24, index=3): <Trial 99 (3 in rep 24) data={'Word': 'BLUE', 'Colour': 'red', 'stim_condition': 'I', 'Corr_resp': 'r', 'thisN': 99, 'thisTrialN': 3, 'thisRepN': 24}>
131.0941 	DATA 	Keypress: b
131.1045 	EXP 	fixation_polygon: autoDraw = False
131.1045 	EXP 	Stroop_text: autoDraw = False
131.1045 	EXP 	Stroop_text: foreColor = <psychopy.colors.Color: red, alpha=1.0>
131.1045 	EXP 	Stroop_text: text = 'BLUE'
131.1045 	EXP 	fixation_polygon: autoDraw = True
131.6075 	INFO 	Keyboard events cleared
131.6052 	EXP 	fixation_polygon: autoDraw = False
131.6052 	EXP 	Stroop_text: autoDraw = True
132.1786 	DATA 	Keypress: r
132.1882 	EXP 	fixation_polygon: autoDraw = False
132.1882 	EXP 	Stroop_text: autoDraw = False
132.1882 	EXP 	text_2: autoDraw = True
133.1878 	EXP 	text_2: autoDraw = False
133.1878 	EXP 	text_2: autoDraw = False
133.1880 	EXP 	Stroop task: status = STOPPED
133.2401 	INFO 	saved data to 'C:\\Users\\ritik\\Lab in Psychology\\Psychopy Experiments\\Stroop Task\\data/P1_Stroop task_2025-08-24_21h21.53.584.csv'
133.2453 	INFO 	saved data to C:\Users\ritik\Lab in Psychology\Psychopy Experiments\Stroop Task\data/P1_Stroop task_2025-08-24_21h21.53.584.psydat
