15.5824 	INFO 	Loaded monitor calibration from ['2024_09_01 09:56']
15.5998 	WARNING 	User requested fullscreen with size [1280  720], but screen is actually [1920, 1080]. Using actual size
16.4509 	EXP 	Created window1 = Window(allowGUI=False, allowStencil=False, autoLog=True, backendConf=UNKNOWN, backgroundFit=<method-wrapper '__getattribute__' of attributeSetter object at 0x0000014CAF821DB0>, backgroundImage=<method-wrapper '__getattribute__' of attributeSetter object at 0x0000014CAF821D50>, bitsMode=UNKNOWN, blendMode='avg', bpc=(8, 8, 8), color=array([0, 0, 0]), colorSpace='rgb', depthBits=8, fullscr=True, gamma=None, gammaErrorPolicy='raise', infoMsg=UNKNOWN, lms=UNKNOWN, monitor=<psychopy.monitors.calibTools.Monitor object at 0x0000014CAF8DB280>, multiSample=False, name='window1', numSamples=2, pos=[0.0, 0.0], screen=0, size=array([1920, 1080]), stencilBits=0, stereo=False, title='PsychoPy', units='height', useFBO=True, useRetina=False, viewOri=0.0, viewPos=None, viewScale=None, waitBlanking=True, winType='pyglet')
16.4510 	EXP 	window1: backgroundImage = ''
16.4511 	EXP 	window1: backgroundFit = 'none'
16.6568 	EXP 	window1: Attempting to measure frame rate of screen (0) ...
16.6569 	EXP 	window1: recordFrameIntervals = False
16.7971 	EXP 	window1: recordFrameIntervals = True
16.9809 	EXP 	Screen (0) actual frame rate measured at 60.00Hz
16.9810 	EXP 	window1: recordFrameIntervals = False
19.9989 	INFO 	keyboard.Keyboard is using iohub backend.
19.9990 	INFO 	keyboard.Keyboard is using iohub backend.
19.9991 	EXP 	Stroop task: status = STARTED
20.1884 	EXP 	Created text = TextStim(__class__=<class 'psychopy.visual.text.TextStim'>, alignHoriz=method-wrapper(...), alignText='center', alignVert=method-wrapper(...), anchorHoriz='center', anchorVert='center', antialias=True, autoDraw=False, autoLog=True, bold=False, color=array([1., 1., 1.]), colorSpace='rgb', contrast=1.0, depth=0.0, draggable=False, flipHoriz=False, flipVert=False, font='Arial', fontFiles=[], height=0.05, italic=False, languageStyle='LTR', name='text', opacity=1, ori=0.0, pos=array([0., 0.]), rgb=UNKNOWN, text=str(...), units='height', win=Window(...), wrapWidth=1)
20.2000 	EXP 	Created fixation_polygon = ShapeStim(__class__=<class 'psychopy.visual.shape.ShapeStim'>, anchor=('center', 'center'), autoDraw=False, autoLog=True, closeShape=True, color=method-wrapper(...), colorSpace='rgb', contrast=None, depth=0.0, draggable=False, fillColor=array([1, 1, 1]), fillColorSpace='rgb', fillRGB=array([1, 1, 1]), interpolate=True, lineColor=array([1., 1., 1.]), lineColorSpace='rgb', lineRGB=array([1, 1, 1]), lineWidth=1.0, name='fixation_polygon', opacity=1, ori=0.0, pos=array([0., 0.]), size=array([10., 10.]), units='pix', vertices=ndarray(...), win=Window(...), windingRule=None)
20.2022 	EXP 	Created Stroop_text = TextStim(__class__=<class 'psychopy.visual.text.TextStim'>, alignHoriz=method-wrapper(...), alignText='center', alignVert=method-wrapper(...), anchorHoriz='center', anchorVert='center', antialias=True, autoDraw=False, autoLog=True, bold=False, color=array([1., 1., 1.]), colorSpace='rgb', contrast=1.0, depth=-1.0, draggable=False, flipHoriz=False, flipVert=False, font='Arial', fontFiles=[], height=0.05, italic=False, languageStyle='LTR', name='Stroop_text', opacity=1, ori=0.0, pos=array([0., 0.]), rgb=UNKNOWN, text='', units='height', win=Window(...), wrapWidth=1)
20.2153 	EXP 	Created text_2 = TextStim(__class__=<class 'psychopy.visual.text.TextStim'>, alignHoriz=method-wrapper(...), alignText='center', alignVert=method-wrapper(...), anchorHoriz='center', anchorVert='center', antialias=True, autoDraw=False, autoLog=True, bold=False, color=array([1., 1., 1.]), colorSpace='rgb', contrast=1.0, depth=0.0, draggable=False, flipHoriz=False, flipVert=False, font='Arial', fontFiles=[], height=0.05, italic=False, languageStyle='LTR', name='text_2', opacity=1, ori=0.0, pos=array([0., 0.]), rgb=UNKNOWN, text='Thank you!', units='height', win=Window(...), wrapWidth=1)
0.0118 	EXP 	text: autoDraw = True
10.0234 	EXP 	Imported Stroop_condition.xlsx as conditions, 4 conditions, 4 params
10.0268 	EXP 	New trial (rep=0, index=0): <Trial 0 (0 in rep 0) data={'Word': 'BLUE', 'Colour': 'blue', 'stim_condition': 'C', 'Corr_resp': 'b', 'thisN': 0, 'thisTrialN': 0, 'thisRepN': 0}>
10.0438 	EXP 	text: autoDraw = False
10.0438 	EXP 	text: autoDraw = False
10.0438 	EXP 	Stroop_text: foreColor = <psychopy.colors.Color: blue, alpha=1.0>
10.0438 	EXP 	Stroop_text: height = 0.05
10.0438 	EXP 	Stroop_text: height = 0.05
10.0438 	EXP 	Stroop_text: height = 0.05
10.0438 	EXP 	Stroop_text: text = 'BLUE'
10.0438 	EXP 	fixation_polygon: autoDraw = True
10.5152 	INFO 	Keyboard events cleared
10.5143 	EXP 	fixation_polygon: autoDraw = False
10.5143 	EXP 	Stroop_text: autoDraw = True
11.6973 	EXP 	New trial (rep=0, index=1): <Trial 1 (1 in rep 0) data={'Word': 'RED', 'Colour': 'red', 'stim_condition': 'C', 'Corr_resp': 'r', 'thisN': 1, 'thisTrialN': 1, 'thisRepN': 0}>
11.7117 	DATA 	Keypress: b
11.7144 	EXP 	fixation_polygon: autoDraw = False
11.7144 	EXP 	Stroop_text: autoDraw = False
11.7144 	EXP 	Stroop_text: foreColor = <psychopy.colors.Color: red, alpha=1.0>
11.7144 	EXP 	Stroop_text: height = 0.05
11.7144 	EXP 	Stroop_text: height = 0.05
11.7144 	EXP 	Stroop_text: height = 0.05
11.7144 	EXP 	Stroop_text: text = 'RED'
11.7144 	EXP 	fixation_polygon: autoDraw = True
12.1982 	INFO 	Keyboard events cleared
12.1975 	EXP 	fixation_polygon: autoDraw = False
12.1975 	EXP 	Stroop_text: autoDraw = True
13.4329 	EXP 	New trial (rep=0, index=2): <Trial 2 (2 in rep 0) data={'Word': 'RED', 'Colour': 'blue', 'stim_condition': 'I', 'Corr_resp': 'b', 'thisN': 2, 'thisTrialN': 2, 'thisRepN': 0}>
13.4361 	DATA 	Keypress: r
13.4474 	EXP 	fixation_polygon: autoDraw = False
13.4474 	EXP 	Stroop_text: autoDraw = False
13.4474 	EXP 	Stroop_text: foreColor = <psychopy.colors.Color: blue, alpha=1.0>
13.4474 	EXP 	Stroop_text: text = 'RED'
13.4474 	EXP 	fixation_polygon: autoDraw = True
13.9484 	INFO 	Keyboard events cleared
13.9475 	EXP 	fixation_polygon: autoDraw = False
13.9475 	EXP 	Stroop_text: autoDraw = True
15.2676 	EXP 	New trial (rep=0, index=3): <Trial 3 (3 in rep 0) data={'Word': 'BLUE', 'Colour': 'red', 'stim_condition': 'I', 'Corr_resp': 'r', 'thisN': 3, 'thisTrialN': 3, 'thisRepN': 0}>
15.2734 	DATA 	Keypress: b
15.2807 	EXP 	fixation_polygon: autoDraw = False
15.2807 	EXP 	Stroop_text: autoDraw = False
15.2807 	EXP 	Stroop_text: foreColor = <psychopy.colors.Color: red, alpha=1.0>
15.2807 	EXP 	Stroop_text: height = 0.05
15.2807 	EXP 	Stroop_text: height = 0.05
15.2807 	EXP 	Stroop_text: height = 0.05
15.2807 	EXP 	Stroop_text: text = 'BLUE'
15.2807 	EXP 	fixation_polygon: autoDraw = True
15.7816 	INFO 	Keyboard events cleared
15.7809 	EXP 	fixation_polygon: autoDraw = False
15.7809 	EXP 	Stroop_text: autoDraw = True
17.0512 	EXP 	New trial (rep=1, index=0): <Trial 4 (0 in rep 1) data={'Word': 'BLUE', 'Colour': 'red', 'stim_condition': 'I', 'Corr_resp': 'r', 'thisN': 4, 'thisTrialN': 0, 'thisRepN': 1}>
17.0540 	DATA 	Keypress: r
17.0642 	EXP 	fixation_polygon: autoDraw = False
17.0642 	EXP 	Stroop_text: autoDraw = False
17.0642 	EXP 	Stroop_text: foreColor = <psychopy.colors.Color: red, alpha=1.0>
17.0642 	EXP 	Stroop_text: text = 'BLUE'
17.0642 	EXP 	fixation_polygon: autoDraw = True
17.5647 	INFO 	Keyboard events cleared
17.5640 	EXP 	fixation_polygon: autoDraw = False
17.5640 	EXP 	Stroop_text: autoDraw = True
18.3685 	EXP 	New trial (rep=1, index=1): <Trial 5 (1 in rep 1) data={'Word': 'RED', 'Colour': 'blue', 'stim_condition': 'I', 'Corr_resp': 'b', 'thisN': 5, 'thisTrialN': 1, 'thisRepN': 1}>
18.3745 	DATA 	Keypress: b
18.3805 	EXP 	fixation_polygon: autoDraw = False
18.3805 	EXP 	Stroop_text: autoDraw = False
18.3805 	EXP 	Stroop_text: foreColor = <psychopy.colors.Color: blue, alpha=1.0>
18.3805 	EXP 	Stroop_text: height = 0.05
18.3805 	EXP 	Stroop_text: height = 0.05
18.3805 	EXP 	Stroop_text: height = 0.05
18.3805 	EXP 	Stroop_text: text = 'RED'
18.3805 	EXP 	fixation_polygon: autoDraw = True
18.8812 	INFO 	Keyboard events cleared
18.8805 	EXP 	fixation_polygon: autoDraw = False
18.8805 	EXP 	Stroop_text: autoDraw = True
20.5666 	EXP 	New trial (rep=1, index=2): <Trial 6 (2 in rep 1) data={'Word': 'BLUE', 'Colour': 'blue', 'stim_condition': 'C', 'Corr_resp': 'b', 'thisN': 6, 'thisTrialN': 2, 'thisRepN': 1}>
20.5734 	DATA 	Keypress: b
20.5807 	EXP 	fixation_polygon: autoDraw = False
20.5807 	EXP 	Stroop_text: autoDraw = False
20.5807 	EXP 	Stroop_text: foreColor = <psychopy.colors.Color: blue, alpha=1.0>
20.5807 	EXP 	Stroop_text: height = 0.05
20.5807 	EXP 	Stroop_text: height = 0.05
20.5807 	EXP 	Stroop_text: height = 0.05
20.5807 	EXP 	Stroop_text: text = 'BLUE'
20.5807 	EXP 	fixation_polygon: autoDraw = True
21.0816 	INFO 	Keyboard events cleared
21.0808 	EXP 	fixation_polygon: autoDraw = False
21.0808 	EXP 	Stroop_text: autoDraw = True
21.7841 	EXP 	New trial (rep=1, index=3): <Trial 7 (3 in rep 1) data={'Word': 'RED', 'Colour': 'red', 'stim_condition': 'C', 'Corr_resp': 'r', 'thisN': 7, 'thisTrialN': 3, 'thisRepN': 1}>
21.7901 	DATA 	Keypress: b
21.7973 	EXP 	fixation_polygon: autoDraw = False
21.7973 	EXP 	Stroop_text: autoDraw = False
21.7973 	EXP 	Stroop_text: foreColor = <psychopy.colors.Color: red, alpha=1.0>
21.7973 	EXP 	Stroop_text: height = 0.05
21.7973 	EXP 	Stroop_text: height = 0.05
21.7973 	EXP 	Stroop_text: height = 0.05
21.7973 	EXP 	Stroop_text: text = 'RED'
21.7973 	EXP 	fixation_polygon: autoDraw = True
22.2992 	INFO 	Keyboard events cleared
22.2981 	EXP 	fixation_polygon: autoDraw = False
22.2981 	EXP 	Stroop_text: autoDraw = True
22.9687 	DATA 	Keypress: r
22.9842 	EXP 	New trial (rep=2, index=0): <Trial 8 (0 in rep 2) data={'Word': 'BLUE', 'Colour': 'red', 'stim_condition': 'I', 'Corr_resp': 'r', 'thisN': 8, 'thisTrialN': 0, 'thisRepN': 2}>
22.9975 	EXP 	fixation_polygon: autoDraw = False
22.9975 	EXP 	Stroop_text: autoDraw = False
22.9975 	EXP 	Stroop_text: foreColor = <psychopy.colors.Color: red, alpha=1.0>
22.9975 	EXP 	Stroop_text: height = 0.05
22.9975 	EXP 	Stroop_text: height = 0.05
22.9975 	EXP 	Stroop_text: height = 0.05
22.9975 	EXP 	Stroop_text: text = 'BLUE'
22.9975 	EXP 	fixation_polygon: autoDraw = True
23.2175 	DATA 	Keypress: r
23.4985 	INFO 	Keyboard events cleared
23.4975 	EXP 	fixation_polygon: autoDraw = False
23.4975 	EXP 	Stroop_text: autoDraw = True
24.0678 	EXP 	New trial (rep=2, index=1): <Trial 9 (1 in rep 2) data={'Word': 'RED', 'Colour': 'red', 'stim_condition': 'C', 'Corr_resp': 'r', 'thisN': 9, 'thisTrialN': 1, 'thisRepN': 2}>
24.0740 	DATA 	Keypress: b
24.0806 	EXP 	fixation_polygon: autoDraw = False
24.0806 	EXP 	Stroop_text: autoDraw = False
24.0806 	EXP 	Stroop_text: foreColor = <psychopy.colors.Color: red, alpha=1.0>
24.0806 	EXP 	Stroop_text: height = 0.05
24.0806 	EXP 	Stroop_text: height = 0.05
24.0806 	EXP 	Stroop_text: height = 0.05
24.0806 	EXP 	Stroop_text: text = 'RED'
24.0806 	EXP 	fixation_polygon: autoDraw = True
24.5813 	INFO 	Keyboard events cleared
24.5805 	EXP 	fixation_polygon: autoDraw = False
24.5805 	EXP 	Stroop_text: autoDraw = True
25.9512 	EXP 	New trial (rep=2, index=2): <Trial 10 (2 in rep 2) data={'Word': 'BLUE', 'Colour': 'blue', 'stim_condition': 'C', 'Corr_resp': 'b', 'thisN': 10, 'thisTrialN': 2, 'thisRepN': 2}>
25.9580 	DATA 	Keypress: r
25.9640 	EXP 	fixation_polygon: autoDraw = False
25.9640 	EXP 	Stroop_text: autoDraw = False
25.9640 	EXP 	Stroop_text: foreColor = <psychopy.colors.Color: blue, alpha=1.0>
25.9640 	EXP 	Stroop_text: height = 0.05
25.9640 	EXP 	Stroop_text: height = 0.05
25.9640 	EXP 	Stroop_text: height = 0.05
25.9640 	EXP 	Stroop_text: text = 'BLUE'
25.9640 	EXP 	fixation_polygon: autoDraw = True
26.4648 	INFO 	Keyboard events cleared
26.4641 	EXP 	fixation_polygon: autoDraw = False
26.4641 	EXP 	Stroop_text: autoDraw = True
27.1507 	EXP 	New trial (rep=2, index=3): <Trial 11 (3 in rep 2) data={'Word': 'RED', 'Colour': 'blue', 'stim_condition': 'I', 'Corr_resp': 'b', 'thisN': 11, 'thisTrialN': 3, 'thisRepN': 2}>
27.1560 	DATA 	Keypress: b
27.1641 	EXP 	fixation_polygon: autoDraw = False
27.1641 	EXP 	Stroop_text: autoDraw = False
27.1641 	EXP 	Stroop_text: foreColor = <psychopy.colors.Color: blue, alpha=1.0>
27.1641 	EXP 	Stroop_text: height = 0.05
27.1641 	EXP 	Stroop_text: height = 0.05
27.1641 	EXP 	Stroop_text: height = 0.05
27.1641 	EXP 	Stroop_text: text = 'RED'
27.1641 	EXP 	fixation_polygon: autoDraw = True
27.6652 	INFO 	Keyboard events cleared
27.6642 	EXP 	fixation_polygon: autoDraw = False
27.6642 	EXP 	Stroop_text: autoDraw = True
28.4186 	EXP 	New trial (rep=3, index=0): <Trial 12 (0 in rep 3) data={'Word': 'RED', 'Colour': 'blue', 'stim_condition': 'I', 'Corr_resp': 'b', 'thisN': 12, 'thisTrialN': 0, 'thisRepN': 3}>
28.4215 	DATA 	Keypress: r
28.4306 	EXP 	fixation_polygon: autoDraw = False
28.4306 	EXP 	Stroop_text: autoDraw = False
28.4306 	EXP 	Stroop_text: foreColor = <psychopy.colors.Color: blue, alpha=1.0>
28.4306 	EXP 	Stroop_text: text = 'RED'
28.4306 	EXP 	fixation_polygon: autoDraw = True
28.9314 	INFO 	Keyboard events cleared
28.9305 	EXP 	fixation_polygon: autoDraw = False
28.9305 	EXP 	Stroop_text: autoDraw = True
30.0002 	EXP 	New trial (rep=3, index=1): <Trial 13 (1 in rep 3) data={'Word': 'RED', 'Colour': 'red', 'stim_condition': 'C', 'Corr_resp': 'r', 'thisN': 13, 'thisTrialN': 1, 'thisRepN': 3}>
30.0033 	DATA 	Keypress: b
30.0139 	EXP 	fixation_polygon: autoDraw = False
30.0139 	EXP 	Stroop_text: autoDraw = False
30.0139 	EXP 	Stroop_text: foreColor = <psychopy.colors.Color: red, alpha=1.0>
30.0139 	EXP 	Stroop_text: text = 'RED'
30.0139 	EXP 	fixation_polygon: autoDraw = True
30.2528 	DATA 	Keypress: b
30.5147 	INFO 	Keyboard events cleared
30.5140 	EXP 	fixation_polygon: autoDraw = False
30.5140 	EXP 	Stroop_text: autoDraw = True
31.2350 	EXP 	New trial (rep=3, index=2): <Trial 14 (2 in rep 3) data={'Word': 'BLUE', 'Colour': 'blue', 'stim_condition': 'C', 'Corr_resp': 'b', 'thisN': 14, 'thisTrialN': 2, 'thisRepN': 3}>
31.2424 	DATA 	Keypress: r
31.2473 	EXP 	fixation_polygon: autoDraw = False
31.2473 	EXP 	Stroop_text: autoDraw = False
31.2473 	EXP 	Stroop_text: foreColor = <psychopy.colors.Color: blue, alpha=1.0>
31.2473 	EXP 	Stroop_text: height = 0.05
31.2473 	EXP 	Stroop_text: height = 0.05
31.2473 	EXP 	Stroop_text: height = 0.05
31.2473 	EXP 	Stroop_text: text = 'BLUE'
31.2473 	EXP 	fixation_polygon: autoDraw = True
31.7488 	INFO 	Keyboard events cleared
31.7477 	EXP 	fixation_polygon: autoDraw = False
31.7477 	EXP 	Stroop_text: autoDraw = True
32.3167 	EXP 	New trial (rep=3, index=3): <Trial 15 (3 in rep 3) data={'Word': 'BLUE', 'Colour': 'red', 'stim_condition': 'I', 'Corr_resp': 'r', 'thisN': 15, 'thisTrialN': 3, 'thisRepN': 3}>
32.3190 	DATA 	Keypress: b
32.3305 	EXP 	fixation_polygon: autoDraw = False
32.3305 	EXP 	Stroop_text: autoDraw = False
32.3305 	EXP 	Stroop_text: foreColor = <psychopy.colors.Color: red, alpha=1.0>
32.3305 	EXP 	Stroop_text: text = 'BLUE'
32.3305 	EXP 	fixation_polygon: autoDraw = True
32.8310 	INFO 	Keyboard events cleared
32.8305 	EXP 	fixation_polygon: autoDraw = False
32.8305 	EXP 	Stroop_text: autoDraw = True
33.6187 	DATA 	Keypress: r
33.6325 	EXP 	New trial (rep=4, index=0): <Trial 16 (0 in rep 4) data={'Word': 'RED', 'Colour': 'red', 'stim_condition': 'C', 'Corr_resp': 'r', 'thisN': 16, 'thisTrialN': 0, 'thisRepN': 4}>
33.6470 	EXP 	fixation_polygon: autoDraw = False
33.6470 	EXP 	Stroop_text: autoDraw = False
33.6470 	EXP 	Stroop_text: foreColor = <psychopy.colors.Color: red, alpha=1.0>
33.6470 	EXP 	Stroop_text: height = 0.05
33.6470 	EXP 	Stroop_text: height = 0.05
33.6470 	EXP 	Stroop_text: height = 0.05
33.6470 	EXP 	Stroop_text: text = 'RED'
33.6470 	EXP 	fixation_polygon: autoDraw = True
34.1486 	INFO 	Keyboard events cleared
34.1475 	EXP 	fixation_polygon: autoDraw = False
34.1475 	EXP 	Stroop_text: autoDraw = True
34.7677 	EXP 	New trial (rep=4, index=1): <Trial 17 (1 in rep 4) data={'Word': 'BLUE', 'Colour': 'red', 'stim_condition': 'I', 'Corr_resp': 'r', 'thisN': 17, 'thisTrialN': 1, 'thisRepN': 4}>
34.7739 	DATA 	Keypress: r
34.7802 	EXP 	fixation_polygon: autoDraw = False
34.7802 	EXP 	Stroop_text: autoDraw = False
34.7802 	EXP 	Stroop_text: foreColor = <psychopy.colors.Color: red, alpha=1.0>
34.7802 	EXP 	Stroop_text: height = 0.05
34.7802 	EXP 	Stroop_text: height = 0.05
34.7802 	EXP 	Stroop_text: height = 0.05
34.7802 	EXP 	Stroop_text: text = 'BLUE'
34.7802 	EXP 	fixation_polygon: autoDraw = True
35.2814 	INFO 	Keyboard events cleared
35.2805 	EXP 	fixation_polygon: autoDraw = False
35.2805 	EXP 	Stroop_text: autoDraw = True
36.1331 	EXP 	New trial (rep=4, index=2): <Trial 18 (2 in rep 4) data={'Word': 'BLUE', 'Colour': 'blue', 'stim_condition': 'C', 'Corr_resp': 'b', 'thisN': 18, 'thisTrialN': 2, 'thisRepN': 4}>
36.1361 	DATA 	Keypress: r
36.1470 	EXP 	fixation_polygon: autoDraw = False
36.1470 	EXP 	Stroop_text: autoDraw = False
36.1470 	EXP 	Stroop_text: foreColor = <psychopy.colors.Color: blue, alpha=1.0>
36.1470 	EXP 	Stroop_text: text = 'BLUE'
36.1470 	EXP 	fixation_polygon: autoDraw = True
36.6480 	INFO 	Keyboard events cleared
36.6471 	EXP 	fixation_polygon: autoDraw = False
36.6471 	EXP 	Stroop_text: autoDraw = True
37.5510 	EXP 	New trial (rep=4, index=3): <Trial 19 (3 in rep 4) data={'Word': 'RED', 'Colour': 'blue', 'stim_condition': 'I', 'Corr_resp': 'b', 'thisN': 19, 'thisTrialN': 3, 'thisRepN': 4}>
37.5565 	DATA 	Keypress: b
37.5636 	EXP 	fixation_polygon: autoDraw = False
37.5636 	EXP 	Stroop_text: autoDraw = False
37.5636 	EXP 	Stroop_text: foreColor = <psychopy.colors.Color: blue, alpha=1.0>
37.5636 	EXP 	Stroop_text: height = 0.05
37.5636 	EXP 	Stroop_text: height = 0.05
37.5636 	EXP 	Stroop_text: height = 0.05
37.5636 	EXP 	Stroop_text: text = 'RED'
37.5636 	EXP 	fixation_polygon: autoDraw = True
38.0654 	INFO 	Keyboard events cleared
38.0644 	EXP 	fixation_polygon: autoDraw = False
38.0644 	EXP 	Stroop_text: autoDraw = True
38.8500 	EXP 	New trial (rep=5, index=0): <Trial 20 (0 in rep 5) data={'Word': 'BLUE', 'Colour': 'red', 'stim_condition': 'I', 'Corr_resp': 'r', 'thisN': 20, 'thisTrialN': 0, 'thisRepN': 5}>
38.8567 	DATA 	Keypress: b
38.8638 	EXP 	fixation_polygon: autoDraw = False
38.8638 	EXP 	Stroop_text: autoDraw = False
38.8638 	EXP 	Stroop_text: foreColor = <psychopy.colors.Color: red, alpha=1.0>
38.8638 	EXP 	Stroop_text: height = 0.05
38.8638 	EXP 	Stroop_text: height = 0.05
38.8638 	EXP 	Stroop_text: height = 0.05
38.8638 	EXP 	Stroop_text: text = 'BLUE'
38.8638 	EXP 	fixation_polygon: autoDraw = True
39.3645 	INFO 	Keyboard events cleared
39.3638 	EXP 	fixation_polygon: autoDraw = False
39.3638 	EXP 	Stroop_text: autoDraw = True
40.2521 	DATA 	Keypress: r
40.2657 	EXP 	New trial (rep=5, index=1): <Trial 21 (1 in rep 5) data={'Word': 'RED', 'Colour': 'red', 'stim_condition': 'C', 'Corr_resp': 'r', 'thisN': 21, 'thisTrialN': 1, 'thisRepN': 5}>
40.2802 	EXP 	fixation_polygon: autoDraw = False
40.2802 	EXP 	Stroop_text: autoDraw = False
40.2802 	EXP 	Stroop_text: foreColor = <psychopy.colors.Color: red, alpha=1.0>
40.2802 	EXP 	Stroop_text: height = 0.05
40.2802 	EXP 	Stroop_text: height = 0.05
40.2802 	EXP 	Stroop_text: height = 0.05
40.2802 	EXP 	Stroop_text: text = 'RED'
40.2802 	EXP 	fixation_polygon: autoDraw = True
40.7810 	INFO 	Keyboard events cleared
40.7802 	EXP 	fixation_polygon: autoDraw = False
40.7802 	EXP 	Stroop_text: autoDraw = True
41.3525 	DATA 	Keypress: r
41.3673 	EXP 	New trial (rep=5, index=2): <Trial 22 (2 in rep 5) data={'Word': 'BLUE', 'Colour': 'blue', 'stim_condition': 'C', 'Corr_resp': 'b', 'thisN': 22, 'thisTrialN': 2, 'thisRepN': 5}>
41.3803 	EXP 	fixation_polygon: autoDraw = False
41.3803 	EXP 	Stroop_text: autoDraw = False
41.3803 	EXP 	Stroop_text: foreColor = <psychopy.colors.Color: blue, alpha=1.0>
41.3803 	EXP 	Stroop_text: height = 0.05
41.3803 	EXP 	Stroop_text: height = 0.05
41.3803 	EXP 	Stroop_text: height = 0.05
41.3803 	EXP 	Stroop_text: text = 'BLUE'
41.3803 	EXP 	fixation_polygon: autoDraw = True
41.8811 	INFO 	Keyboard events cleared
41.8802 	EXP 	fixation_polygon: autoDraw = False
41.8802 	EXP 	Stroop_text: autoDraw = True
42.3846 	DATA 	Keypress: b
42.3996 	EXP 	New trial (rep=5, index=3): <Trial 23 (3 in rep 5) data={'Word': 'RED', 'Colour': 'blue', 'stim_condition': 'I', 'Corr_resp': 'b', 'thisN': 23, 'thisTrialN': 3, 'thisRepN': 5}>
42.4137 	EXP 	fixation_polygon: autoDraw = False
42.4137 	EXP 	Stroop_text: autoDraw = False
42.4137 	EXP 	Stroop_text: foreColor = <psychopy.colors.Color: blue, alpha=1.0>
42.4137 	EXP 	Stroop_text: height = 0.05
42.4137 	EXP 	Stroop_text: height = 0.05
42.4137 	EXP 	Stroop_text: height = 0.05
42.4137 	EXP 	Stroop_text: text = 'RED'
42.4137 	EXP 	fixation_polygon: autoDraw = True
42.9142 	INFO 	Keyboard events cleared
42.9135 	EXP 	fixation_polygon: autoDraw = False
42.9135 	EXP 	Stroop_text: autoDraw = True
43.5167 	EXP 	New trial (rep=6, index=0): <Trial 24 (0 in rep 6) data={'Word': 'BLUE', 'Colour': 'red', 'stim_condition': 'I', 'Corr_resp': 'r', 'thisN': 24, 'thisTrialN': 0, 'thisRepN': 6}>
43.5228 	DATA 	Keypress: b
43.5303 	EXP 	fixation_polygon: autoDraw = False
43.5303 	EXP 	Stroop_text: autoDraw = False
43.5303 	EXP 	Stroop_text: foreColor = <psychopy.colors.Color: red, alpha=1.0>
43.5303 	EXP 	Stroop_text: height = 0.05
43.5303 	EXP 	Stroop_text: height = 0.05
43.5303 	EXP 	Stroop_text: height = 0.05
43.5303 	EXP 	Stroop_text: text = 'BLUE'
43.5303 	EXP 	fixation_polygon: autoDraw = True
44.0307 	INFO 	Keyboard events cleared
44.0301 	EXP 	fixation_polygon: autoDraw = False
44.0301 	EXP 	Stroop_text: autoDraw = True
44.8172 	EXP 	New trial (rep=6, index=1): <Trial 25 (1 in rep 6) data={'Word': 'BLUE', 'Colour': 'blue', 'stim_condition': 'C', 'Corr_resp': 'b', 'thisN': 25, 'thisTrialN': 1, 'thisRepN': 6}>
44.8194 	DATA 	Keypress: r
44.8303 	EXP 	fixation_polygon: autoDraw = False
44.8303 	EXP 	Stroop_text: autoDraw = False
44.8303 	EXP 	Stroop_text: foreColor = <psychopy.colors.Color: blue, alpha=1.0>
44.8303 	EXP 	Stroop_text: text = 'BLUE'
44.8303 	EXP 	fixation_polygon: autoDraw = True
45.3316 	INFO 	Keyboard events cleared
45.3305 	EXP 	fixation_polygon: autoDraw = False
45.3305 	EXP 	Stroop_text: autoDraw = True
45.8846 	EXP 	New trial (rep=6, index=2): <Trial 26 (2 in rep 6) data={'Word': 'RED', 'Colour': 'red', 'stim_condition': 'C', 'Corr_resp': 'r', 'thisN': 26, 'thisTrialN': 2, 'thisRepN': 6}>
45.8912 	DATA 	Keypress: b
45.8970 	EXP 	fixation_polygon: autoDraw = False
45.8970 	EXP 	Stroop_text: autoDraw = False
45.8970 	EXP 	Stroop_text: foreColor = <psychopy.colors.Color: red, alpha=1.0>
45.8970 	EXP 	Stroop_text: height = 0.05
45.8970 	EXP 	Stroop_text: height = 0.05
45.8970 	EXP 	Stroop_text: height = 0.05
45.8970 	EXP 	Stroop_text: text = 'RED'
45.8970 	EXP 	fixation_polygon: autoDraw = True
46.3978 	INFO 	Keyboard events cleared
46.3971 	EXP 	fixation_polygon: autoDraw = False
46.3971 	EXP 	Stroop_text: autoDraw = True
46.9836 	DATA 	Keypress: r
47.0002 	EXP 	New trial (rep=6, index=3): <Trial 27 (3 in rep 6) data={'Word': 'RED', 'Colour': 'blue', 'stim_condition': 'I', 'Corr_resp': 'b', 'thisN': 27, 'thisTrialN': 3, 'thisRepN': 6}>
47.0139 	EXP 	fixation_polygon: autoDraw = False
47.0139 	EXP 	Stroop_text: autoDraw = False
47.0139 	EXP 	Stroop_text: foreColor = <psychopy.colors.Color: blue, alpha=1.0>
47.0139 	EXP 	Stroop_text: text = 'RED'
47.0139 	EXP 	fixation_polygon: autoDraw = True
47.5148 	INFO 	Keyboard events cleared
47.5140 	EXP 	fixation_polygon: autoDraw = False
47.5140 	EXP 	Stroop_text: autoDraw = True
48.0666 	EXP 	New trial (rep=7, index=0): <Trial 28 (0 in rep 7) data={'Word': 'BLUE', 'Colour': 'red', 'stim_condition': 'I', 'Corr_resp': 'r', 'thisN': 28, 'thisTrialN': 0, 'thisRepN': 7}>
48.0736 	DATA 	Keypress: b
48.0802 	EXP 	fixation_polygon: autoDraw = False
48.0802 	EXP 	Stroop_text: autoDraw = False
48.0802 	EXP 	Stroop_text: foreColor = <psychopy.colors.Color: red, alpha=1.0>
48.0802 	EXP 	Stroop_text: height = 0.05
48.0802 	EXP 	Stroop_text: height = 0.05
48.0802 	EXP 	Stroop_text: height = 0.05
48.0802 	EXP 	Stroop_text: text = 'BLUE'
48.0802 	EXP 	fixation_polygon: autoDraw = True
48.5817 	INFO 	Keyboard events cleared
48.5807 	EXP 	fixation_polygon: autoDraw = False
48.5807 	EXP 	Stroop_text: autoDraw = True
50.9989 	EXP 	New trial (rep=7, index=1): <Trial 29 (1 in rep 7) data={'Word': 'BLUE', 'Colour': 'blue', 'stim_condition': 'C', 'Corr_resp': 'b', 'thisN': 29, 'thisTrialN': 1, 'thisRepN': 7}>
51.0012 	DATA 	Keypress: b
51.0138 	EXP 	fixation_polygon: autoDraw = False
51.0138 	EXP 	Stroop_text: autoDraw = False
51.0138 	EXP 	Stroop_text: foreColor = <psychopy.colors.Color: blue, alpha=1.0>
51.0138 	EXP 	Stroop_text: text = 'BLUE'
51.0138 	EXP 	fixation_polygon: autoDraw = True
51.5151 	INFO 	Keyboard events cleared
51.5138 	EXP 	fixation_polygon: autoDraw = False
51.5138 	EXP 	Stroop_text: autoDraw = True
52.5208 	EXP 	New trial (rep=7, index=2): <Trial 30 (2 in rep 7) data={'Word': 'RED', 'Colour': 'blue', 'stim_condition': 'I', 'Corr_resp': 'b', 'thisN': 30, 'thisTrialN': 2, 'thisRepN': 7}>
52.5268 	DATA 	Keypress: b
52.5301 	EXP 	fixation_polygon: autoDraw = False
52.5301 	EXP 	Stroop_text: autoDraw = False
52.5301 	EXP 	Stroop_text: foreColor = <psychopy.colors.Color: blue, alpha=1.0>
52.5301 	EXP 	Stroop_text: height = 0.05
52.5301 	EXP 	Stroop_text: height = 0.05
52.5301 	EXP 	Stroop_text: height = 0.05
52.5301 	EXP 	Stroop_text: text = 'RED'
52.5301 	EXP 	fixation_polygon: autoDraw = True
53.0315 	INFO 	Keyboard events cleared
53.0305 	EXP 	fixation_polygon: autoDraw = False
53.0305 	EXP 	Stroop_text: autoDraw = True
53.8662 	EXP 	New trial (rep=7, index=3): <Trial 31 (3 in rep 7) data={'Word': 'RED', 'Colour': 'red', 'stim_condition': 'C', 'Corr_resp': 'r', 'thisN': 31, 'thisTrialN': 3, 'thisRepN': 7}>
53.8693 	DATA 	Keypress: b
53.8800 	EXP 	fixation_polygon: autoDraw = False
53.8800 	EXP 	Stroop_text: autoDraw = False
53.8800 	EXP 	Stroop_text: foreColor = <psychopy.colors.Color: red, alpha=1.0>
53.8800 	EXP 	Stroop_text: text = 'RED'
53.8800 	EXP 	fixation_polygon: autoDraw = True
54.3814 	INFO 	Keyboard events cleared
54.3805 	EXP 	fixation_polygon: autoDraw = False
54.3805 	EXP 	Stroop_text: autoDraw = True
55.4016 	DATA 	Keypress: r
55.4170 	EXP 	New trial (rep=8, index=0): <Trial 32 (0 in rep 8) data={'Word': 'RED', 'Colour': 'red', 'stim_condition': 'C', 'Corr_resp': 'r', 'thisN': 32, 'thisTrialN': 0, 'thisRepN': 8}>
55.4304 	EXP 	fixation_polygon: autoDraw = False
55.4304 	EXP 	Stroop_text: autoDraw = False
55.4304 	EXP 	Stroop_text: foreColor = <psychopy.colors.Color: red, alpha=1.0>
55.4304 	EXP 	Stroop_text: text = 'RED'
55.4304 	EXP 	fixation_polygon: autoDraw = True
55.9321 	INFO 	Keyboard events cleared
55.9308 	EXP 	fixation_polygon: autoDraw = False
55.9308 	EXP 	Stroop_text: autoDraw = True
56.4489 	EXP 	New trial (rep=8, index=1): <Trial 33 (1 in rep 8) data={'Word': 'BLUE', 'Colour': 'blue', 'stim_condition': 'C', 'Corr_resp': 'b', 'thisN': 33, 'thisTrialN': 1, 'thisRepN': 8}>
56.4573 	DATA 	Keypress: b
56.4633 	EXP 	fixation_polygon: autoDraw = False
56.4633 	EXP 	Stroop_text: autoDraw = False
56.4633 	EXP 	Stroop_text: foreColor = <psychopy.colors.Color: blue, alpha=1.0>
56.4633 	EXP 	Stroop_text: height = 0.05
56.4633 	EXP 	Stroop_text: height = 0.05
56.4633 	EXP 	Stroop_text: height = 0.05
56.4633 	EXP 	Stroop_text: text = 'BLUE'
56.4633 	EXP 	fixation_polygon: autoDraw = True
56.9649 	INFO 	Keyboard events cleared
56.9639 	EXP 	fixation_polygon: autoDraw = False
56.9639 	EXP 	Stroop_text: autoDraw = True
57.8990 	EXP 	New trial (rep=8, index=2): <Trial 34 (2 in rep 8) data={'Word': 'RED', 'Colour': 'blue', 'stim_condition': 'I', 'Corr_resp': 'b', 'thisN': 34, 'thisTrialN': 2, 'thisRepN': 8}>
57.9047 	DATA 	Keypress: b
57.9133 	EXP 	fixation_polygon: autoDraw = False
57.9133 	EXP 	Stroop_text: autoDraw = False
57.9133 	EXP 	Stroop_text: foreColor = <psychopy.colors.Color: blue, alpha=1.0>
57.9133 	EXP 	Stroop_text: height = 0.05
57.9133 	EXP 	Stroop_text: height = 0.05
57.9133 	EXP 	Stroop_text: height = 0.05
57.9133 	EXP 	Stroop_text: text = 'RED'
57.9133 	EXP 	fixation_polygon: autoDraw = True
58.4153 	INFO 	Keyboard events cleared
58.4142 	EXP 	fixation_polygon: autoDraw = False
58.4142 	EXP 	Stroop_text: autoDraw = True
60.0653 	EXP 	New trial (rep=8, index=3): <Trial 35 (3 in rep 8) data={'Word': 'BLUE', 'Colour': 'red', 'stim_condition': 'I', 'Corr_resp': 'r', 'thisN': 35, 'thisTrialN': 3, 'thisRepN': 8}>
60.0717 	DATA 	Keypress: b
60.0810 	EXP 	fixation_polygon: autoDraw = False
60.0810 	EXP 	Stroop_text: autoDraw = False
60.0810 	EXP 	Stroop_text: foreColor = <psychopy.colors.Color: red, alpha=1.0>
60.0810 	EXP 	Stroop_text: height = 0.05
60.0810 	EXP 	Stroop_text: height = 0.05
60.0810 	EXP 	Stroop_text: height = 0.05
60.0810 	EXP 	Stroop_text: text = 'BLUE'
60.0810 	EXP 	fixation_polygon: autoDraw = True
60.5814 	INFO 	Keyboard events cleared
60.5802 	EXP 	fixation_polygon: autoDraw = False
60.5802 	EXP 	Stroop_text: autoDraw = True
61.5182 	EXP 	New trial (rep=9, index=0): <Trial 36 (0 in rep 9) data={'Word': 'RED', 'Colour': 'blue', 'stim_condition': 'I', 'Corr_resp': 'b', 'thisN': 36, 'thisTrialN': 0, 'thisRepN': 9}>
61.5242 	DATA 	Keypress: r
61.5300 	EXP 	fixation_polygon: autoDraw = False
61.5300 	EXP 	Stroop_text: autoDraw = False
61.5300 	EXP 	Stroop_text: foreColor = <psychopy.colors.Color: blue, alpha=1.0>
61.5300 	EXP 	Stroop_text: height = 0.05
61.5300 	EXP 	Stroop_text: height = 0.05
61.5300 	EXP 	Stroop_text: height = 0.05
61.5300 	EXP 	Stroop_text: text = 'RED'
61.5300 	EXP 	fixation_polygon: autoDraw = True
62.0308 	INFO 	Keyboard events cleared
62.0301 	EXP 	fixation_polygon: autoDraw = False
62.0301 	EXP 	Stroop_text: autoDraw = True
62.8830 	EXP 	New trial (rep=9, index=1): <Trial 37 (1 in rep 9) data={'Word': 'BLUE', 'Colour': 'red', 'stim_condition': 'I', 'Corr_resp': 'r', 'thisN': 37, 'thisTrialN': 1, 'thisRepN': 9}>
62.8901 	DATA 	Keypress: b
62.8965 	EXP 	fixation_polygon: autoDraw = False
62.8965 	EXP 	Stroop_text: autoDraw = False
62.8965 	EXP 	Stroop_text: foreColor = <psychopy.colors.Color: red, alpha=1.0>
62.8965 	EXP 	Stroop_text: height = 0.05
62.8965 	EXP 	Stroop_text: height = 0.05
62.8965 	EXP 	Stroop_text: height = 0.05
62.8965 	EXP 	Stroop_text: text = 'BLUE'
62.8965 	EXP 	fixation_polygon: autoDraw = True
63.3974 	INFO 	Keyboard events cleared
63.3966 	EXP 	fixation_polygon: autoDraw = False
63.3966 	EXP 	Stroop_text: autoDraw = True
64.2993 	EXP 	New trial (rep=9, index=2): <Trial 38 (2 in rep 9) data={'Word': 'RED', 'Colour': 'red', 'stim_condition': 'C', 'Corr_resp': 'r', 'thisN': 38, 'thisTrialN': 2, 'thisRepN': 9}>
64.3051 	DATA 	Keypress: b
64.3135 	EXP 	fixation_polygon: autoDraw = False
64.3135 	EXP 	Stroop_text: autoDraw = False
64.3135 	EXP 	Stroop_text: foreColor = <psychopy.colors.Color: red, alpha=1.0>
64.3135 	EXP 	Stroop_text: height = 0.05
64.3135 	EXP 	Stroop_text: height = 0.05
64.3135 	EXP 	Stroop_text: height = 0.05
64.3135 	EXP 	Stroop_text: text = 'RED'
64.3135 	EXP 	fixation_polygon: autoDraw = True
64.8141 	INFO 	Keyboard events cleared
64.8133 	EXP 	fixation_polygon: autoDraw = False
64.8133 	EXP 	Stroop_text: autoDraw = True
65.9842 	EXP 	New trial (rep=9, index=3): <Trial 39 (3 in rep 9) data={'Word': 'BLUE', 'Colour': 'blue', 'stim_condition': 'C', 'Corr_resp': 'b', 'thisN': 39, 'thisTrialN': 3, 'thisRepN': 9}>
65.9900 	DATA 	Keypress: r
65.9966 	EXP 	fixation_polygon: autoDraw = False
65.9966 	EXP 	Stroop_text: autoDraw = False
65.9966 	EXP 	Stroop_text: foreColor = <psychopy.colors.Color: blue, alpha=1.0>
65.9966 	EXP 	Stroop_text: height = 0.05
65.9966 	EXP 	Stroop_text: height = 0.05
65.9966 	EXP 	Stroop_text: height = 0.05
65.9966 	EXP 	Stroop_text: text = 'BLUE'
65.9966 	EXP 	fixation_polygon: autoDraw = True
66.4987 	INFO 	Keyboard events cleared
66.4973 	EXP 	fixation_polygon: autoDraw = False
66.4973 	EXP 	Stroop_text: autoDraw = True
67.1491 	EXP 	New trial (rep=10, index=0): <Trial 40 (0 in rep 10) data={'Word': 'RED', 'Colour': 'red', 'stim_condition': 'C', 'Corr_resp': 'r', 'thisN': 40, 'thisTrialN': 0, 'thisRepN': 10}>
67.1549 	DATA 	Keypress: b
67.1634 	EXP 	fixation_polygon: autoDraw = False
67.1634 	EXP 	Stroop_text: autoDraw = False
67.1634 	EXP 	Stroop_text: foreColor = <psychopy.colors.Color: red, alpha=1.0>
67.1634 	EXP 	Stroop_text: height = 0.05
67.1634 	EXP 	Stroop_text: height = 0.05
67.1634 	EXP 	Stroop_text: height = 0.05
67.1634 	EXP 	Stroop_text: text = 'RED'
67.1634 	EXP 	fixation_polygon: autoDraw = True
67.6638 	INFO 	Keyboard events cleared
67.6632 	EXP 	fixation_polygon: autoDraw = False
67.6632 	EXP 	Stroop_text: autoDraw = True
68.4332 	EXP 	New trial (rep=10, index=1): <Trial 41 (1 in rep 10) data={'Word': 'BLUE', 'Colour': 'blue', 'stim_condition': 'C', 'Corr_resp': 'b', 'thisN': 41, 'thisTrialN': 1, 'thisRepN': 10}>
68.4390 	DATA 	Keypress: r
68.4464 	EXP 	fixation_polygon: autoDraw = False
68.4464 	EXP 	Stroop_text: autoDraw = False
68.4464 	EXP 	Stroop_text: foreColor = <psychopy.colors.Color: blue, alpha=1.0>
68.4464 	EXP 	Stroop_text: height = 0.05
68.4464 	EXP 	Stroop_text: height = 0.05
68.4464 	EXP 	Stroop_text: height = 0.05
68.4464 	EXP 	Stroop_text: text = 'BLUE'
68.4464 	EXP 	fixation_polygon: autoDraw = True
68.9476 	INFO 	Keyboard events cleared
68.9467 	EXP 	fixation_polygon: autoDraw = False
68.9467 	EXP 	Stroop_text: autoDraw = True
69.7158 	EXP 	New trial (rep=10, index=2): <Trial 42 (2 in rep 10) data={'Word': 'BLUE', 'Colour': 'red', 'stim_condition': 'I', 'Corr_resp': 'r', 'thisN': 42, 'thisTrialN': 2, 'thisRepN': 10}>
69.7183 	DATA 	Keypress: b
69.7300 	EXP 	fixation_polygon: autoDraw = False
69.7300 	EXP 	Stroop_text: autoDraw = False
69.7300 	EXP 	Stroop_text: foreColor = <psychopy.colors.Color: red, alpha=1.0>
69.7300 	EXP 	Stroop_text: text = 'BLUE'
69.7300 	EXP 	fixation_polygon: autoDraw = True
70.2305 	INFO 	Keyboard events cleared
70.2299 	EXP 	fixation_polygon: autoDraw = False
70.2299 	EXP 	Stroop_text: autoDraw = True
72.0155 	EXP 	New trial (rep=10, index=3): <Trial 43 (3 in rep 10) data={'Word': 'RED', 'Colour': 'blue', 'stim_condition': 'I', 'Corr_resp': 'b', 'thisN': 43, 'thisTrialN': 3, 'thisRepN': 10}>
72.0217 	DATA 	Keypress: r
72.0299 	EXP 	fixation_polygon: autoDraw = False
72.0299 	EXP 	Stroop_text: autoDraw = False
72.0299 	EXP 	Stroop_text: foreColor = <psychopy.colors.Color: blue, alpha=1.0>
72.0299 	EXP 	Stroop_text: height = 0.05
72.0299 	EXP 	Stroop_text: height = 0.05
72.0299 	EXP 	Stroop_text: height = 0.05
72.0299 	EXP 	Stroop_text: text = 'RED'
72.0299 	EXP 	fixation_polygon: autoDraw = True
72.5305 	INFO 	Keyboard events cleared
72.5299 	EXP 	fixation_polygon: autoDraw = False
72.5299 	EXP 	Stroop_text: autoDraw = True
73.2839 	EXP 	New trial (rep=11, index=0): <Trial 44 (0 in rep 11) data={'Word': 'BLUE', 'Colour': 'red', 'stim_condition': 'I', 'Corr_resp': 'r', 'thisN': 44, 'thisTrialN': 0, 'thisRepN': 11}>
73.2898 	DATA 	Keypress: b
73.2966 	EXP 	fixation_polygon: autoDraw = False
73.2966 	EXP 	Stroop_text: autoDraw = False
73.2966 	EXP 	Stroop_text: foreColor = <psychopy.colors.Color: red, alpha=1.0>
73.2966 	EXP 	Stroop_text: height = 0.05
73.2966 	EXP 	Stroop_text: height = 0.05
73.2966 	EXP 	Stroop_text: height = 0.05
73.2966 	EXP 	Stroop_text: text = 'BLUE'
73.2966 	EXP 	fixation_polygon: autoDraw = True
73.7986 	INFO 	Keyboard events cleared
73.7968 	EXP 	fixation_polygon: autoDraw = False
73.7968 	EXP 	Stroop_text: autoDraw = True
74.6173 	EXP 	New trial (rep=11, index=1): <Trial 45 (1 in rep 11) data={'Word': 'RED', 'Colour': 'blue', 'stim_condition': 'I', 'Corr_resp': 'b', 'thisN': 45, 'thisTrialN': 1, 'thisRepN': 11}>
74.6234 	DATA 	Keypress: r
74.6298 	EXP 	fixation_polygon: autoDraw = False
74.6298 	EXP 	Stroop_text: autoDraw = False
74.6298 	EXP 	Stroop_text: foreColor = <psychopy.colors.Color: blue, alpha=1.0>
74.6298 	EXP 	Stroop_text: height = 0.05
74.6298 	EXP 	Stroop_text: height = 0.05
74.6298 	EXP 	Stroop_text: height = 0.05
74.6298 	EXP 	Stroop_text: text = 'RED'
74.6298 	EXP 	fixation_polygon: autoDraw = True
75.1316 	INFO 	Keyboard events cleared
75.1309 	EXP 	fixation_polygon: autoDraw = False
75.1309 	EXP 	Stroop_text: autoDraw = True
75.8842 	EXP 	New trial (rep=11, index=2): <Trial 46 (2 in rep 11) data={'Word': 'RED', 'Colour': 'red', 'stim_condition': 'C', 'Corr_resp': 'r', 'thisN': 46, 'thisTrialN': 2, 'thisRepN': 11}>
75.8866 	DATA 	Keypress: b
75.8962 	EXP 	fixation_polygon: autoDraw = False
75.8962 	EXP 	Stroop_text: autoDraw = False
75.8962 	EXP 	Stroop_text: foreColor = <psychopy.colors.Color: red, alpha=1.0>
75.8962 	EXP 	Stroop_text: text = 'RED'
75.8962 	EXP 	fixation_polygon: autoDraw = True
76.3975 	INFO 	Keyboard events cleared
76.3966 	EXP 	fixation_polygon: autoDraw = False
76.3966 	EXP 	Stroop_text: autoDraw = True
77.2815 	EXP 	New trial (rep=11, index=3): <Trial 47 (3 in rep 11) data={'Word': 'BLUE', 'Colour': 'blue', 'stim_condition': 'C', 'Corr_resp': 'b', 'thisN': 47, 'thisTrialN': 3, 'thisRepN': 11}>
77.2887 	DATA 	Keypress: r
77.2961 	EXP 	fixation_polygon: autoDraw = False
77.2961 	EXP 	Stroop_text: autoDraw = False
77.2961 	EXP 	Stroop_text: foreColor = <psychopy.colors.Color: blue, alpha=1.0>
77.2961 	EXP 	Stroop_text: height = 0.05
77.2961 	EXP 	Stroop_text: height = 0.05
77.2961 	EXP 	Stroop_text: height = 0.05
77.2961 	EXP 	Stroop_text: text = 'BLUE'
77.2961 	EXP 	fixation_polygon: autoDraw = True
77.5499 	DATA 	Keypress: r
77.7991 	INFO 	Keyboard events cleared
77.7974 	EXP 	fixation_polygon: autoDraw = False
77.7974 	EXP 	Stroop_text: autoDraw = True
78.4041 	DATA 	Keypress: b
78.4148 	EXP 	New trial (rep=12, index=0): <Trial 48 (0 in rep 12) data={'Word': 'RED', 'Colour': 'red', 'stim_condition': 'C', 'Corr_resp': 'r', 'thisN': 48, 'thisTrialN': 0, 'thisRepN': 12}>
78.4298 	EXP 	fixation_polygon: autoDraw = False
78.4298 	EXP 	Stroop_text: autoDraw = False
78.4298 	EXP 	Stroop_text: foreColor = <psychopy.colors.Color: red, alpha=1.0>
78.4298 	EXP 	Stroop_text: height = 0.05
78.4298 	EXP 	Stroop_text: height = 0.05
78.4298 	EXP 	Stroop_text: height = 0.05
78.4298 	EXP 	Stroop_text: text = 'RED'
78.4298 	EXP 	fixation_polygon: autoDraw = True
78.9310 	INFO 	Keyboard events cleared
78.9299 	EXP 	fixation_polygon: autoDraw = False
78.9299 	EXP 	Stroop_text: autoDraw = True
79.4987 	EXP 	New trial (rep=12, index=1): <Trial 49 (1 in rep 12) data={'Word': 'BLUE', 'Colour': 'blue', 'stim_condition': 'C', 'Corr_resp': 'b', 'thisN': 49, 'thisTrialN': 1, 'thisRepN': 12}>
79.5042 	DATA 	Keypress: r
79.5130 	EXP 	fixation_polygon: autoDraw = False
79.5130 	EXP 	Stroop_text: autoDraw = False
79.5130 	EXP 	Stroop_text: foreColor = <psychopy.colors.Color: blue, alpha=1.0>
79.5130 	EXP 	Stroop_text: height = 0.05
79.5130 	EXP 	Stroop_text: height = 0.05
79.5130 	EXP 	Stroop_text: height = 0.05
79.5130 	EXP 	Stroop_text: text = 'BLUE'
79.5130 	EXP 	fixation_polygon: autoDraw = True
80.0142 	INFO 	Keyboard events cleared
80.0134 	EXP 	fixation_polygon: autoDraw = False
80.0134 	EXP 	Stroop_text: autoDraw = True
80.4037 	DATA 	Keypress: b
80.4169 	EXP 	New trial (rep=12, index=2): <Trial 50 (2 in rep 12) data={'Word': 'RED', 'Colour': 'blue', 'stim_condition': 'I', 'Corr_resp': 'b', 'thisN': 50, 'thisTrialN': 2, 'thisRepN': 12}>
80.4297 	EXP 	fixation_polygon: autoDraw = False
80.4297 	EXP 	Stroop_text: autoDraw = False
80.4297 	EXP 	Stroop_text: foreColor = <psychopy.colors.Color: blue, alpha=1.0>
80.4297 	EXP 	Stroop_text: height = 0.05
80.4297 	EXP 	Stroop_text: height = 0.05
80.4297 	EXP 	Stroop_text: height = 0.05
80.4297 	EXP 	Stroop_text: text = 'RED'
80.4297 	EXP 	fixation_polygon: autoDraw = True
80.9305 	INFO 	Keyboard events cleared
80.9296 	EXP 	fixation_polygon: autoDraw = False
80.9296 	EXP 	Stroop_text: autoDraw = True
81.5162 	EXP 	New trial (rep=12, index=3): <Trial 51 (3 in rep 12) data={'Word': 'BLUE', 'Colour': 'red', 'stim_condition': 'I', 'Corr_resp': 'r', 'thisN': 51, 'thisTrialN': 3, 'thisRepN': 12}>
81.5231 	DATA 	Keypress: b
81.5297 	EXP 	fixation_polygon: autoDraw = False
81.5297 	EXP 	Stroop_text: autoDraw = False
81.5297 	EXP 	Stroop_text: foreColor = <psychopy.colors.Color: red, alpha=1.0>
81.5297 	EXP 	Stroop_text: height = 0.05
81.5297 	EXP 	Stroop_text: height = 0.05
81.5297 	EXP 	Stroop_text: height = 0.05
81.5297 	EXP 	Stroop_text: text = 'BLUE'
81.5297 	EXP 	fixation_polygon: autoDraw = True
82.0307 	INFO 	Keyboard events cleared
82.0298 	EXP 	fixation_polygon: autoDraw = False
82.0298 	EXP 	Stroop_text: autoDraw = True
82.9654 	EXP 	New trial (rep=13, index=0): <Trial 52 (0 in rep 13) data={'Word': 'RED', 'Colour': 'red', 'stim_condition': 'C', 'Corr_resp': 'r', 'thisN': 52, 'thisTrialN': 0, 'thisRepN': 13}>
82.9715 	DATA 	Keypress: b
82.9796 	EXP 	fixation_polygon: autoDraw = False
82.9796 	EXP 	Stroop_text: autoDraw = False
82.9796 	EXP 	Stroop_text: foreColor = <psychopy.colors.Color: red, alpha=1.0>
82.9796 	EXP 	Stroop_text: height = 0.05
82.9796 	EXP 	Stroop_text: height = 0.05
82.9796 	EXP 	Stroop_text: height = 0.05
82.9796 	EXP 	Stroop_text: text = 'RED'
82.9796 	EXP 	fixation_polygon: autoDraw = True
83.4921 	INFO 	Keyboard events cleared
83.4850 	EXP 	fixation_polygon: autoDraw = False
83.4850 	EXP 	Stroop_text: autoDraw = True
84.4994 	EXP 	New trial (rep=13, index=1): <Trial 53 (1 in rep 13) data={'Word': 'RED', 'Colour': 'blue', 'stim_condition': 'I', 'Corr_resp': 'b', 'thisN': 53, 'thisTrialN': 1, 'thisRepN': 13}>
84.5020 	DATA 	Keypress: r
84.5129 	EXP 	fixation_polygon: autoDraw = False
84.5129 	EXP 	Stroop_text: autoDraw = False
84.5129 	EXP 	Stroop_text: foreColor = <psychopy.colors.Color: blue, alpha=1.0>
84.5129 	EXP 	Stroop_text: text = 'RED'
84.5129 	EXP 	fixation_polygon: autoDraw = True
85.0141 	INFO 	Keyboard events cleared
85.0131 	EXP 	fixation_polygon: autoDraw = False
85.0131 	EXP 	Stroop_text: autoDraw = True
85.9852 	DATA 	Keypress: b
85.9991 	EXP 	New trial (rep=13, index=2): <Trial 54 (2 in rep 13) data={'Word': 'BLUE', 'Colour': 'blue', 'stim_condition': 'C', 'Corr_resp': 'b', 'thisN': 54, 'thisTrialN': 2, 'thisRepN': 13}>
86.0128 	EXP 	fixation_polygon: autoDraw = False
86.0128 	EXP 	Stroop_text: autoDraw = False
86.0128 	EXP 	Stroop_text: foreColor = <psychopy.colors.Color: blue, alpha=1.0>
86.0128 	EXP 	Stroop_text: height = 0.05
86.0128 	EXP 	Stroop_text: height = 0.05
86.0128 	EXP 	Stroop_text: height = 0.05
86.0128 	EXP 	Stroop_text: text = 'BLUE'
86.0128 	EXP 	fixation_polygon: autoDraw = True
86.5141 	INFO 	Keyboard events cleared
86.5131 	EXP 	fixation_polygon: autoDraw = False
86.5131 	EXP 	Stroop_text: autoDraw = True
87.5022 	DATA 	Keypress: b
87.5157 	EXP 	New trial (rep=13, index=3): <Trial 55 (3 in rep 13) data={'Word': 'BLUE', 'Colour': 'red', 'stim_condition': 'I', 'Corr_resp': 'r', 'thisN': 55, 'thisTrialN': 3, 'thisRepN': 13}>
87.5295 	EXP 	fixation_polygon: autoDraw = False
87.5295 	EXP 	Stroop_text: autoDraw = False
87.5295 	EXP 	Stroop_text: foreColor = <psychopy.colors.Color: red, alpha=1.0>
87.5295 	EXP 	Stroop_text: text = 'BLUE'
87.5295 	EXP 	fixation_polygon: autoDraw = True
88.0306 	INFO 	Keyboard events cleared
88.0297 	EXP 	fixation_polygon: autoDraw = False
88.0297 	EXP 	Stroop_text: autoDraw = True
88.6172 	DATA 	Keypress: r
88.6318 	EXP 	New trial (rep=14, index=0): <Trial 56 (0 in rep 14) data={'Word': 'BLUE', 'Colour': 'blue', 'stim_condition': 'C', 'Corr_resp': 'b', 'thisN': 56, 'thisTrialN': 0, 'thisRepN': 14}>
88.6461 	EXP 	fixation_polygon: autoDraw = False
88.6461 	EXP 	Stroop_text: autoDraw = False
88.6461 	EXP 	Stroop_text: foreColor = <psychopy.colors.Color: blue, alpha=1.0>
88.6461 	EXP 	Stroop_text: text = 'BLUE'
88.6461 	EXP 	fixation_polygon: autoDraw = True
89.1484 	INFO 	Keyboard events cleared
89.1469 	EXP 	fixation_polygon: autoDraw = False
89.1469 	EXP 	Stroop_text: autoDraw = True
89.7995 	EXP 	New trial (rep=14, index=1): <Trial 57 (1 in rep 14) data={'Word': 'RED', 'Colour': 'red', 'stim_condition': 'C', 'Corr_resp': 'r', 'thisN': 57, 'thisTrialN': 1, 'thisRepN': 14}>
89.8057 	DATA 	Keypress: b
89.8129 	EXP 	fixation_polygon: autoDraw = False
89.8129 	EXP 	Stroop_text: autoDraw = False
89.8129 	EXP 	Stroop_text: foreColor = <psychopy.colors.Color: red, alpha=1.0>
89.8129 	EXP 	Stroop_text: height = 0.05
89.8129 	EXP 	Stroop_text: height = 0.05
89.8129 	EXP 	Stroop_text: height = 0.05
89.8129 	EXP 	Stroop_text: text = 'RED'
89.8129 	EXP 	fixation_polygon: autoDraw = True
90.3142 	INFO 	Keyboard events cleared
90.3129 	EXP 	fixation_polygon: autoDraw = False
90.3129 	EXP 	Stroop_text: autoDraw = True
90.8188 	EXP 	New trial (rep=14, index=2): <Trial 58 (2 in rep 14) data={'Word': 'BLUE', 'Colour': 'red', 'stim_condition': 'I', 'Corr_resp': 'r', 'thisN': 58, 'thisTrialN': 2, 'thisRepN': 14}>
90.8242 	DATA 	Keypress: r
90.8296 	EXP 	fixation_polygon: autoDraw = False
90.8296 	EXP 	Stroop_text: autoDraw = False
90.8296 	EXP 	Stroop_text: foreColor = <psychopy.colors.Color: red, alpha=1.0>
90.8296 	EXP 	Stroop_text: height = 0.05
90.8296 	EXP 	Stroop_text: height = 0.05
90.8296 	EXP 	Stroop_text: height = 0.05
90.8296 	EXP 	Stroop_text: text = 'BLUE'
90.8296 	EXP 	fixation_polygon: autoDraw = True
91.3315 	INFO 	Keyboard events cleared
91.3301 	EXP 	fixation_polygon: autoDraw = False
91.3301 	EXP 	Stroop_text: autoDraw = True
92.0152 	EXP 	New trial (rep=14, index=3): <Trial 59 (3 in rep 14) data={'Word': 'RED', 'Colour': 'blue', 'stim_condition': 'I', 'Corr_resp': 'b', 'thisN': 59, 'thisTrialN': 3, 'thisRepN': 14}>
92.0217 	DATA 	Keypress: b
92.0295 	EXP 	fixation_polygon: autoDraw = False
92.0295 	EXP 	Stroop_text: autoDraw = False
92.0295 	EXP 	Stroop_text: foreColor = <psychopy.colors.Color: blue, alpha=1.0>
92.0295 	EXP 	Stroop_text: height = 0.05
92.0295 	EXP 	Stroop_text: height = 0.05
92.0295 	EXP 	Stroop_text: height = 0.05
92.0295 	EXP 	Stroop_text: text = 'RED'
92.0295 	EXP 	fixation_polygon: autoDraw = True
92.5306 	INFO 	Keyboard events cleared
92.5296 	EXP 	fixation_polygon: autoDraw = False
92.5296 	EXP 	Stroop_text: autoDraw = True
93.8320 	EXP 	New trial (rep=15, index=0): <Trial 60 (0 in rep 15) data={'Word': 'RED', 'Colour': 'red', 'stim_condition': 'C', 'Corr_resp': 'r', 'thisN': 60, 'thisTrialN': 0, 'thisRepN': 15}>
93.8349 	DATA 	Keypress: b
93.8460 	EXP 	fixation_polygon: autoDraw = False
93.8460 	EXP 	Stroop_text: autoDraw = False
93.8460 	EXP 	Stroop_text: foreColor = <psychopy.colors.Color: red, alpha=1.0>
93.8460 	EXP 	Stroop_text: text = 'RED'
93.8460 	EXP 	fixation_polygon: autoDraw = True
94.3468 	INFO 	Keyboard events cleared
94.3461 	EXP 	fixation_polygon: autoDraw = False
94.3461 	EXP 	Stroop_text: autoDraw = True
94.9825 	EXP 	New trial (rep=15, index=1): <Trial 61 (1 in rep 15) data={'Word': 'BLUE', 'Colour': 'red', 'stim_condition': 'I', 'Corr_resp': 'r', 'thisN': 61, 'thisTrialN': 1, 'thisRepN': 15}>
94.9888 	DATA 	Keypress: r
94.9962 	EXP 	fixation_polygon: autoDraw = False
94.9962 	EXP 	Stroop_text: autoDraw = False
94.9962 	EXP 	Stroop_text: foreColor = <psychopy.colors.Color: red, alpha=1.0>
94.9962 	EXP 	Stroop_text: height = 0.05
94.9962 	EXP 	Stroop_text: height = 0.05
94.9962 	EXP 	Stroop_text: height = 0.05
94.9962 	EXP 	Stroop_text: text = 'BLUE'
94.9962 	EXP 	fixation_polygon: autoDraw = True
95.4988 	INFO 	Keyboard events cleared
95.4971 	EXP 	fixation_polygon: autoDraw = False
95.4971 	EXP 	Stroop_text: autoDraw = True
96.2164 	EXP 	New trial (rep=15, index=2): <Trial 62 (2 in rep 15) data={'Word': 'BLUE', 'Colour': 'blue', 'stim_condition': 'C', 'Corr_resp': 'b', 'thisN': 62, 'thisTrialN': 2, 'thisRepN': 15}>
96.2188 	DATA 	Keypress: r
96.2294 	EXP 	fixation_polygon: autoDraw = False
96.2294 	EXP 	Stroop_text: autoDraw = False
96.2294 	EXP 	Stroop_text: foreColor = <psychopy.colors.Color: blue, alpha=1.0>
96.2294 	EXP 	Stroop_text: text = 'BLUE'
96.2294 	EXP 	fixation_polygon: autoDraw = True
96.7300 	INFO 	Keyboard events cleared
96.7293 	EXP 	fixation_polygon: autoDraw = False
96.7293 	EXP 	Stroop_text: autoDraw = True
97.7277 	EXP 	New trial (rep=15, index=3): <Trial 63 (3 in rep 15) data={'Word': 'RED', 'Colour': 'blue', 'stim_condition': 'I', 'Corr_resp': 'b', 'thisN': 63, 'thisTrialN': 3, 'thisRepN': 15}>
97.7355 	DATA 	Keypress: b
97.7387 	EXP 	fixation_polygon: autoDraw = False
97.7387 	EXP 	Stroop_text: autoDraw = False
97.7387 	EXP 	Stroop_text: foreColor = <psychopy.colors.Color: blue, alpha=1.0>
97.7387 	EXP 	Stroop_text: height = 0.05
97.7387 	EXP 	Stroop_text: height = 0.05
97.7387 	EXP 	Stroop_text: height = 0.05
97.7387 	EXP 	Stroop_text: text = 'RED'
97.7387 	EXP 	fixation_polygon: autoDraw = True
98.2305 	INFO 	Keyboard events cleared
98.2297 	EXP 	fixation_polygon: autoDraw = False
98.2297 	EXP 	Stroop_text: autoDraw = True
99.5315 	EXP 	New trial (rep=16, index=0): <Trial 64 (0 in rep 16) data={'Word': 'BLUE', 'Colour': 'red', 'stim_condition': 'I', 'Corr_resp': 'r', 'thisN': 64, 'thisTrialN': 0, 'thisRepN': 16}>
99.5386 	DATA 	Keypress: b
99.5458 	EXP 	fixation_polygon: autoDraw = False
99.5458 	EXP 	Stroop_text: autoDraw = False
99.5458 	EXP 	Stroop_text: foreColor = <psychopy.colors.Color: red, alpha=1.0>
99.5458 	EXP 	Stroop_text: height = 0.05
99.5458 	EXP 	Stroop_text: height = 0.05
99.5458 	EXP 	Stroop_text: height = 0.05
99.5458 	EXP 	Stroop_text: text = 'BLUE'
99.5458 	EXP 	fixation_polygon: autoDraw = True
100.0465 	INFO 	Keyboard events cleared
100.0459 	EXP 	fixation_polygon: autoDraw = False
100.0459 	EXP 	Stroop_text: autoDraw = True
100.6185 	DATA 	Keypress: r
100.6322 	EXP 	New trial (rep=16, index=1): <Trial 65 (1 in rep 16) data={'Word': 'RED', 'Colour': 'blue', 'stim_condition': 'I', 'Corr_resp': 'b', 'thisN': 65, 'thisTrialN': 1, 'thisRepN': 16}>
100.6459 	EXP 	fixation_polygon: autoDraw = False
100.6459 	EXP 	Stroop_text: autoDraw = False
100.6459 	EXP 	Stroop_text: foreColor = <psychopy.colors.Color: blue, alpha=1.0>
100.6459 	EXP 	Stroop_text: height = 0.05
100.6459 	EXP 	Stroop_text: height = 0.05
100.6459 	EXP 	Stroop_text: height = 0.05
100.6459 	EXP 	Stroop_text: text = 'RED'
100.6459 	EXP 	fixation_polygon: autoDraw = True
101.1476 	INFO 	Keyboard events cleared
101.1464 	EXP 	fixation_polygon: autoDraw = False
101.1464 	EXP 	Stroop_text: autoDraw = True
101.5670 	EXP 	New trial (rep=16, index=2): <Trial 66 (2 in rep 16) data={'Word': 'RED', 'Colour': 'red', 'stim_condition': 'C', 'Corr_resp': 'r', 'thisN': 66, 'thisTrialN': 2, 'thisRepN': 16}>
101.5697 	DATA 	Keypress: b
101.5795 	EXP 	fixation_polygon: autoDraw = False
101.5795 	EXP 	Stroop_text: autoDraw = False
101.5795 	EXP 	Stroop_text: foreColor = <psychopy.colors.Color: red, alpha=1.0>
101.5795 	EXP 	Stroop_text: text = 'RED'
101.5795 	EXP 	fixation_polygon: autoDraw = True
102.0806 	INFO 	Keyboard events cleared
102.0796 	EXP 	fixation_polygon: autoDraw = False
102.0796 	EXP 	Stroop_text: autoDraw = True
103.3317 	EXP 	New trial (rep=16, index=3): <Trial 67 (3 in rep 16) data={'Word': 'BLUE', 'Colour': 'blue', 'stim_condition': 'C', 'Corr_resp': 'b', 'thisN': 67, 'thisTrialN': 3, 'thisRepN': 16}>
103.3397 	DATA 	Keypress: r
103.3460 	EXP 	fixation_polygon: autoDraw = False
103.3460 	EXP 	Stroop_text: autoDraw = False
103.3460 	EXP 	Stroop_text: foreColor = <psychopy.colors.Color: blue, alpha=1.0>
103.3460 	EXP 	Stroop_text: height = 0.05
103.3460 	EXP 	Stroop_text: height = 0.05
103.3460 	EXP 	Stroop_text: height = 0.05
103.3460 	EXP 	Stroop_text: text = 'BLUE'
103.3460 	EXP 	fixation_polygon: autoDraw = True
103.5824 	DATA 	Keypress: r
103.8468 	INFO 	Keyboard events cleared
103.8460 	EXP 	fixation_polygon: autoDraw = False
103.8460 	EXP 	Stroop_text: autoDraw = True
104.3006 	EXP 	New trial (rep=17, index=0): <Trial 68 (0 in rep 17) data={'Word': 'RED', 'Colour': 'red', 'stim_condition': 'C', 'Corr_resp': 'r', 'thisN': 68, 'thisTrialN': 0, 'thisRepN': 17}>
104.3066 	DATA 	Keypress: b
104.3125 	EXP 	fixation_polygon: autoDraw = False
104.3125 	EXP 	Stroop_text: autoDraw = False
104.3125 	EXP 	Stroop_text: foreColor = <psychopy.colors.Color: red, alpha=1.0>
104.3125 	EXP 	Stroop_text: height = 0.05
104.3125 	EXP 	Stroop_text: height = 0.05
104.3125 	EXP 	Stroop_text: height = 0.05
104.3125 	EXP 	Stroop_text: text = 'RED'
104.3125 	EXP 	fixation_polygon: autoDraw = True
104.8134 	INFO 	Keyboard events cleared
104.8125 	EXP 	fixation_polygon: autoDraw = False
104.8125 	EXP 	Stroop_text: autoDraw = True
105.4991 	EXP 	New trial (rep=17, index=1): <Trial 69 (1 in rep 17) data={'Word': 'BLUE', 'Colour': 'red', 'stim_condition': 'I', 'Corr_resp': 'r', 'thisN': 69, 'thisTrialN': 1, 'thisRepN': 17}>
105.5065 	DATA 	Keypress: r
105.5123 	EXP 	fixation_polygon: autoDraw = False
105.5123 	EXP 	Stroop_text: autoDraw = False
105.5123 	EXP 	Stroop_text: foreColor = <psychopy.colors.Color: red, alpha=1.0>
105.5123 	EXP 	Stroop_text: height = 0.05
105.5123 	EXP 	Stroop_text: height = 0.05
105.5123 	EXP 	Stroop_text: height = 0.05
105.5123 	EXP 	Stroop_text: text = 'BLUE'
105.5123 	EXP 	fixation_polygon: autoDraw = True
106.0136 	INFO 	Keyboard events cleared
106.0125 	EXP 	fixation_polygon: autoDraw = False
106.0125 	EXP 	Stroop_text: autoDraw = True
106.7850 	EXP 	New trial (rep=17, index=2): <Trial 70 (2 in rep 17) data={'Word': 'BLUE', 'Colour': 'blue', 'stim_condition': 'C', 'Corr_resp': 'b', 'thisN': 70, 'thisTrialN': 2, 'thisRepN': 17}>
106.7879 	DATA 	Keypress: r
106.7967 	EXP 	fixation_polygon: autoDraw = False
106.7967 	EXP 	Stroop_text: autoDraw = False
106.7967 	EXP 	Stroop_text: foreColor = <psychopy.colors.Color: blue, alpha=1.0>
106.7967 	EXP 	Stroop_text: text = 'BLUE'
106.7967 	EXP 	fixation_polygon: autoDraw = True
107.2972 	INFO 	Keyboard events cleared
107.2962 	EXP 	fixation_polygon: autoDraw = False
107.2962 	EXP 	Stroop_text: autoDraw = True
108.1986 	EXP 	New trial (rep=17, index=3): <Trial 71 (3 in rep 17) data={'Word': 'RED', 'Colour': 'blue', 'stim_condition': 'I', 'Corr_resp': 'b', 'thisN': 71, 'thisTrialN': 3, 'thisRepN': 17}>
108.2053 	DATA 	Keypress: b
108.2123 	EXP 	fixation_polygon: autoDraw = False
108.2123 	EXP 	Stroop_text: autoDraw = False
108.2123 	EXP 	Stroop_text: foreColor = <psychopy.colors.Color: blue, alpha=1.0>
108.2123 	EXP 	Stroop_text: height = 0.05
108.2123 	EXP 	Stroop_text: height = 0.05
108.2123 	EXP 	Stroop_text: height = 0.05
108.2123 	EXP 	Stroop_text: text = 'RED'
108.2123 	EXP 	fixation_polygon: autoDraw = True
108.7136 	INFO 	Keyboard events cleared
108.7127 	EXP 	fixation_polygon: autoDraw = False
108.7127 	EXP 	Stroop_text: autoDraw = True
109.5309 	EXP 	New trial (rep=18, index=0): <Trial 72 (0 in rep 18) data={'Word': 'BLUE', 'Colour': 'blue', 'stim_condition': 'C', 'Corr_resp': 'b', 'thisN': 72, 'thisTrialN': 0, 'thisRepN': 18}>
109.5363 	DATA 	Keypress: b
109.5459 	EXP 	fixation_polygon: autoDraw = False
109.5459 	EXP 	Stroop_text: autoDraw = False
109.5459 	EXP 	Stroop_text: foreColor = <psychopy.colors.Color: blue, alpha=1.0>
109.5459 	EXP 	Stroop_text: height = 0.05
109.5459 	EXP 	Stroop_text: height = 0.05
109.5459 	EXP 	Stroop_text: height = 0.05
109.5459 	EXP 	Stroop_text: text = 'BLUE'
109.5459 	EXP 	fixation_polygon: autoDraw = True
110.0471 	INFO 	Keyboard events cleared
110.0461 	EXP 	fixation_polygon: autoDraw = False
110.0461 	EXP 	Stroop_text: autoDraw = True
110.7487 	EXP 	New trial (rep=18, index=1): <Trial 73 (1 in rep 18) data={'Word': 'RED', 'Colour': 'blue', 'stim_condition': 'I', 'Corr_resp': 'b', 'thisN': 73, 'thisTrialN': 1, 'thisRepN': 18}>
110.7547 	DATA 	Keypress: b
110.7624 	EXP 	fixation_polygon: autoDraw = False
110.7624 	EXP 	Stroop_text: autoDraw = False
110.7624 	EXP 	Stroop_text: foreColor = <psychopy.colors.Color: blue, alpha=1.0>
110.7624 	EXP 	Stroop_text: height = 0.05
110.7624 	EXP 	Stroop_text: height = 0.05
110.7624 	EXP 	Stroop_text: height = 0.05
110.7624 	EXP 	Stroop_text: text = 'RED'
110.7624 	EXP 	fixation_polygon: autoDraw = True
111.2630 	INFO 	Keyboard events cleared
111.2623 	EXP 	fixation_polygon: autoDraw = False
111.2623 	EXP 	Stroop_text: autoDraw = True
111.9542 	EXP 	New trial (rep=18, index=2): <Trial 74 (2 in rep 18) data={'Word': 'BLUE', 'Colour': 'red', 'stim_condition': 'I', 'Corr_resp': 'r', 'thisN': 74, 'thisTrialN': 2, 'thisRepN': 18}>
111.9915 	DATA 	Keypress: b
112.0007 	EXP 	fixation_polygon: autoDraw = False
112.0007 	EXP 	Stroop_text: autoDraw = False
112.0007 	EXP 	Stroop_text: foreColor = <psychopy.colors.Color: red, alpha=1.0>
112.0007 	EXP 	Stroop_text: height = 0.05
112.0007 	EXP 	Stroop_text: height = 0.05
112.0007 	EXP 	Stroop_text: height = 0.05
112.0007 	EXP 	Stroop_text: text = 'BLUE'
112.0007 	EXP 	fixation_polygon: autoDraw = True
112.4630 	INFO 	Keyboard events cleared
112.4623 	EXP 	fixation_polygon: autoDraw = False
112.4623 	EXP 	Stroop_text: autoDraw = True
113.0654 	EXP 	New trial (rep=18, index=3): <Trial 75 (3 in rep 18) data={'Word': 'RED', 'Colour': 'red', 'stim_condition': 'C', 'Corr_resp': 'r', 'thisN': 75, 'thisTrialN': 3, 'thisRepN': 18}>
113.0714 	DATA 	Keypress: r
113.0792 	EXP 	fixation_polygon: autoDraw = False
113.0792 	EXP 	Stroop_text: autoDraw = False
113.0792 	EXP 	Stroop_text: foreColor = <psychopy.colors.Color: red, alpha=1.0>
113.0792 	EXP 	Stroop_text: height = 0.05
113.0792 	EXP 	Stroop_text: height = 0.05
113.0792 	EXP 	Stroop_text: height = 0.05
113.0792 	EXP 	Stroop_text: text = 'RED'
113.0792 	EXP 	fixation_polygon: autoDraw = True
113.5799 	INFO 	Keyboard events cleared
113.5792 	EXP 	fixation_polygon: autoDraw = False
113.5792 	EXP 	Stroop_text: autoDraw = True
113.9169 	EXP 	New trial (rep=19, index=0): <Trial 76 (0 in rep 19) data={'Word': 'RED', 'Colour': 'red', 'stim_condition': 'C', 'Corr_resp': 'r', 'thisN': 76, 'thisTrialN': 0, 'thisRepN': 19}>
113.9207 	DATA 	Keypress: b
113.9291 	EXP 	fixation_polygon: autoDraw = False
113.9291 	EXP 	Stroop_text: autoDraw = False
113.9291 	EXP 	Stroop_text: foreColor = <psychopy.colors.Color: red, alpha=1.0>
113.9291 	EXP 	Stroop_text: text = 'RED'
113.9291 	EXP 	fixation_polygon: autoDraw = True
114.4307 	INFO 	Keyboard events cleared
114.4295 	EXP 	fixation_polygon: autoDraw = False
114.4295 	EXP 	Stroop_text: autoDraw = True
115.3328 	EXP 	New trial (rep=19, index=1): <Trial 77 (1 in rep 19) data={'Word': 'BLUE', 'Colour': 'blue', 'stim_condition': 'C', 'Corr_resp': 'b', 'thisN': 77, 'thisTrialN': 1, 'thisRepN': 19}>
115.3386 	DATA 	Keypress: b
115.3456 	EXP 	fixation_polygon: autoDraw = False
115.3456 	EXP 	Stroop_text: autoDraw = False
115.3456 	EXP 	Stroop_text: foreColor = <psychopy.colors.Color: blue, alpha=1.0>
115.3456 	EXP 	Stroop_text: height = 0.05
115.3456 	EXP 	Stroop_text: height = 0.05
115.3456 	EXP 	Stroop_text: height = 0.05
115.3456 	EXP 	Stroop_text: text = 'BLUE'
115.3456 	EXP 	fixation_polygon: autoDraw = True
115.8470 	INFO 	Keyboard events cleared
115.8459 	EXP 	fixation_polygon: autoDraw = False
115.8459 	EXP 	Stroop_text: autoDraw = True
116.3477 	EXP 	New trial (rep=19, index=2): <Trial 78 (2 in rep 19) data={'Word': 'RED', 'Colour': 'blue', 'stim_condition': 'I', 'Corr_resp': 'b', 'thisN': 78, 'thisTrialN': 2, 'thisRepN': 19}>
116.3534 	DATA 	Keypress: b
116.3624 	EXP 	fixation_polygon: autoDraw = False
116.3624 	EXP 	Stroop_text: autoDraw = False
116.3624 	EXP 	Stroop_text: foreColor = <psychopy.colors.Color: blue, alpha=1.0>
116.3624 	EXP 	Stroop_text: height = 0.05
116.3624 	EXP 	Stroop_text: height = 0.05
116.3624 	EXP 	Stroop_text: height = 0.05
116.3624 	EXP 	Stroop_text: text = 'RED'
116.3624 	EXP 	fixation_polygon: autoDraw = True
116.8630 	INFO 	Keyboard events cleared
116.8623 	EXP 	fixation_polygon: autoDraw = False
116.8623 	EXP 	Stroop_text: autoDraw = True
117.5809 	EXP 	New trial (rep=19, index=3): <Trial 79 (3 in rep 19) data={'Word': 'BLUE', 'Colour': 'red', 'stim_condition': 'I', 'Corr_resp': 'r', 'thisN': 79, 'thisTrialN': 3, 'thisRepN': 19}>
117.5871 	DATA 	Keypress: r
117.5954 	EXP 	fixation_polygon: autoDraw = False
117.5954 	EXP 	Stroop_text: autoDraw = False
117.5954 	EXP 	Stroop_text: foreColor = <psychopy.colors.Color: red, alpha=1.0>
117.5954 	EXP 	Stroop_text: height = 0.05
117.5954 	EXP 	Stroop_text: height = 0.05
117.5954 	EXP 	Stroop_text: height = 0.05
117.5954 	EXP 	Stroop_text: text = 'BLUE'
117.5954 	EXP 	fixation_polygon: autoDraw = True
118.0800 	INFO 	Keyboard events cleared
118.0792 	EXP 	fixation_polygon: autoDraw = False
118.0792 	EXP 	Stroop_text: autoDraw = True
118.5659 	EXP 	New trial (rep=20, index=0): <Trial 80 (0 in rep 20) data={'Word': 'BLUE', 'Colour': 'blue', 'stim_condition': 'C', 'Corr_resp': 'b', 'thisN': 80, 'thisTrialN': 0, 'thisRepN': 20}>
118.5687 	DATA 	Keypress: b
118.5793 	EXP 	fixation_polygon: autoDraw = False
118.5793 	EXP 	Stroop_text: autoDraw = False
118.5793 	EXP 	Stroop_text: foreColor = <psychopy.colors.Color: blue, alpha=1.0>
118.5793 	EXP 	Stroop_text: text = 'BLUE'
118.5793 	EXP 	fixation_polygon: autoDraw = True
119.0807 	INFO 	Keyboard events cleared
119.0795 	EXP 	fixation_polygon: autoDraw = False
119.0795 	EXP 	Stroop_text: autoDraw = True
119.7199 	DATA 	Keypress: b
119.7316 	EXP 	New trial (rep=20, index=1): <Trial 81 (1 in rep 20) data={'Word': 'RED', 'Colour': 'red', 'stim_condition': 'C', 'Corr_resp': 'r', 'thisN': 81, 'thisTrialN': 1, 'thisRepN': 20}>
119.7455 	EXP 	fixation_polygon: autoDraw = False
119.7455 	EXP 	Stroop_text: autoDraw = False
119.7455 	EXP 	Stroop_text: foreColor = <psychopy.colors.Color: red, alpha=1.0>
119.7455 	EXP 	Stroop_text: height = 0.05
119.7455 	EXP 	Stroop_text: height = 0.05
119.7455 	EXP 	Stroop_text: height = 0.05
119.7455 	EXP 	Stroop_text: text = 'RED'
119.7455 	EXP 	fixation_polygon: autoDraw = True
120.2469 	INFO 	Keyboard events cleared
120.2455 	EXP 	fixation_polygon: autoDraw = False
120.2455 	EXP 	Stroop_text: autoDraw = True
121.0338 	EXP 	New trial (rep=20, index=2): <Trial 82 (2 in rep 20) data={'Word': 'BLUE', 'Colour': 'red', 'stim_condition': 'I', 'Corr_resp': 'r', 'thisN': 82, 'thisTrialN': 2, 'thisRepN': 20}>
121.0400 	DATA 	Keypress: r
121.0456 	EXP 	fixation_polygon: autoDraw = False
121.0456 	EXP 	Stroop_text: autoDraw = False
121.0456 	EXP 	Stroop_text: foreColor = <psychopy.colors.Color: red, alpha=1.0>
121.0456 	EXP 	Stroop_text: height = 0.05
121.0456 	EXP 	Stroop_text: height = 0.05
121.0456 	EXP 	Stroop_text: height = 0.05
121.0456 	EXP 	Stroop_text: text = 'BLUE'
121.0456 	EXP 	fixation_polygon: autoDraw = True
121.5468 	INFO 	Keyboard events cleared
121.5458 	EXP 	fixation_polygon: autoDraw = False
121.5458 	EXP 	Stroop_text: autoDraw = True
122.4826 	EXP 	New trial (rep=20, index=3): <Trial 83 (3 in rep 20) data={'Word': 'RED', 'Colour': 'blue', 'stim_condition': 'I', 'Corr_resp': 'b', 'thisN': 83, 'thisTrialN': 3, 'thisRepN': 20}>
122.4890 	DATA 	Keypress: r
122.4955 	EXP 	fixation_polygon: autoDraw = False
122.4955 	EXP 	Stroop_text: autoDraw = False
122.4955 	EXP 	Stroop_text: foreColor = <psychopy.colors.Color: blue, alpha=1.0>
122.4955 	EXP 	Stroop_text: height = 0.05
122.4955 	EXP 	Stroop_text: height = 0.05
122.4955 	EXP 	Stroop_text: height = 0.05
122.4955 	EXP 	Stroop_text: text = 'RED'
122.4955 	EXP 	fixation_polygon: autoDraw = True
122.9961 	INFO 	Keyboard events cleared
122.9953 	EXP 	fixation_polygon: autoDraw = False
122.9953 	EXP 	Stroop_text: autoDraw = True
123.8161 	EXP 	New trial (rep=21, index=0): <Trial 84 (0 in rep 21) data={'Word': 'RED', 'Colour': 'blue', 'stim_condition': 'I', 'Corr_resp': 'b', 'thisN': 84, 'thisTrialN': 0, 'thisRepN': 21}>
123.8186 	DATA 	Keypress: b
123.8288 	EXP 	fixation_polygon: autoDraw = False
123.8288 	EXP 	Stroop_text: autoDraw = False
123.8288 	EXP 	Stroop_text: foreColor = <psychopy.colors.Color: blue, alpha=1.0>
123.8288 	EXP 	Stroop_text: text = 'RED'
123.8288 	EXP 	fixation_polygon: autoDraw = True
124.3301 	INFO 	Keyboard events cleared
124.3293 	EXP 	fixation_polygon: autoDraw = False
124.3293 	EXP 	Stroop_text: autoDraw = True
124.7369 	DATA 	Keypress: b
124.7473 	EXP 	New trial (rep=21, index=1): <Trial 85 (1 in rep 21) data={'Word': 'RED', 'Colour': 'red', 'stim_condition': 'C', 'Corr_resp': 'r', 'thisN': 85, 'thisTrialN': 1, 'thisRepN': 21}>
124.7624 	EXP 	fixation_polygon: autoDraw = False
124.7624 	EXP 	Stroop_text: autoDraw = False
124.7624 	EXP 	Stroop_text: foreColor = <psychopy.colors.Color: red, alpha=1.0>
124.7624 	EXP 	Stroop_text: text = 'RED'
124.7624 	EXP 	fixation_polygon: autoDraw = True
125.2641 	INFO 	Keyboard events cleared
125.2626 	EXP 	fixation_polygon: autoDraw = False
125.2626 	EXP 	Stroop_text: autoDraw = True
126.2697 	EXP 	New trial (rep=21, index=2): <Trial 86 (2 in rep 21) data={'Word': 'BLUE', 'Colour': 'red', 'stim_condition': 'I', 'Corr_resp': 'r', 'thisN': 86, 'thisTrialN': 2, 'thisRepN': 21}>
126.2752 	DATA 	Keypress: r
126.2790 	EXP 	fixation_polygon: autoDraw = False
126.2790 	EXP 	Stroop_text: autoDraw = False
126.2790 	EXP 	Stroop_text: foreColor = <psychopy.colors.Color: red, alpha=1.0>
126.2790 	EXP 	Stroop_text: height = 0.05
126.2790 	EXP 	Stroop_text: height = 0.05
126.2790 	EXP 	Stroop_text: height = 0.05
126.2790 	EXP 	Stroop_text: text = 'BLUE'
126.2790 	EXP 	fixation_polygon: autoDraw = True
126.7802 	INFO 	Keyboard events cleared
126.7792 	EXP 	fixation_polygon: autoDraw = False
126.7792 	EXP 	Stroop_text: autoDraw = True
127.1160 	EXP 	New trial (rep=21, index=3): <Trial 87 (3 in rep 21) data={'Word': 'BLUE', 'Colour': 'blue', 'stim_condition': 'C', 'Corr_resp': 'b', 'thisN': 87, 'thisTrialN': 3, 'thisRepN': 21}>
127.1185 	DATA 	Keypress: b
127.1291 	EXP 	fixation_polygon: autoDraw = False
127.1291 	EXP 	Stroop_text: autoDraw = False
127.1291 	EXP 	Stroop_text: foreColor = <psychopy.colors.Color: blue, alpha=1.0>
127.1291 	EXP 	Stroop_text: text = 'BLUE'
127.1291 	EXP 	fixation_polygon: autoDraw = True
127.6300 	INFO 	Keyboard events cleared
127.6291 	EXP 	fixation_polygon: autoDraw = False
127.6291 	EXP 	Stroop_text: autoDraw = True
128.3643 	EXP 	New trial (rep=22, index=0): <Trial 88 (0 in rep 22) data={'Word': 'RED', 'Colour': 'red', 'stim_condition': 'C', 'Corr_resp': 'r', 'thisN': 88, 'thisTrialN': 0, 'thisRepN': 22}>
128.3717 	DATA 	Keypress: b
128.3788 	EXP 	fixation_polygon: autoDraw = False
128.3788 	EXP 	Stroop_text: autoDraw = False
128.3788 	EXP 	Stroop_text: foreColor = <psychopy.colors.Color: red, alpha=1.0>
128.3788 	EXP 	Stroop_text: height = 0.05
128.3788 	EXP 	Stroop_text: height = 0.05
128.3788 	EXP 	Stroop_text: height = 0.05
128.3788 	EXP 	Stroop_text: text = 'RED'
128.3788 	EXP 	fixation_polygon: autoDraw = True
128.8796 	INFO 	Keyboard events cleared
128.8789 	EXP 	fixation_polygon: autoDraw = False
128.8789 	EXP 	Stroop_text: autoDraw = True
129.4985 	EXP 	New trial (rep=22, index=1): <Trial 89 (1 in rep 22) data={'Word': 'BLUE', 'Colour': 'blue', 'stim_condition': 'C', 'Corr_resp': 'b', 'thisN': 89, 'thisTrialN': 1, 'thisRepN': 22}>
129.5047 	DATA 	Keypress: r
129.5122 	EXP 	fixation_polygon: autoDraw = False
129.5122 	EXP 	Stroop_text: autoDraw = False
129.5122 	EXP 	Stroop_text: foreColor = <psychopy.colors.Color: blue, alpha=1.0>
129.5122 	EXP 	Stroop_text: height = 0.05
129.5122 	EXP 	Stroop_text: height = 0.05
129.5122 	EXP 	Stroop_text: height = 0.05
129.5122 	EXP 	Stroop_text: text = 'BLUE'
129.5122 	EXP 	fixation_polygon: autoDraw = True
130.0135 	INFO 	Keyboard events cleared
130.0126 	EXP 	fixation_polygon: autoDraw = False
130.0126 	EXP 	Stroop_text: autoDraw = True
130.5496 	EXP 	New trial (rep=22, index=2): <Trial 90 (2 in rep 22) data={'Word': 'BLUE', 'Colour': 'red', 'stim_condition': 'I', 'Corr_resp': 'r', 'thisN': 90, 'thisTrialN': 2, 'thisRepN': 22}>
130.5528 	DATA 	Keypress: b
130.5625 	EXP 	fixation_polygon: autoDraw = False
130.5625 	EXP 	Stroop_text: autoDraw = False
130.5625 	EXP 	Stroop_text: foreColor = <psychopy.colors.Color: red, alpha=1.0>
130.5625 	EXP 	Stroop_text: text = 'BLUE'
130.5625 	EXP 	fixation_polygon: autoDraw = True
131.0632 	INFO 	Keyboard events cleared
131.0623 	EXP 	fixation_polygon: autoDraw = False
131.0623 	EXP 	Stroop_text: autoDraw = True
131.7980 	EXP 	New trial (rep=22, index=3): <Trial 91 (3 in rep 22) data={'Word': 'RED', 'Colour': 'blue', 'stim_condition': 'I', 'Corr_resp': 'b', 'thisN': 91, 'thisTrialN': 3, 'thisRepN': 22}>
131.8040 	DATA 	Keypress: b
131.8122 	EXP 	fixation_polygon: autoDraw = False
131.8122 	EXP 	Stroop_text: autoDraw = False
131.8122 	EXP 	Stroop_text: foreColor = <psychopy.colors.Color: blue, alpha=1.0>
131.8122 	EXP 	Stroop_text: height = 0.05
131.8122 	EXP 	Stroop_text: height = 0.05
131.8122 	EXP 	Stroop_text: height = 0.05
131.8122 	EXP 	Stroop_text: text = 'RED'
131.8122 	EXP 	fixation_polygon: autoDraw = True
132.3135 	INFO 	Keyboard events cleared
132.3123 	EXP 	fixation_polygon: autoDraw = False
132.3123 	EXP 	Stroop_text: autoDraw = True
134.0811 	EXP 	New trial (rep=23, index=0): <Trial 92 (0 in rep 23) data={'Word': 'BLUE', 'Colour': 'red', 'stim_condition': 'I', 'Corr_resp': 'r', 'thisN': 92, 'thisTrialN': 0, 'thisRepN': 23}>
134.0877 	DATA 	Keypress: r
134.0952 	EXP 	fixation_polygon: autoDraw = False
134.0952 	EXP 	Stroop_text: autoDraw = False
134.0952 	EXP 	Stroop_text: foreColor = <psychopy.colors.Color: red, alpha=1.0>
134.0952 	EXP 	Stroop_text: height = 0.05
134.0952 	EXP 	Stroop_text: height = 0.05
134.0952 	EXP 	Stroop_text: height = 0.05
134.0952 	EXP 	Stroop_text: text = 'BLUE'
134.0952 	EXP 	fixation_polygon: autoDraw = True
134.5959 	INFO 	Keyboard events cleared
134.5951 	EXP 	fixation_polygon: autoDraw = False
134.5951 	EXP 	Stroop_text: autoDraw = True
135.6997 	EXP 	New trial (rep=23, index=1): <Trial 93 (1 in rep 23) data={'Word': 'RED', 'Colour': 'blue', 'stim_condition': 'I', 'Corr_resp': 'b', 'thisN': 93, 'thisTrialN': 1, 'thisRepN': 23}>
135.7054 	DATA 	Keypress: b
135.7120 	EXP 	fixation_polygon: autoDraw = False
135.7120 	EXP 	Stroop_text: autoDraw = False
135.7120 	EXP 	Stroop_text: foreColor = <psychopy.colors.Color: blue, alpha=1.0>
135.7120 	EXP 	Stroop_text: height = 0.05
135.7120 	EXP 	Stroop_text: height = 0.05
135.7120 	EXP 	Stroop_text: height = 0.05
135.7120 	EXP 	Stroop_text: text = 'RED'
135.7120 	EXP 	fixation_polygon: autoDraw = True
136.2131 	INFO 	Keyboard events cleared
136.2121 	EXP 	fixation_polygon: autoDraw = False
136.2121 	EXP 	Stroop_text: autoDraw = True
137.5488 	EXP 	New trial (rep=23, index=2): <Trial 94 (2 in rep 23) data={'Word': 'RED', 'Colour': 'red', 'stim_condition': 'C', 'Corr_resp': 'r', 'thisN': 94, 'thisTrialN': 2, 'thisRepN': 23}>
137.5514 	DATA 	Keypress: b
137.5620 	EXP 	fixation_polygon: autoDraw = False
137.5620 	EXP 	Stroop_text: autoDraw = False
137.5620 	EXP 	Stroop_text: foreColor = <psychopy.colors.Color: red, alpha=1.0>
137.5620 	EXP 	Stroop_text: text = 'RED'
137.5620 	EXP 	fixation_polygon: autoDraw = True
138.0632 	INFO 	Keyboard events cleared
138.0623 	EXP 	fixation_polygon: autoDraw = False
138.0623 	EXP 	Stroop_text: autoDraw = True
138.9172 	DATA 	Keypress: r
138.9322 	EXP 	New trial (rep=23, index=3): <Trial 95 (3 in rep 23) data={'Word': 'BLUE', 'Colour': 'blue', 'stim_condition': 'C', 'Corr_resp': 'b', 'thisN': 95, 'thisTrialN': 3, 'thisRepN': 23}>
138.9452 	EXP 	fixation_polygon: autoDraw = False
138.9452 	EXP 	Stroop_text: autoDraw = False
138.9452 	EXP 	Stroop_text: foreColor = <psychopy.colors.Color: blue, alpha=1.0>
138.9452 	EXP 	Stroop_text: height = 0.05
138.9452 	EXP 	Stroop_text: height = 0.05
138.9452 	EXP 	Stroop_text: height = 0.05
138.9452 	EXP 	Stroop_text: text = 'BLUE'
138.9452 	EXP 	fixation_polygon: autoDraw = True
139.4462 	INFO 	Keyboard events cleared
139.4454 	EXP 	fixation_polygon: autoDraw = False
139.4454 	EXP 	Stroop_text: autoDraw = True
140.0159 	DATA 	Keypress: b
140.0303 	EXP 	New trial (rep=24, index=0): <Trial 96 (0 in rep 24) data={'Word': 'BLUE', 'Colour': 'red', 'stim_condition': 'I', 'Corr_resp': 'r', 'thisN': 96, 'thisTrialN': 0, 'thisRepN': 24}>
140.0452 	EXP 	fixation_polygon: autoDraw = False
140.0452 	EXP 	Stroop_text: autoDraw = False
140.0452 	EXP 	Stroop_text: foreColor = <psychopy.colors.Color: red, alpha=1.0>
140.0452 	EXP 	Stroop_text: text = 'BLUE'
140.0452 	EXP 	fixation_polygon: autoDraw = True
140.5467 	INFO 	Keyboard events cleared
140.5455 	EXP 	fixation_polygon: autoDraw = False
140.5455 	EXP 	Stroop_text: autoDraw = True
141.9164 	EXP 	New trial (rep=24, index=1): <Trial 97 (1 in rep 24) data={'Word': 'RED', 'Colour': 'blue', 'stim_condition': 'I', 'Corr_resp': 'b', 'thisN': 97, 'thisTrialN': 1, 'thisRepN': 24}>
141.9232 	DATA 	Keypress: r
141.9287 	EXP 	fixation_polygon: autoDraw = False
141.9287 	EXP 	Stroop_text: autoDraw = False
141.9287 	EXP 	Stroop_text: foreColor = <psychopy.colors.Color: blue, alpha=1.0>
141.9287 	EXP 	Stroop_text: height = 0.05
141.9287 	EXP 	Stroop_text: height = 0.05
141.9287 	EXP 	Stroop_text: height = 0.05
141.9287 	EXP 	Stroop_text: text = 'RED'
141.9287 	EXP 	fixation_polygon: autoDraw = True
142.4295 	INFO 	Keyboard events cleared
142.4286 	EXP 	fixation_polygon: autoDraw = False
142.4286 	EXP 	Stroop_text: autoDraw = True
143.1151 	EXP 	New trial (rep=24, index=2): <Trial 98 (2 in rep 24) data={'Word': 'RED', 'Colour': 'red', 'stim_condition': 'C', 'Corr_resp': 'r', 'thisN': 98, 'thisTrialN': 2, 'thisRepN': 24}>
143.1180 	DATA 	Keypress: b
143.1288 	EXP 	fixation_polygon: autoDraw = False
143.1288 	EXP 	Stroop_text: autoDraw = False
143.1288 	EXP 	Stroop_text: foreColor = <psychopy.colors.Color: red, alpha=1.0>
143.1288 	EXP 	Stroop_text: text = 'RED'
143.1288 	EXP 	fixation_polygon: autoDraw = True
143.6294 	INFO 	Keyboard events cleared
143.6286 	EXP 	fixation_polygon: autoDraw = False
143.6286 	EXP 	Stroop_text: autoDraw = True
144.7646 	EXP 	New trial (rep=24, index=3): <Trial 99 (3 in rep 24) data={'Word': 'BLUE', 'Colour': 'blue', 'stim_condition': 'C', 'Corr_resp': 'b', 'thisN': 99, 'thisTrialN': 3, 'thisRepN': 24}>
144.7701 	DATA 	Keypress: r
144.7789 	EXP 	fixation_polygon: autoDraw = False
144.7789 	EXP 	Stroop_text: autoDraw = False
144.7789 	EXP 	Stroop_text: foreColor = <psychopy.colors.Color: blue, alpha=1.0>
144.7789 	EXP 	Stroop_text: height = 0.05
144.7789 	EXP 	Stroop_text: height = 0.05
144.7789 	EXP 	Stroop_text: height = 0.05
144.7789 	EXP 	Stroop_text: text = 'BLUE'
144.7789 	EXP 	fixation_polygon: autoDraw = True
145.2800 	INFO 	Keyboard events cleared
145.2790 	EXP 	fixation_polygon: autoDraw = False
145.2790 	EXP 	Stroop_text: autoDraw = True
145.8854 	DATA 	Keypress: b
145.8950 	EXP 	fixation_polygon: autoDraw = False
145.8950 	EXP 	Stroop_text: autoDraw = False
145.8950 	EXP 	text_2: autoDraw = True
146.8951 	EXP 	text_2: autoDraw = False
146.8951 	EXP 	text_2: autoDraw = False
146.8956 	EXP 	Stroop task: status = STOPPED
146.9376 	INFO 	saved data to 'C:\\Users\\ritik\\Lab in Psychology\\Psychopy Experiments\\Stroop Task\\data/P2_Stroop task_2025-08-24_21h27.51.950.csv'
146.9410 	INFO 	saved data to C:\Users\ritik\Lab in Psychology\Psychopy Experiments\Stroop Task\data/P2_Stroop task_2025-08-24_21h27.51.950.psydat
