10.9155 	INFO 	Loaded monitor calibration from ['2024_09_01 09:56']
10.9324 	WARNING 	User requested fullscreen with size [1280  720], but screen is actually [1920, 1080]. Using actual size
11.7543 	EXP 	Created window1 = Window(allowGUI=False, allowStencil=False, autoLog=True, backendConf=UNKNOWN, backgroundFit=<method-wrapper '__getattribute__' of attributeSetter object at 0x000001F651C21E40>, backgroundImage=<method-wrapper '__getattribute__' of attributeSetter object at 0x000001F651C21DE0>, bitsMode=UNKNOWN, blendMode='avg', bpc=(8, 8, 8), color=array([0, 0, 0]), colorSpace='rgb', depthBits=8, fullscr=True, gamma=None, gammaErrorPolicy='raise', infoMsg=UNKNOWN, lms=UNKNOWN, monitor=<psychopy.monitors.calibTools.Monitor object at 0x000001F651CDB310>, multiSample=False, name='window1', numSamples=2, pos=[0.0, 0.0], screen=0, size=array([1920, 1080]), stencilBits=0, stereo=False, title='PsychoPy', units='height', useFBO=True, useRetina=False, viewOri=0.0, viewPos=None, viewScale=None, waitBlanking=True, winType='pyglet')
11.7546 	EXP 	window1: backgroundImage = ''
11.7546 	EXP 	window1: backgroundFit = 'none'
11.9460 	EXP 	window1: Attempting to measure frame rate of screen (0) ...
11.9462 	EXP 	window1: recordFrameIntervals = False
12.1152 	EXP 	window1: recordFrameIntervals = True
12.3003 	EXP 	Screen (0) actual frame rate measured at 59.73Hz
12.3004 	EXP 	window1: recordFrameIntervals = False
15.1801 	INFO 	keyboard.Keyboard is using iohub backend.
15.1802 	INFO 	keyboard.Keyboard is using iohub backend.
15.1803 	EXP 	Stroop task: status = STARTED
15.3439 	EXP 	Created text = TextStim(__class__=<class 'psychopy.visual.text.TextStim'>, alignHoriz=method-wrapper(...), alignText='center', alignVert=method-wrapper(...), anchorHoriz='center', anchorVert='center', antialias=True, autoDraw=False, autoLog=True, bold=False, color=array([1., 1., 1.]), colorSpace='rgb', contrast=1.0, depth=0.0, draggable=False, flipHoriz=False, flipVert=False, font='Arial', fontFiles=[], height=0.05, italic=False, languageStyle='LTR', name='text', opacity=1, ori=0.0, pos=array([0., 0.]), rgb=UNKNOWN, text=str(...), units='height', win=Window(...), wrapWidth=1)
15.3558 	EXP 	Created fixation_polygon = ShapeStim(__class__=<class 'psychopy.visual.shape.ShapeStim'>, anchor=('center', 'center'), autoDraw=False, autoLog=True, closeShape=True, color=method-wrapper(...), colorSpace='rgb', contrast=None, depth=0.0, draggable=False, fillColor=array([1, 1, 1]), fillColorSpace='rgb', fillRGB=array([1, 1, 1]), interpolate=True, lineColor=array([1., 1., 1.]), lineColorSpace='rgb', lineRGB=array([1, 1, 1]), lineWidth=1.0, name='fixation_polygon', opacity=1, ori=0.0, pos=array([0., 0.]), size=array([10., 10.]), units='pix', vertices=ndarray(...), win=Window(...), windingRule=None)
15.3582 	EXP 	Created Stroop_text = TextStim(__class__=<class 'psychopy.visual.text.TextStim'>, alignHoriz=method-wrapper(...), alignText='center', alignVert=method-wrapper(...), anchorHoriz='center', anchorVert='center', antialias=True, autoDraw=False, autoLog=True, bold=False, color=array([1., 1., 1.]), colorSpace='rgb', contrast=1.0, depth=-1.0, draggable=False, flipHoriz=False, flipVert=False, font='Arial', fontFiles=[], height=0.05, italic=False, languageStyle='LTR', name='Stroop_text', opacity=1, ori=0.0, pos=array([0., 0.]), rgb=UNKNOWN, text='', units='height', win=Window(...), wrapWidth=1)
15.3733 	EXP 	Created text_2 = TextStim(__class__=<class 'psychopy.visual.text.TextStim'>, alignHoriz=method-wrapper(...), alignText='center', alignVert=method-wrapper(...), anchorHoriz='center', anchorVert='center', antialias=True, autoDraw=False, autoLog=True, bold=False, color=array([1., 1., 1.]), colorSpace='rgb', contrast=1.0, depth=0.0, draggable=False, flipHoriz=False, flipVert=False, font='Arial', fontFiles=[], height=0.05, italic=False, languageStyle='LTR', name='text_2', opacity=1, ori=0.0, pos=array([0., 0.]), rgb=UNKNOWN, text='Thank you!', units='height', win=Window(...), wrapWidth=1)
0.0126 	EXP 	text: autoDraw = True
10.0217 	EXP 	Imported Stroop_condition.xlsx as conditions, 4 conditions, 4 params
10.0247 	EXP 	New trial (rep=0, index=0): <Trial 0 (0 in rep 0) data={'Word': 'RED', 'Colour': 'blue', 'stim_condition': 'I', 'Corr_resp': 'b', 'thisN': 0, 'thisTrialN': 0, 'thisRepN': 0}>
10.0398 	EXP 	text: autoDraw = False
10.0398 	EXP 	Stroop_text: foreColor = <psychopy.colors.Color: blue, alpha=1.0>
10.0398 	EXP 	Stroop_text: height = 0.05
10.0398 	EXP 	Stroop_text: height = 0.05
10.0398 	EXP 	Stroop_text: height = 0.05
10.0398 	EXP 	Stroop_text: text = 'RED'
10.0398 	EXP 	fixation_polygon: autoDraw = True
10.5091 	INFO 	Keyboard events cleared
10.5082 	EXP 	fixation_polygon: autoDraw = False
10.5082 	EXP 	Stroop_text: autoDraw = True
12.2850 	EXP 	New trial (rep=0, index=1): <Trial 1 (1 in rep 0) data={'Word': 'BLUE', 'Colour': 'blue', 'stim_condition': 'C', 'Corr_resp': 'b', 'thisN': 1, 'thisTrialN': 1, 'thisRepN': 0}>
12.2987 	DATA 	Keypress: b
12.3011 	EXP 	fixation_polygon: autoDraw = False
12.3011 	EXP 	Stroop_text: autoDraw = False
12.3011 	EXP 	Stroop_text: foreColor = <psychopy.colors.Color: blue, alpha=1.0>
12.3011 	EXP 	Stroop_text: height = 0.05
12.3011 	EXP 	Stroop_text: height = 0.05
12.3011 	EXP 	Stroop_text: height = 0.05
12.3011 	EXP 	Stroop_text: text = 'BLUE'
12.3011 	EXP 	fixation_polygon: autoDraw = True
12.7935 	INFO 	Keyboard events cleared
12.7921 	EXP 	fixation_polygon: autoDraw = False
12.7921 	EXP 	Stroop_text: autoDraw = True
13.2952 	EXP 	New trial (rep=0, index=2): <Trial 2 (2 in rep 0) data={'Word': 'RED', 'Colour': 'red', 'stim_condition': 'C', 'Corr_resp': 'r', 'thisN': 2, 'thisTrialN': 2, 'thisRepN': 0}>
13.3042 	DATA 	Keypress: b
13.3080 	EXP 	fixation_polygon: autoDraw = False
13.3080 	EXP 	Stroop_text: autoDraw = False
13.3080 	EXP 	Stroop_text: foreColor = <psychopy.colors.Color: red, alpha=1.0>
13.3080 	EXP 	Stroop_text: height = 0.05
13.3080 	EXP 	Stroop_text: height = 0.05
13.3080 	EXP 	Stroop_text: height = 0.05
13.3080 	EXP 	Stroop_text: text = 'RED'
13.3080 	EXP 	fixation_polygon: autoDraw = True
13.8094 	INFO 	Keyboard events cleared
13.8085 	EXP 	fixation_polygon: autoDraw = False
13.8085 	EXP 	Stroop_text: autoDraw = True
14.3956 	EXP 	New trial (rep=0, index=3): <Trial 3 (3 in rep 0) data={'Word': 'BLUE', 'Colour': 'red', 'stim_condition': 'I', 'Corr_resp': 'r', 'thisN': 3, 'thisTrialN': 3, 'thisRepN': 0}>
14.4027 	DATA 	Keypress: r
14.4082 	EXP 	fixation_polygon: autoDraw = False
14.4082 	EXP 	Stroop_text: autoDraw = False
14.4082 	EXP 	Stroop_text: foreColor = <psychopy.colors.Color: red, alpha=1.0>
14.4082 	EXP 	Stroop_text: height = 0.05
14.4082 	EXP 	Stroop_text: height = 0.05
14.4082 	EXP 	Stroop_text: height = 0.05
14.4082 	EXP 	Stroop_text: text = 'BLUE'
14.4082 	EXP 	fixation_polygon: autoDraw = True
14.9087 	INFO 	Keyboard events cleared
14.9080 	EXP 	fixation_polygon: autoDraw = False
14.9080 	EXP 	Stroop_text: autoDraw = True
16.0621 	EXP 	New trial (rep=1, index=0): <Trial 4 (0 in rep 1) data={'Word': 'RED', 'Colour': 'red', 'stim_condition': 'C', 'Corr_resp': 'r', 'thisN': 4, 'thisTrialN': 0, 'thisRepN': 1}>
16.0686 	DATA 	Keypress: r
16.0747 	EXP 	fixation_polygon: autoDraw = False
16.0747 	EXP 	Stroop_text: autoDraw = False
16.0747 	EXP 	Stroop_text: foreColor = <psychopy.colors.Color: red, alpha=1.0>
16.0747 	EXP 	Stroop_text: height = 0.05
16.0747 	EXP 	Stroop_text: height = 0.05
16.0747 	EXP 	Stroop_text: height = 0.05
16.0747 	EXP 	Stroop_text: text = 'RED'
16.0747 	EXP 	fixation_polygon: autoDraw = True
16.5758 	INFO 	Keyboard events cleared
16.5750 	EXP 	fixation_polygon: autoDraw = False
16.5750 	EXP 	Stroop_text: autoDraw = True
17.1287 	EXP 	New trial (rep=1, index=1): <Trial 5 (1 in rep 1) data={'Word': 'BLUE', 'Colour': 'red', 'stim_condition': 'I', 'Corr_resp': 'r', 'thisN': 5, 'thisTrialN': 1, 'thisRepN': 1}>
17.1361 	DATA 	Keypress: r
17.1413 	EXP 	fixation_polygon: autoDraw = False
17.1413 	EXP 	Stroop_text: autoDraw = False
17.1413 	EXP 	Stroop_text: foreColor = <psychopy.colors.Color: red, alpha=1.0>
17.1413 	EXP 	Stroop_text: height = 0.05
17.1413 	EXP 	Stroop_text: height = 0.05
17.1413 	EXP 	Stroop_text: height = 0.05
17.1413 	EXP 	Stroop_text: text = 'BLUE'
17.1413 	EXP 	fixation_polygon: autoDraw = True
17.6421 	INFO 	Keyboard events cleared
17.6413 	EXP 	fixation_polygon: autoDraw = False
17.6413 	EXP 	Stroop_text: autoDraw = True
18.0949 	EXP 	New trial (rep=1, index=2): <Trial 6 (2 in rep 1) data={'Word': 'BLUE', 'Colour': 'blue', 'stim_condition': 'C', 'Corr_resp': 'b', 'thisN': 6, 'thisTrialN': 2, 'thisRepN': 1}>
18.0979 	DATA 	Keypress: r
18.1084 	EXP 	fixation_polygon: autoDraw = False
18.1084 	EXP 	Stroop_text: autoDraw = False
18.1084 	EXP 	Stroop_text: foreColor = <psychopy.colors.Color: blue, alpha=1.0>
18.1084 	EXP 	Stroop_text: text = 'BLUE'
18.1084 	EXP 	fixation_polygon: autoDraw = True
18.6096 	INFO 	Keyboard events cleared
18.6086 	EXP 	fixation_polygon: autoDraw = False
18.6086 	EXP 	Stroop_text: autoDraw = True
19.4775 	EXP 	New trial (rep=1, index=3): <Trial 7 (3 in rep 1) data={'Word': 'RED', 'Colour': 'blue', 'stim_condition': 'I', 'Corr_resp': 'b', 'thisN': 7, 'thisTrialN': 3, 'thisRepN': 1}>
19.4839 	DATA 	Keypress: b
19.4912 	EXP 	fixation_polygon: autoDraw = False
19.4912 	EXP 	Stroop_text: autoDraw = False
19.4912 	EXP 	Stroop_text: foreColor = <psychopy.colors.Color: blue, alpha=1.0>
19.4912 	EXP 	Stroop_text: height = 0.05
19.4912 	EXP 	Stroop_text: height = 0.05
19.4912 	EXP 	Stroop_text: height = 0.05
19.4912 	EXP 	Stroop_text: text = 'RED'
19.4912 	EXP 	fixation_polygon: autoDraw = True
19.9927 	INFO 	Keyboard events cleared
19.9916 	EXP 	fixation_polygon: autoDraw = False
19.9916 	EXP 	Stroop_text: autoDraw = True
20.8270 	EXP 	New trial (rep=2, index=0): <Trial 8 (0 in rep 2) data={'Word': 'BLUE', 'Colour': 'red', 'stim_condition': 'I', 'Corr_resp': 'r', 'thisN': 8, 'thisTrialN': 0, 'thisRepN': 2}>
20.8348 	DATA 	Keypress: b
20.8413 	EXP 	fixation_polygon: autoDraw = False
20.8413 	EXP 	Stroop_text: autoDraw = False
20.8413 	EXP 	Stroop_text: foreColor = <psychopy.colors.Color: red, alpha=1.0>
20.8413 	EXP 	Stroop_text: height = 0.05
20.8413 	EXP 	Stroop_text: height = 0.05
20.8413 	EXP 	Stroop_text: height = 0.05
20.8413 	EXP 	Stroop_text: text = 'BLUE'
20.8413 	EXP 	fixation_polygon: autoDraw = True
21.3428 	INFO 	Keyboard events cleared
21.3417 	EXP 	fixation_polygon: autoDraw = False
21.3417 	EXP 	Stroop_text: autoDraw = True
21.8616 	EXP 	New trial (rep=2, index=1): <Trial 9 (1 in rep 2) data={'Word': 'RED', 'Colour': 'red', 'stim_condition': 'C', 'Corr_resp': 'r', 'thisN': 9, 'thisTrialN': 1, 'thisRepN': 2}>
21.8677 	DATA 	Keypress: r
21.8751 	EXP 	fixation_polygon: autoDraw = False
21.8751 	EXP 	Stroop_text: autoDraw = False
21.8751 	EXP 	Stroop_text: foreColor = <psychopy.colors.Color: red, alpha=1.0>
21.8751 	EXP 	Stroop_text: height = 0.05
21.8751 	EXP 	Stroop_text: height = 0.05
21.8751 	EXP 	Stroop_text: height = 0.05
21.8751 	EXP 	Stroop_text: text = 'RED'
21.8751 	EXP 	fixation_polygon: autoDraw = True
22.3761 	INFO 	Keyboard events cleared
22.3749 	EXP 	fixation_polygon: autoDraw = False
22.3749 	EXP 	Stroop_text: autoDraw = True
22.7288 	EXP 	New trial (rep=2, index=2): <Trial 10 (2 in rep 2) data={'Word': 'BLUE', 'Colour': 'blue', 'stim_condition': 'C', 'Corr_resp': 'b', 'thisN': 10, 'thisTrialN': 2, 'thisRepN': 2}>
22.7357 	DATA 	Keypress: r
22.7414 	EXP 	fixation_polygon: autoDraw = False
22.7414 	EXP 	Stroop_text: autoDraw = False
22.7414 	EXP 	Stroop_text: foreColor = <psychopy.colors.Color: blue, alpha=1.0>
22.7414 	EXP 	Stroop_text: height = 0.05
22.7414 	EXP 	Stroop_text: height = 0.05
22.7414 	EXP 	Stroop_text: height = 0.05
22.7414 	EXP 	Stroop_text: text = 'BLUE'
22.7414 	EXP 	fixation_polygon: autoDraw = True
23.2421 	INFO 	Keyboard events cleared
23.2412 	EXP 	fixation_polygon: autoDraw = False
23.2412 	EXP 	Stroop_text: autoDraw = True
23.5765 	EXP 	New trial (rep=2, index=3): <Trial 11 (3 in rep 2) data={'Word': 'RED', 'Colour': 'blue', 'stim_condition': 'I', 'Corr_resp': 'b', 'thisN': 11, 'thisTrialN': 3, 'thisRepN': 2}>
23.5846 	DATA 	Keypress: b
23.5914 	EXP 	fixation_polygon: autoDraw = False
23.5914 	EXP 	Stroop_text: autoDraw = False
23.5914 	EXP 	Stroop_text: foreColor = <psychopy.colors.Color: blue, alpha=1.0>
23.5914 	EXP 	Stroop_text: height = 0.05
23.5914 	EXP 	Stroop_text: height = 0.05
23.5914 	EXP 	Stroop_text: height = 0.05
23.5914 	EXP 	Stroop_text: text = 'RED'
23.5914 	EXP 	fixation_polygon: autoDraw = True
24.0929 	INFO 	Keyboard events cleared
24.0917 	EXP 	fixation_polygon: autoDraw = False
24.0917 	EXP 	Stroop_text: autoDraw = True
24.5277 	EXP 	New trial (rep=3, index=0): <Trial 12 (0 in rep 3) data={'Word': 'RED', 'Colour': 'blue', 'stim_condition': 'I', 'Corr_resp': 'b', 'thisN': 12, 'thisTrialN': 0, 'thisRepN': 3}>
24.5304 	DATA 	Keypress: b
24.5419 	EXP 	fixation_polygon: autoDraw = False
24.5419 	EXP 	Stroop_text: autoDraw = False
24.5419 	EXP 	Stroop_text: foreColor = <psychopy.colors.Color: blue, alpha=1.0>
24.5419 	EXP 	Stroop_text: text = 'RED'
24.5419 	EXP 	fixation_polygon: autoDraw = True
25.0433 	INFO 	Keyboard events cleared
25.0418 	EXP 	fixation_polygon: autoDraw = False
25.0418 	EXP 	Stroop_text: autoDraw = True
25.3780 	EXP 	New trial (rep=3, index=1): <Trial 13 (1 in rep 3) data={'Word': 'BLUE', 'Colour': 'red', 'stim_condition': 'I', 'Corr_resp': 'r', 'thisN': 13, 'thisTrialN': 1, 'thisRepN': 3}>
25.3844 	DATA 	Keypress: b
25.3914 	EXP 	fixation_polygon: autoDraw = False
25.3914 	EXP 	Stroop_text: autoDraw = False
25.3914 	EXP 	Stroop_text: foreColor = <psychopy.colors.Color: red, alpha=1.0>
25.3914 	EXP 	Stroop_text: height = 0.05
25.3914 	EXP 	Stroop_text: height = 0.05
25.3914 	EXP 	Stroop_text: height = 0.05
25.3914 	EXP 	Stroop_text: text = 'BLUE'
25.3914 	EXP 	fixation_polygon: autoDraw = True
25.8923 	INFO 	Keyboard events cleared
25.8914 	EXP 	fixation_polygon: autoDraw = False
25.8914 	EXP 	Stroop_text: autoDraw = True
26.3445 	EXP 	New trial (rep=3, index=2): <Trial 14 (2 in rep 3) data={'Word': 'RED', 'Colour': 'red', 'stim_condition': 'C', 'Corr_resp': 'r', 'thisN': 14, 'thisTrialN': 2, 'thisRepN': 3}>
26.3515 	DATA 	Keypress: r
26.3580 	EXP 	fixation_polygon: autoDraw = False
26.3580 	EXP 	Stroop_text: autoDraw = False
26.3580 	EXP 	Stroop_text: foreColor = <psychopy.colors.Color: red, alpha=1.0>
26.3580 	EXP 	Stroop_text: height = 0.05
26.3580 	EXP 	Stroop_text: height = 0.05
26.3580 	EXP 	Stroop_text: height = 0.05
26.3580 	EXP 	Stroop_text: text = 'RED'
26.3580 	EXP 	fixation_polygon: autoDraw = True
26.8589 	INFO 	Keyboard events cleared
26.8581 	EXP 	fixation_polygon: autoDraw = False
26.8581 	EXP 	Stroop_text: autoDraw = True
27.3643 	EXP 	New trial (rep=3, index=3): <Trial 15 (3 in rep 3) data={'Word': 'BLUE', 'Colour': 'blue', 'stim_condition': 'C', 'Corr_resp': 'b', 'thisN': 15, 'thisTrialN': 3, 'thisRepN': 3}>
27.3707 	DATA 	Keypress: r
27.3747 	EXP 	fixation_polygon: autoDraw = False
27.3747 	EXP 	Stroop_text: autoDraw = False
27.3747 	EXP 	Stroop_text: foreColor = <psychopy.colors.Color: blue, alpha=1.0>
27.3747 	EXP 	Stroop_text: height = 0.05
27.3747 	EXP 	Stroop_text: height = 0.05
27.3747 	EXP 	Stroop_text: height = 0.05
27.3747 	EXP 	Stroop_text: text = 'BLUE'
27.3747 	EXP 	fixation_polygon: autoDraw = True
27.8753 	INFO 	Keyboard events cleared
27.8746 	EXP 	fixation_polygon: autoDraw = False
27.8746 	EXP 	Stroop_text: autoDraw = True
28.4299 	EXP 	New trial (rep=4, index=0): <Trial 16 (0 in rep 4) data={'Word': 'BLUE', 'Colour': 'red', 'stim_condition': 'I', 'Corr_resp': 'r', 'thisN': 16, 'thisTrialN': 0, 'thisRepN': 4}>
28.4334 	DATA 	Keypress: b
28.4412 	EXP 	fixation_polygon: autoDraw = False
28.4412 	EXP 	Stroop_text: autoDraw = False
28.4412 	EXP 	Stroop_text: foreColor = <psychopy.colors.Color: red, alpha=1.0>
28.4412 	EXP 	Stroop_text: text = 'BLUE'
28.4412 	EXP 	fixation_polygon: autoDraw = True
28.9418 	INFO 	Keyboard events cleared
28.9411 	EXP 	fixation_polygon: autoDraw = False
28.9411 	EXP 	Stroop_text: autoDraw = True
29.4604 	EXP 	New trial (rep=4, index=1): <Trial 17 (1 in rep 4) data={'Word': 'RED', 'Colour': 'red', 'stim_condition': 'C', 'Corr_resp': 'r', 'thisN': 17, 'thisTrialN': 1, 'thisRepN': 4}>
29.4692 	DATA 	Keypress: r
29.4744 	EXP 	fixation_polygon: autoDraw = False
29.4744 	EXP 	Stroop_text: autoDraw = False
29.4744 	EXP 	Stroop_text: foreColor = <psychopy.colors.Color: red, alpha=1.0>
29.4744 	EXP 	Stroop_text: height = 0.05
29.4744 	EXP 	Stroop_text: height = 0.05
29.4744 	EXP 	Stroop_text: height = 0.05
29.4744 	EXP 	Stroop_text: text = 'RED'
29.4744 	EXP 	fixation_polygon: autoDraw = True
29.9751 	INFO 	Keyboard events cleared
29.9744 	EXP 	fixation_polygon: autoDraw = False
29.9744 	EXP 	Stroop_text: autoDraw = True
30.4284 	EXP 	New trial (rep=4, index=2): <Trial 18 (2 in rep 4) data={'Word': 'BLUE', 'Colour': 'blue', 'stim_condition': 'C', 'Corr_resp': 'b', 'thisN': 18, 'thisTrialN': 2, 'thisRepN': 4}>
30.4343 	DATA 	Keypress: r
30.4411 	EXP 	fixation_polygon: autoDraw = False
30.4411 	EXP 	Stroop_text: autoDraw = False
30.4411 	EXP 	Stroop_text: foreColor = <psychopy.colors.Color: blue, alpha=1.0>
30.4411 	EXP 	Stroop_text: height = 0.05
30.4411 	EXP 	Stroop_text: height = 0.05
30.4411 	EXP 	Stroop_text: height = 0.05
30.4411 	EXP 	Stroop_text: text = 'BLUE'
30.4411 	EXP 	fixation_polygon: autoDraw = True
30.9424 	INFO 	Keyboard events cleared
30.9414 	EXP 	fixation_polygon: autoDraw = False
30.9414 	EXP 	Stroop_text: autoDraw = True
31.3277 	EXP 	New trial (rep=4, index=3): <Trial 19 (3 in rep 4) data={'Word': 'RED', 'Colour': 'blue', 'stim_condition': 'I', 'Corr_resp': 'b', 'thisN': 19, 'thisTrialN': 3, 'thisRepN': 4}>
31.3350 	DATA 	Keypress: b
31.3414 	EXP 	fixation_polygon: autoDraw = False
31.3414 	EXP 	Stroop_text: autoDraw = False
31.3414 	EXP 	Stroop_text: foreColor = <psychopy.colors.Color: blue, alpha=1.0>
31.3414 	EXP 	Stroop_text: height = 0.05
31.3414 	EXP 	Stroop_text: height = 0.05
31.3414 	EXP 	Stroop_text: height = 0.05
31.3414 	EXP 	Stroop_text: text = 'RED'
31.3414 	EXP 	fixation_polygon: autoDraw = True
31.8423 	INFO 	Keyboard events cleared
31.8414 	EXP 	fixation_polygon: autoDraw = False
31.8414 	EXP 	Stroop_text: autoDraw = True
32.4101 	EXP 	New trial (rep=5, index=0): <Trial 20 (0 in rep 5) data={'Word': 'RED', 'Colour': 'red', 'stim_condition': 'C', 'Corr_resp': 'r', 'thisN': 20, 'thisTrialN': 0, 'thisRepN': 5}>
32.4124 	DATA 	Keypress: b
32.4246 	EXP 	fixation_polygon: autoDraw = False
32.4246 	EXP 	Stroop_text: autoDraw = False
32.4246 	EXP 	Stroop_text: foreColor = <psychopy.colors.Color: red, alpha=1.0>
32.4246 	EXP 	Stroop_text: text = 'RED'
32.4246 	EXP 	fixation_polygon: autoDraw = True
32.9253 	INFO 	Keyboard events cleared
32.9244 	EXP 	fixation_polygon: autoDraw = False
32.9244 	EXP 	Stroop_text: autoDraw = True
33.3103 	EXP 	New trial (rep=5, index=1): <Trial 21 (1 in rep 5) data={'Word': 'RED', 'Colour': 'blue', 'stim_condition': 'I', 'Corr_resp': 'b', 'thisN': 21, 'thisTrialN': 1, 'thisRepN': 5}>
33.3128 	DATA 	Keypress: r
33.3247 	EXP 	fixation_polygon: autoDraw = False
33.3247 	EXP 	Stroop_text: autoDraw = False
33.3247 	EXP 	Stroop_text: foreColor = <psychopy.colors.Color: blue, alpha=1.0>
33.3247 	EXP 	Stroop_text: text = 'RED'
33.3247 	EXP 	fixation_polygon: autoDraw = True
33.8255 	INFO 	Keyboard events cleared
33.8246 	EXP 	fixation_polygon: autoDraw = False
33.8246 	EXP 	Stroop_text: autoDraw = True
34.2968 	EXP 	New trial (rep=5, index=2): <Trial 22 (2 in rep 5) data={'Word': 'BLUE', 'Colour': 'red', 'stim_condition': 'I', 'Corr_resp': 'r', 'thisN': 22, 'thisTrialN': 2, 'thisRepN': 5}>
34.3038 	DATA 	Keypress: b
34.3079 	EXP 	fixation_polygon: autoDraw = False
34.3079 	EXP 	Stroop_text: autoDraw = False
34.3079 	EXP 	Stroop_text: foreColor = <psychopy.colors.Color: red, alpha=1.0>
34.3079 	EXP 	Stroop_text: height = 0.05
34.3079 	EXP 	Stroop_text: height = 0.05
34.3079 	EXP 	Stroop_text: height = 0.05
34.3079 	EXP 	Stroop_text: text = 'BLUE'
34.3079 	EXP 	fixation_polygon: autoDraw = True
34.8083 	INFO 	Keyboard events cleared
34.8076 	EXP 	fixation_polygon: autoDraw = False
34.8076 	EXP 	Stroop_text: autoDraw = True
35.2437 	EXP 	New trial (rep=5, index=3): <Trial 23 (3 in rep 5) data={'Word': 'BLUE', 'Colour': 'blue', 'stim_condition': 'C', 'Corr_resp': 'b', 'thisN': 23, 'thisTrialN': 3, 'thisRepN': 5}>
35.2470 	DATA 	Keypress: r
35.2577 	EXP 	fixation_polygon: autoDraw = False
35.2577 	EXP 	Stroop_text: autoDraw = False
35.2577 	EXP 	Stroop_text: foreColor = <psychopy.colors.Color: blue, alpha=1.0>
35.2577 	EXP 	Stroop_text: text = 'BLUE'
35.2577 	EXP 	fixation_polygon: autoDraw = True
35.7591 	INFO 	Keyboard events cleared
35.7581 	EXP 	fixation_polygon: autoDraw = False
35.7581 	EXP 	Stroop_text: autoDraw = True
36.2602 	EXP 	New trial (rep=6, index=0): <Trial 24 (0 in rep 6) data={'Word': 'RED', 'Colour': 'red', 'stim_condition': 'C', 'Corr_resp': 'r', 'thisN': 24, 'thisTrialN': 0, 'thisRepN': 6}>
36.2658 	DATA 	Keypress: b
36.2744 	EXP 	fixation_polygon: autoDraw = False
36.2744 	EXP 	Stroop_text: autoDraw = False
36.2744 	EXP 	Stroop_text: foreColor = <psychopy.colors.Color: red, alpha=1.0>
36.2744 	EXP 	Stroop_text: height = 0.05
36.2744 	EXP 	Stroop_text: height = 0.05
36.2744 	EXP 	Stroop_text: height = 0.05
36.2744 	EXP 	Stroop_text: text = 'RED'
36.2744 	EXP 	fixation_polygon: autoDraw = True
36.7749 	INFO 	Keyboard events cleared
36.7742 	EXP 	fixation_polygon: autoDraw = False
36.7742 	EXP 	Stroop_text: autoDraw = True
37.7767 	EXP 	New trial (rep=6, index=1): <Trial 25 (1 in rep 6) data={'Word': 'RED', 'Colour': 'blue', 'stim_condition': 'I', 'Corr_resp': 'b', 'thisN': 25, 'thisTrialN': 1, 'thisRepN': 6}>
37.7794 	DATA 	Keypress: r
37.7914 	EXP 	fixation_polygon: autoDraw = False
37.7914 	EXP 	Stroop_text: autoDraw = False
37.7914 	EXP 	Stroop_text: foreColor = <psychopy.colors.Color: blue, alpha=1.0>
37.7914 	EXP 	Stroop_text: text = 'RED'
37.7914 	EXP 	fixation_polygon: autoDraw = True
38.2924 	INFO 	Keyboard events cleared
38.2914 	EXP 	fixation_polygon: autoDraw = False
38.2914 	EXP 	Stroop_text: autoDraw = True
38.6624 	EXP 	New trial (rep=6, index=2): <Trial 26 (2 in rep 6) data={'Word': 'BLUE', 'Colour': 'red', 'stim_condition': 'I', 'Corr_resp': 'r', 'thisN': 26, 'thisTrialN': 2, 'thisRepN': 6}>
38.6698 	DATA 	Keypress: b
38.6743 	EXP 	fixation_polygon: autoDraw = False
38.6743 	EXP 	Stroop_text: autoDraw = False
38.6743 	EXP 	Stroop_text: foreColor = <psychopy.colors.Color: red, alpha=1.0>
38.6743 	EXP 	Stroop_text: height = 0.05
38.6743 	EXP 	Stroop_text: height = 0.05
38.6743 	EXP 	Stroop_text: height = 0.05
38.6743 	EXP 	Stroop_text: text = 'BLUE'
38.6743 	EXP 	fixation_polygon: autoDraw = True
39.1758 	INFO 	Keyboard events cleared
39.1747 	EXP 	fixation_polygon: autoDraw = False
39.1747 	EXP 	Stroop_text: autoDraw = True
40.1467 	EXP 	New trial (rep=6, index=3): <Trial 27 (3 in rep 6) data={'Word': 'BLUE', 'Colour': 'blue', 'stim_condition': 'C', 'Corr_resp': 'b', 'thisN': 27, 'thisTrialN': 3, 'thisRepN': 6}>
40.1493 	DATA 	Keypress: r
40.1580 	EXP 	fixation_polygon: autoDraw = False
40.1580 	EXP 	Stroop_text: autoDraw = False
40.1580 	EXP 	Stroop_text: foreColor = <psychopy.colors.Color: blue, alpha=1.0>
40.1580 	EXP 	Stroop_text: text = 'BLUE'
40.1580 	EXP 	fixation_polygon: autoDraw = True
40.6583 	INFO 	Keyboard events cleared
40.6575 	EXP 	fixation_polygon: autoDraw = False
40.6575 	EXP 	Stroop_text: autoDraw = True
41.0769 	EXP 	New trial (rep=7, index=0): <Trial 28 (0 in rep 7) data={'Word': 'RED', 'Colour': 'blue', 'stim_condition': 'I', 'Corr_resp': 'b', 'thisN': 28, 'thisTrialN': 0, 'thisRepN': 7}>
41.0847 	DATA 	Keypress: b
41.0911 	EXP 	fixation_polygon: autoDraw = False
41.0911 	EXP 	Stroop_text: autoDraw = False
41.0911 	EXP 	Stroop_text: foreColor = <psychopy.colors.Color: blue, alpha=1.0>
41.0911 	EXP 	Stroop_text: height = 0.05
41.0911 	EXP 	Stroop_text: height = 0.05
41.0911 	EXP 	Stroop_text: height = 0.05
41.0911 	EXP 	Stroop_text: text = 'RED'
41.0911 	EXP 	fixation_polygon: autoDraw = True
41.5922 	INFO 	Keyboard events cleared
41.5913 	EXP 	fixation_polygon: autoDraw = False
41.5913 	EXP 	Stroop_text: autoDraw = True
41.9963 	EXP 	New trial (rep=7, index=1): <Trial 29 (1 in rep 7) data={'Word': 'BLUE', 'Colour': 'red', 'stim_condition': 'I', 'Corr_resp': 'r', 'thisN': 29, 'thisTrialN': 1, 'thisRepN': 7}>
42.0025 	DATA 	Keypress: b
42.0075 	EXP 	fixation_polygon: autoDraw = False
42.0075 	EXP 	Stroop_text: autoDraw = False
42.0075 	EXP 	Stroop_text: foreColor = <psychopy.colors.Color: red, alpha=1.0>
42.0075 	EXP 	Stroop_text: height = 0.05
42.0075 	EXP 	Stroop_text: height = 0.05
42.0075 	EXP 	Stroop_text: height = 0.05
42.0075 	EXP 	Stroop_text: text = 'BLUE'
42.0075 	EXP 	fixation_polygon: autoDraw = True
42.5090 	INFO 	Keyboard events cleared
42.5082 	EXP 	fixation_polygon: autoDraw = False
42.5082 	EXP 	Stroop_text: autoDraw = True
42.9298 	EXP 	New trial (rep=7, index=2): <Trial 30 (2 in rep 7) data={'Word': 'RED', 'Colour': 'red', 'stim_condition': 'C', 'Corr_resp': 'r', 'thisN': 30, 'thisTrialN': 2, 'thisRepN': 7}>
42.9362 	DATA 	Keypress: r
42.9411 	EXP 	fixation_polygon: autoDraw = False
42.9411 	EXP 	Stroop_text: autoDraw = False
42.9411 	EXP 	Stroop_text: foreColor = <psychopy.colors.Color: red, alpha=1.0>
42.9411 	EXP 	Stroop_text: height = 0.05
42.9411 	EXP 	Stroop_text: height = 0.05
42.9411 	EXP 	Stroop_text: height = 0.05
42.9411 	EXP 	Stroop_text: text = 'RED'
42.9411 	EXP 	fixation_polygon: autoDraw = True
43.4421 	INFO 	Keyboard events cleared
43.4412 	EXP 	fixation_polygon: autoDraw = False
43.4412 	EXP 	Stroop_text: autoDraw = True
43.8947 	EXP 	New trial (rep=7, index=3): <Trial 31 (3 in rep 7) data={'Word': 'BLUE', 'Colour': 'blue', 'stim_condition': 'C', 'Corr_resp': 'b', 'thisN': 31, 'thisTrialN': 3, 'thisRepN': 7}>
43.9026 	DATA 	Keypress: r
43.9077 	EXP 	fixation_polygon: autoDraw = False
43.9077 	EXP 	Stroop_text: autoDraw = False
43.9077 	EXP 	Stroop_text: foreColor = <psychopy.colors.Color: blue, alpha=1.0>
43.9077 	EXP 	Stroop_text: height = 0.05
43.9077 	EXP 	Stroop_text: height = 0.05
43.9077 	EXP 	Stroop_text: height = 0.05
43.9077 	EXP 	Stroop_text: text = 'BLUE'
43.9077 	EXP 	fixation_polygon: autoDraw = True
44.4088 	INFO 	Keyboard events cleared
44.4078 	EXP 	fixation_polygon: autoDraw = False
44.4078 	EXP 	Stroop_text: autoDraw = True
44.8432 	EXP 	New trial (rep=8, index=0): <Trial 32 (0 in rep 8) data={'Word': 'BLUE', 'Colour': 'red', 'stim_condition': 'I', 'Corr_resp': 'r', 'thisN': 32, 'thisTrialN': 0, 'thisRepN': 8}>
44.8457 	DATA 	Keypress: b
44.8579 	EXP 	fixation_polygon: autoDraw = False
44.8579 	EXP 	Stroop_text: autoDraw = False
44.8579 	EXP 	Stroop_text: foreColor = <psychopy.colors.Color: red, alpha=1.0>
44.8579 	EXP 	Stroop_text: text = 'BLUE'
44.8579 	EXP 	fixation_polygon: autoDraw = True
45.3597 	INFO 	Keyboard events cleared
45.3580 	EXP 	fixation_polygon: autoDraw = False
45.3580 	EXP 	Stroop_text: autoDraw = True
45.7278 	EXP 	New trial (rep=8, index=1): <Trial 33 (1 in rep 8) data={'Word': 'BLUE', 'Colour': 'blue', 'stim_condition': 'C', 'Corr_resp': 'b', 'thisN': 33, 'thisTrialN': 1, 'thisRepN': 8}>
45.7303 	DATA 	Keypress: r
45.7409 	EXP 	fixation_polygon: autoDraw = False
45.7409 	EXP 	Stroop_text: autoDraw = False
45.7409 	EXP 	Stroop_text: foreColor = <psychopy.colors.Color: blue, alpha=1.0>
45.7409 	EXP 	Stroop_text: text = 'BLUE'
45.7409 	EXP 	fixation_polygon: autoDraw = True
46.2416 	INFO 	Keyboard events cleared
46.2409 	EXP 	fixation_polygon: autoDraw = False
46.2409 	EXP 	Stroop_text: autoDraw = True
46.6099 	EXP 	New trial (rep=8, index=2): <Trial 34 (2 in rep 8) data={'Word': 'RED', 'Colour': 'blue', 'stim_condition': 'I', 'Corr_resp': 'b', 'thisN': 34, 'thisTrialN': 2, 'thisRepN': 8}>
46.6171 	DATA 	Keypress: b
46.6240 	EXP 	fixation_polygon: autoDraw = False
46.6240 	EXP 	Stroop_text: autoDraw = False
46.6240 	EXP 	Stroop_text: foreColor = <psychopy.colors.Color: blue, alpha=1.0>
46.6240 	EXP 	Stroop_text: height = 0.05
46.6240 	EXP 	Stroop_text: height = 0.05
46.6240 	EXP 	Stroop_text: height = 0.05
46.6240 	EXP 	Stroop_text: text = 'RED'
46.6240 	EXP 	fixation_polygon: autoDraw = True
47.1260 	INFO 	Keyboard events cleared
47.1247 	EXP 	fixation_polygon: autoDraw = False
47.1247 	EXP 	Stroop_text: autoDraw = True
47.4775 	EXP 	New trial (rep=8, index=3): <Trial 35 (3 in rep 8) data={'Word': 'RED', 'Colour': 'red', 'stim_condition': 'C', 'Corr_resp': 'r', 'thisN': 35, 'thisTrialN': 3, 'thisRepN': 8}>
47.4805 	DATA 	Keypress: r
47.4912 	EXP 	fixation_polygon: autoDraw = False
47.4912 	EXP 	Stroop_text: autoDraw = False
47.4912 	EXP 	Stroop_text: foreColor = <psychopy.colors.Color: red, alpha=1.0>
47.4912 	EXP 	Stroop_text: text = 'RED'
47.4912 	EXP 	fixation_polygon: autoDraw = True
47.9922 	INFO 	Keyboard events cleared
47.9912 	EXP 	fixation_polygon: autoDraw = False
47.9912 	EXP 	Stroop_text: autoDraw = True
48.7777 	EXP 	New trial (rep=9, index=0): <Trial 36 (0 in rep 9) data={'Word': 'RED', 'Colour': 'blue', 'stim_condition': 'I', 'Corr_resp': 'b', 'thisN': 36, 'thisTrialN': 0, 'thisRepN': 9}>
48.7809 	DATA 	Keypress: r
48.7912 	EXP 	fixation_polygon: autoDraw = False
48.7912 	EXP 	Stroop_text: autoDraw = False
48.7912 	EXP 	Stroop_text: foreColor = <psychopy.colors.Color: blue, alpha=1.0>
48.7912 	EXP 	Stroop_text: text = 'RED'
48.7912 	EXP 	fixation_polygon: autoDraw = True
49.2929 	INFO 	Keyboard events cleared
49.2916 	EXP 	fixation_polygon: autoDraw = False
49.2916 	EXP 	Stroop_text: autoDraw = True
50.1968 	DATA 	Keypress: b
50.2105 	EXP 	New trial (rep=9, index=1): <Trial 37 (1 in rep 9) data={'Word': 'BLUE', 'Colour': 'red', 'stim_condition': 'I', 'Corr_resp': 'r', 'thisN': 37, 'thisTrialN': 1, 'thisRepN': 9}>
50.2241 	EXP 	fixation_polygon: autoDraw = False
50.2241 	EXP 	Stroop_text: autoDraw = False
50.2241 	EXP 	Stroop_text: foreColor = <psychopy.colors.Color: red, alpha=1.0>
50.2241 	EXP 	Stroop_text: height = 0.05
50.2241 	EXP 	Stroop_text: height = 0.05
50.2241 	EXP 	Stroop_text: height = 0.05
50.2241 	EXP 	Stroop_text: text = 'BLUE'
50.2241 	EXP 	fixation_polygon: autoDraw = True
50.7251 	INFO 	Keyboard events cleared
50.7241 	EXP 	fixation_polygon: autoDraw = False
50.7241 	EXP 	Stroop_text: autoDraw = True
51.4100 	EXP 	New trial (rep=9, index=2): <Trial 38 (2 in rep 9) data={'Word': 'BLUE', 'Colour': 'blue', 'stim_condition': 'C', 'Corr_resp': 'b', 'thisN': 38, 'thisTrialN': 2, 'thisRepN': 9}>
51.4131 	DATA 	Keypress: r
51.4240 	EXP 	fixation_polygon: autoDraw = False
51.4240 	EXP 	Stroop_text: autoDraw = False
51.4240 	EXP 	Stroop_text: foreColor = <psychopy.colors.Color: blue, alpha=1.0>
51.4240 	EXP 	Stroop_text: text = 'BLUE'
51.4240 	EXP 	fixation_polygon: autoDraw = True
51.9249 	INFO 	Keyboard events cleared
51.9242 	EXP 	fixation_polygon: autoDraw = False
51.9242 	EXP 	Stroop_text: autoDraw = True
52.7430 	EXP 	New trial (rep=9, index=3): <Trial 39 (3 in rep 9) data={'Word': 'RED', 'Colour': 'red', 'stim_condition': 'C', 'Corr_resp': 'r', 'thisN': 39, 'thisTrialN': 3, 'thisRepN': 9}>
52.7505 	DATA 	Keypress: b
52.7574 	EXP 	fixation_polygon: autoDraw = False
52.7574 	EXP 	Stroop_text: autoDraw = False
52.7574 	EXP 	Stroop_text: foreColor = <psychopy.colors.Color: red, alpha=1.0>
52.7574 	EXP 	Stroop_text: height = 0.05
52.7574 	EXP 	Stroop_text: height = 0.05
52.7574 	EXP 	Stroop_text: height = 0.05
52.7574 	EXP 	Stroop_text: text = 'RED'
52.7574 	EXP 	fixation_polygon: autoDraw = True
53.2585 	INFO 	Keyboard events cleared
53.2577 	EXP 	fixation_polygon: autoDraw = False
53.2577 	EXP 	Stroop_text: autoDraw = True
53.6762 	EXP 	New trial (rep=10, index=0): <Trial 40 (0 in rep 10) data={'Word': 'BLUE', 'Colour': 'blue', 'stim_condition': 'C', 'Corr_resp': 'b', 'thisN': 40, 'thisTrialN': 0, 'thisRepN': 10}>
53.6839 	DATA 	Keypress: r
53.6907 	EXP 	fixation_polygon: autoDraw = False
53.6907 	EXP 	Stroop_text: autoDraw = False
53.6907 	EXP 	Stroop_text: foreColor = <psychopy.colors.Color: blue, alpha=1.0>
53.6907 	EXP 	Stroop_text: height = 0.05
53.6907 	EXP 	Stroop_text: height = 0.05
53.6907 	EXP 	Stroop_text: height = 0.05
53.6907 	EXP 	Stroop_text: text = 'BLUE'
53.6907 	EXP 	fixation_polygon: autoDraw = True
54.1918 	INFO 	Keyboard events cleared
54.1909 	EXP 	fixation_polygon: autoDraw = False
54.1909 	EXP 	Stroop_text: autoDraw = True
54.6098 	EXP 	New trial (rep=10, index=1): <Trial 41 (1 in rep 10) data={'Word': 'RED', 'Colour': 'red', 'stim_condition': 'C', 'Corr_resp': 'r', 'thisN': 41, 'thisTrialN': 1, 'thisRepN': 10}>
54.6157 	DATA 	Keypress: b
54.6242 	EXP 	fixation_polygon: autoDraw = False
54.6242 	EXP 	Stroop_text: autoDraw = False
54.6242 	EXP 	Stroop_text: foreColor = <psychopy.colors.Color: red, alpha=1.0>
54.6242 	EXP 	Stroop_text: height = 0.05
54.6242 	EXP 	Stroop_text: height = 0.05
54.6242 	EXP 	Stroop_text: height = 0.05
54.6242 	EXP 	Stroop_text: text = 'RED'
54.6242 	EXP 	fixation_polygon: autoDraw = True
55.1247 	INFO 	Keyboard events cleared
55.1239 	EXP 	fixation_polygon: autoDraw = False
55.1239 	EXP 	Stroop_text: autoDraw = True
56.0948 	EXP 	New trial (rep=10, index=2): <Trial 42 (2 in rep 10) data={'Word': 'RED', 'Colour': 'blue', 'stim_condition': 'I', 'Corr_resp': 'b', 'thisN': 42, 'thisTrialN': 2, 'thisRepN': 10}>
56.0975 	DATA 	Keypress: r
56.1076 	EXP 	fixation_polygon: autoDraw = False
56.1076 	EXP 	Stroop_text: autoDraw = False
56.1076 	EXP 	Stroop_text: foreColor = <psychopy.colors.Color: blue, alpha=1.0>
56.1076 	EXP 	Stroop_text: text = 'RED'
56.1076 	EXP 	fixation_polygon: autoDraw = True
56.6079 	INFO 	Keyboard events cleared
56.6072 	EXP 	fixation_polygon: autoDraw = False
56.6072 	EXP 	Stroop_text: autoDraw = True
57.1437 	EXP 	New trial (rep=10, index=3): <Trial 43 (3 in rep 10) data={'Word': 'BLUE', 'Colour': 'red', 'stim_condition': 'I', 'Corr_resp': 'r', 'thisN': 43, 'thisTrialN': 3, 'thisRepN': 10}>
57.1501 	DATA 	Keypress: b
57.1573 	EXP 	fixation_polygon: autoDraw = False
57.1573 	EXP 	Stroop_text: autoDraw = False
57.1573 	EXP 	Stroop_text: foreColor = <psychopy.colors.Color: red, alpha=1.0>
57.1573 	EXP 	Stroop_text: height = 0.05
57.1573 	EXP 	Stroop_text: height = 0.05
57.1573 	EXP 	Stroop_text: height = 0.05
57.1573 	EXP 	Stroop_text: text = 'BLUE'
57.1573 	EXP 	fixation_polygon: autoDraw = True
57.6583 	INFO 	Keyboard events cleared
57.6574 	EXP 	fixation_polygon: autoDraw = False
57.6574 	EXP 	Stroop_text: autoDraw = True
58.1277 	EXP 	New trial (rep=11, index=0): <Trial 44 (0 in rep 11) data={'Word': 'BLUE', 'Colour': 'red', 'stim_condition': 'I', 'Corr_resp': 'r', 'thisN': 44, 'thisTrialN': 0, 'thisRepN': 11}>
58.1307 	DATA 	Keypress: r
58.1407 	EXP 	fixation_polygon: autoDraw = False
58.1407 	EXP 	Stroop_text: autoDraw = False
58.1407 	EXP 	Stroop_text: foreColor = <psychopy.colors.Color: red, alpha=1.0>
58.1407 	EXP 	Stroop_text: text = 'BLUE'
58.1407 	EXP 	fixation_polygon: autoDraw = True
58.6413 	INFO 	Keyboard events cleared
58.6406 	EXP 	fixation_polygon: autoDraw = False
58.6406 	EXP 	Stroop_text: autoDraw = True
59.1100 	EXP 	New trial (rep=11, index=1): <Trial 45 (1 in rep 11) data={'Word': 'BLUE', 'Colour': 'blue', 'stim_condition': 'C', 'Corr_resp': 'b', 'thisN': 45, 'thisTrialN': 1, 'thisRepN': 11}>
59.1122 	DATA 	Keypress: r
59.1242 	EXP 	fixation_polygon: autoDraw = False
59.1242 	EXP 	Stroop_text: autoDraw = False
59.1242 	EXP 	Stroop_text: foreColor = <psychopy.colors.Color: blue, alpha=1.0>
59.1242 	EXP 	Stroop_text: text = 'BLUE'
59.1242 	EXP 	fixation_polygon: autoDraw = True
59.6257 	INFO 	Keyboard events cleared
59.6251 	EXP 	fixation_polygon: autoDraw = False
59.6251 	EXP 	Stroop_text: autoDraw = True
60.1428 	EXP 	New trial (rep=11, index=2): <Trial 46 (2 in rep 11) data={'Word': 'RED', 'Colour': 'red', 'stim_condition': 'C', 'Corr_resp': 'r', 'thisN': 46, 'thisTrialN': 2, 'thisRepN': 11}>
60.1483 	DATA 	Keypress: b
60.1574 	EXP 	fixation_polygon: autoDraw = False
60.1574 	EXP 	Stroop_text: autoDraw = False
60.1574 	EXP 	Stroop_text: foreColor = <psychopy.colors.Color: red, alpha=1.0>
60.1574 	EXP 	Stroop_text: height = 0.05
60.1574 	EXP 	Stroop_text: height = 0.05
60.1574 	EXP 	Stroop_text: height = 0.05
60.1574 	EXP 	Stroop_text: text = 'RED'
60.1574 	EXP 	fixation_polygon: autoDraw = True
60.6586 	INFO 	Keyboard events cleared
60.6575 	EXP 	fixation_polygon: autoDraw = False
60.6575 	EXP 	Stroop_text: autoDraw = True
61.2928 	EXP 	New trial (rep=11, index=3): <Trial 47 (3 in rep 11) data={'Word': 'RED', 'Colour': 'blue', 'stim_condition': 'I', 'Corr_resp': 'b', 'thisN': 47, 'thisTrialN': 3, 'thisRepN': 11}>
61.2962 	DATA 	Keypress: r
61.3072 	EXP 	fixation_polygon: autoDraw = False
61.3072 	EXP 	Stroop_text: autoDraw = False
61.3072 	EXP 	Stroop_text: foreColor = <psychopy.colors.Color: blue, alpha=1.0>
61.3072 	EXP 	Stroop_text: text = 'RED'
61.3072 	EXP 	fixation_polygon: autoDraw = True
61.8091 	INFO 	Keyboard events cleared
61.8079 	EXP 	fixation_polygon: autoDraw = False
61.8079 	EXP 	Stroop_text: autoDraw = True
62.8780 	EXP 	New trial (rep=12, index=0): <Trial 48 (0 in rep 12) data={'Word': 'BLUE', 'Colour': 'red', 'stim_condition': 'I', 'Corr_resp': 'r', 'thisN': 48, 'thisTrialN': 0, 'thisRepN': 12}>
62.8849 	DATA 	Keypress: b
62.8907 	EXP 	fixation_polygon: autoDraw = False
62.8907 	EXP 	Stroop_text: autoDraw = False
62.8907 	EXP 	Stroop_text: foreColor = <psychopy.colors.Color: red, alpha=1.0>
62.8907 	EXP 	Stroop_text: height = 0.05
62.8907 	EXP 	Stroop_text: height = 0.05
62.8907 	EXP 	Stroop_text: height = 0.05
62.8907 	EXP 	Stroop_text: text = 'BLUE'
62.8907 	EXP 	fixation_polygon: autoDraw = True
63.3921 	INFO 	Keyboard events cleared
63.3910 	EXP 	fixation_polygon: autoDraw = False
63.3910 	EXP 	Stroop_text: autoDraw = True
63.9102 	EXP 	New trial (rep=12, index=1): <Trial 49 (1 in rep 12) data={'Word': 'RED', 'Colour': 'red', 'stim_condition': 'C', 'Corr_resp': 'r', 'thisN': 49, 'thisTrialN': 1, 'thisRepN': 12}>
63.9179 	DATA 	Keypress: r
63.9240 	EXP 	fixation_polygon: autoDraw = False
63.9240 	EXP 	Stroop_text: autoDraw = False
63.9240 	EXP 	Stroop_text: foreColor = <psychopy.colors.Color: red, alpha=1.0>
63.9240 	EXP 	Stroop_text: height = 0.05
63.9240 	EXP 	Stroop_text: height = 0.05
63.9240 	EXP 	Stroop_text: height = 0.05
63.9240 	EXP 	Stroop_text: text = 'RED'
63.9240 	EXP 	fixation_polygon: autoDraw = True
64.4248 	INFO 	Keyboard events cleared
64.4240 	EXP 	fixation_polygon: autoDraw = False
64.4240 	EXP 	Stroop_text: autoDraw = True
64.9444 	EXP 	New trial (rep=12, index=2): <Trial 50 (2 in rep 12) data={'Word': 'BLUE', 'Colour': 'blue', 'stim_condition': 'C', 'Corr_resp': 'b', 'thisN': 50, 'thisTrialN': 2, 'thisRepN': 12}>
64.9509 	DATA 	Keypress: r
64.9573 	EXP 	fixation_polygon: autoDraw = False
64.9573 	EXP 	Stroop_text: autoDraw = False
64.9573 	EXP 	Stroop_text: foreColor = <psychopy.colors.Color: blue, alpha=1.0>
64.9573 	EXP 	Stroop_text: height = 0.05
64.9573 	EXP 	Stroop_text: height = 0.05
64.9573 	EXP 	Stroop_text: height = 0.05
64.9573 	EXP 	Stroop_text: text = 'BLUE'
64.9573 	EXP 	fixation_polygon: autoDraw = True
65.4586 	INFO 	Keyboard events cleared
65.4572 	EXP 	fixation_polygon: autoDraw = False
65.4572 	EXP 	Stroop_text: autoDraw = True
65.9100 	EXP 	New trial (rep=12, index=3): <Trial 51 (3 in rep 12) data={'Word': 'RED', 'Colour': 'blue', 'stim_condition': 'I', 'Corr_resp': 'b', 'thisN': 51, 'thisTrialN': 3, 'thisRepN': 12}>
66.0134 	DATA 	Keypress: b
66.0165 	EXP 	fixation_polygon: autoDraw = False
66.0165 	EXP 	Stroop_text: autoDraw = False
66.0165 	EXP 	Stroop_text: foreColor = <psychopy.colors.Color: blue, alpha=1.0>
66.0165 	EXP 	Stroop_text: height = 0.05
66.0165 	EXP 	Stroop_text: height = 0.05
66.0165 	EXP 	Stroop_text: height = 0.05
66.0165 	EXP 	Stroop_text: text = 'RED'
66.0165 	EXP 	fixation_polygon: autoDraw = True
66.4277 	INFO 	Keyboard events cleared
66.4243 	EXP 	fixation_polygon: autoDraw = False
66.4243 	EXP 	Stroop_text: autoDraw = True
66.8111 	EXP 	New trial (rep=13, index=0): <Trial 52 (0 in rep 13) data={'Word': 'BLUE', 'Colour': 'blue', 'stim_condition': 'C', 'Corr_resp': 'b', 'thisN': 52, 'thisTrialN': 0, 'thisRepN': 13}>
66.8181 	DATA 	Keypress: b
66.8237 	EXP 	fixation_polygon: autoDraw = False
66.8237 	EXP 	Stroop_text: autoDraw = False
66.8237 	EXP 	Stroop_text: foreColor = <psychopy.colors.Color: blue, alpha=1.0>
66.8237 	EXP 	Stroop_text: height = 0.05
66.8237 	EXP 	Stroop_text: height = 0.05
66.8237 	EXP 	Stroop_text: height = 0.05
66.8237 	EXP 	Stroop_text: text = 'BLUE'
66.8237 	EXP 	fixation_polygon: autoDraw = True
67.3252 	INFO 	Keyboard events cleared
67.3241 	EXP 	fixation_polygon: autoDraw = False
67.3241 	EXP 	Stroop_text: autoDraw = True
67.6934 	EXP 	New trial (rep=13, index=1): <Trial 53 (1 in rep 13) data={'Word': 'RED', 'Colour': 'blue', 'stim_condition': 'I', 'Corr_resp': 'b', 'thisN': 53, 'thisTrialN': 1, 'thisRepN': 13}>
67.6991 	DATA 	Keypress: b
67.7071 	EXP 	fixation_polygon: autoDraw = False
67.7071 	EXP 	Stroop_text: autoDraw = False
67.7071 	EXP 	Stroop_text: foreColor = <psychopy.colors.Color: blue, alpha=1.0>
67.7071 	EXP 	Stroop_text: height = 0.05
67.7071 	EXP 	Stroop_text: height = 0.05
67.7071 	EXP 	Stroop_text: height = 0.05
67.7071 	EXP 	Stroop_text: text = 'RED'
67.7071 	EXP 	fixation_polygon: autoDraw = True
68.2085 	INFO 	Keyboard events cleared
68.2074 	EXP 	fixation_polygon: autoDraw = False
68.2074 	EXP 	Stroop_text: autoDraw = True
68.6274 	EXP 	New trial (rep=13, index=2): <Trial 54 (2 in rep 13) data={'Word': 'BLUE', 'Colour': 'red', 'stim_condition': 'I', 'Corr_resp': 'r', 'thisN': 54, 'thisTrialN': 2, 'thisRepN': 13}>
68.6340 	DATA 	Keypress: b
68.6404 	EXP 	fixation_polygon: autoDraw = False
68.6404 	EXP 	Stroop_text: autoDraw = False
68.6404 	EXP 	Stroop_text: foreColor = <psychopy.colors.Color: red, alpha=1.0>
68.6404 	EXP 	Stroop_text: height = 0.05
68.6404 	EXP 	Stroop_text: height = 0.05
68.6404 	EXP 	Stroop_text: height = 0.05
68.6404 	EXP 	Stroop_text: text = 'BLUE'
68.6404 	EXP 	fixation_polygon: autoDraw = True
69.1416 	INFO 	Keyboard events cleared
69.1407 	EXP 	fixation_polygon: autoDraw = False
69.1407 	EXP 	Stroop_text: autoDraw = True
69.4300 	EXP 	New trial (rep=13, index=3): <Trial 55 (3 in rep 13) data={'Word': 'RED', 'Colour': 'red', 'stim_condition': 'C', 'Corr_resp': 'r', 'thisN': 55, 'thisTrialN': 3, 'thisRepN': 13}>
69.4357 	DATA 	Keypress: r
69.4406 	EXP 	fixation_polygon: autoDraw = False
69.4406 	EXP 	Stroop_text: autoDraw = False
69.4406 	EXP 	Stroop_text: foreColor = <psychopy.colors.Color: red, alpha=1.0>
69.4406 	EXP 	Stroop_text: height = 0.05
69.4406 	EXP 	Stroop_text: height = 0.05
69.4406 	EXP 	Stroop_text: height = 0.05
69.4406 	EXP 	Stroop_text: text = 'RED'
69.4406 	EXP 	fixation_polygon: autoDraw = True
69.9412 	INFO 	Keyboard events cleared
69.9403 	EXP 	fixation_polygon: autoDraw = False
69.9403 	EXP 	Stroop_text: autoDraw = True
70.3594 	EXP 	New trial (rep=14, index=0): <Trial 56 (0 in rep 14) data={'Word': 'RED', 'Colour': 'blue', 'stim_condition': 'I', 'Corr_resp': 'b', 'thisN': 56, 'thisTrialN': 0, 'thisRepN': 14}>
70.3624 	DATA 	Keypress: r
70.3737 	EXP 	fixation_polygon: autoDraw = False
70.3737 	EXP 	Stroop_text: autoDraw = False
70.3737 	EXP 	Stroop_text: foreColor = <psychopy.colors.Color: blue, alpha=1.0>
70.3737 	EXP 	Stroop_text: text = 'RED'
70.3737 	EXP 	fixation_polygon: autoDraw = True
70.8755 	INFO 	Keyboard events cleared
70.8743 	EXP 	fixation_polygon: autoDraw = False
70.8743 	EXP 	Stroop_text: autoDraw = True
71.2770 	EXP 	New trial (rep=14, index=1): <Trial 57 (1 in rep 14) data={'Word': 'RED', 'Colour': 'red', 'stim_condition': 'C', 'Corr_resp': 'r', 'thisN': 57, 'thisTrialN': 1, 'thisRepN': 14}>
71.2793 	DATA 	Keypress: b
71.2906 	EXP 	fixation_polygon: autoDraw = False
71.2906 	EXP 	Stroop_text: autoDraw = False
71.2906 	EXP 	Stroop_text: foreColor = <psychopy.colors.Color: red, alpha=1.0>
71.2906 	EXP 	Stroop_text: text = 'RED'
71.2906 	EXP 	fixation_polygon: autoDraw = True
71.7909 	INFO 	Keyboard events cleared
71.7902 	EXP 	fixation_polygon: autoDraw = False
71.7902 	EXP 	Stroop_text: autoDraw = True
72.2112 	EXP 	New trial (rep=14, index=2): <Trial 58 (2 in rep 14) data={'Word': 'BLUE', 'Colour': 'red', 'stim_condition': 'I', 'Corr_resp': 'r', 'thisN': 58, 'thisTrialN': 2, 'thisRepN': 14}>
72.2197 	DATA 	Keypress: r
72.2237 	EXP 	fixation_polygon: autoDraw = False
72.2237 	EXP 	Stroop_text: autoDraw = False
72.2237 	EXP 	Stroop_text: foreColor = <psychopy.colors.Color: red, alpha=1.0>
72.2237 	EXP 	Stroop_text: height = 0.05
72.2237 	EXP 	Stroop_text: height = 0.05
72.2237 	EXP 	Stroop_text: height = 0.05
72.2237 	EXP 	Stroop_text: text = 'BLUE'
72.2237 	EXP 	fixation_polygon: autoDraw = True
72.7247 	INFO 	Keyboard events cleared
72.7239 	EXP 	fixation_polygon: autoDraw = False
72.7239 	EXP 	Stroop_text: autoDraw = True
73.2283 	EXP 	New trial (rep=14, index=3): <Trial 59 (3 in rep 14) data={'Word': 'BLUE', 'Colour': 'blue', 'stim_condition': 'C', 'Corr_resp': 'b', 'thisN': 59, 'thisTrialN': 3, 'thisRepN': 14}>
73.2306 	DATA 	Keypress: r
73.2401 	EXP 	fixation_polygon: autoDraw = False
73.2401 	EXP 	Stroop_text: autoDraw = False
73.2401 	EXP 	Stroop_text: foreColor = <psychopy.colors.Color: blue, alpha=1.0>
73.2401 	EXP 	Stroop_text: text = 'BLUE'
73.2401 	EXP 	fixation_polygon: autoDraw = True
73.7409 	INFO 	Keyboard events cleared
73.7403 	EXP 	fixation_polygon: autoDraw = False
73.7403 	EXP 	Stroop_text: autoDraw = True
74.1111 	EXP 	New trial (rep=15, index=0): <Trial 60 (0 in rep 15) data={'Word': 'RED', 'Colour': 'blue', 'stim_condition': 'I', 'Corr_resp': 'b', 'thisN': 60, 'thisTrialN': 0, 'thisRepN': 15}>
74.1173 	DATA 	Keypress: b
74.1237 	EXP 	fixation_polygon: autoDraw = False
74.1237 	EXP 	Stroop_text: autoDraw = False
74.1237 	EXP 	Stroop_text: foreColor = <psychopy.colors.Color: blue, alpha=1.0>
74.1237 	EXP 	Stroop_text: height = 0.05
74.1237 	EXP 	Stroop_text: height = 0.05
74.1237 	EXP 	Stroop_text: height = 0.05
74.1237 	EXP 	Stroop_text: text = 'RED'
74.1237 	EXP 	fixation_polygon: autoDraw = True
74.6249 	INFO 	Keyboard events cleared
74.6240 	EXP 	fixation_polygon: autoDraw = False
74.6240 	EXP 	Stroop_text: autoDraw = True
74.9927 	EXP 	New trial (rep=15, index=1): <Trial 61 (1 in rep 15) data={'Word': 'BLUE', 'Colour': 'red', 'stim_condition': 'I', 'Corr_resp': 'r', 'thisN': 61, 'thisTrialN': 1, 'thisRepN': 15}>
74.9980 	DATA 	Keypress: b
75.0071 	EXP 	fixation_polygon: autoDraw = False
75.0071 	EXP 	Stroop_text: autoDraw = False
75.0071 	EXP 	Stroop_text: foreColor = <psychopy.colors.Color: red, alpha=1.0>
75.0071 	EXP 	Stroop_text: height = 0.05
75.0071 	EXP 	Stroop_text: height = 0.05
75.0071 	EXP 	Stroop_text: height = 0.05
75.0071 	EXP 	Stroop_text: text = 'BLUE'
75.0071 	EXP 	fixation_polygon: autoDraw = True
75.5079 	INFO 	Keyboard events cleared
75.5070 	EXP 	fixation_polygon: autoDraw = False
75.5070 	EXP 	Stroop_text: autoDraw = True
75.9600 	EXP 	New trial (rep=15, index=2): <Trial 62 (2 in rep 15) data={'Word': 'RED', 'Colour': 'red', 'stim_condition': 'C', 'Corr_resp': 'r', 'thisN': 62, 'thisTrialN': 2, 'thisRepN': 15}>
75.9671 	DATA 	Keypress: r
75.9750 	EXP 	fixation_polygon: autoDraw = False
75.9750 	EXP 	Stroop_text: autoDraw = False
75.9750 	EXP 	Stroop_text: foreColor = <psychopy.colors.Color: red, alpha=1.0>
75.9750 	EXP 	Stroop_text: height = 0.05
75.9750 	EXP 	Stroop_text: height = 0.05
75.9750 	EXP 	Stroop_text: height = 0.05
75.9750 	EXP 	Stroop_text: text = 'RED'
75.9750 	EXP 	fixation_polygon: autoDraw = True
76.4748 	INFO 	Keyboard events cleared
76.4739 	EXP 	fixation_polygon: autoDraw = False
76.4739 	EXP 	Stroop_text: autoDraw = True
76.7436 	EXP 	New trial (rep=15, index=3): <Trial 63 (3 in rep 15) data={'Word': 'BLUE', 'Colour': 'blue', 'stim_condition': 'C', 'Corr_resp': 'b', 'thisN': 63, 'thisTrialN': 3, 'thisRepN': 15}>
76.7494 	DATA 	Keypress: r
76.7570 	EXP 	fixation_polygon: autoDraw = False
76.7570 	EXP 	Stroop_text: autoDraw = False
76.7570 	EXP 	Stroop_text: foreColor = <psychopy.colors.Color: blue, alpha=1.0>
76.7570 	EXP 	Stroop_text: height = 0.05
76.7570 	EXP 	Stroop_text: height = 0.05
76.7570 	EXP 	Stroop_text: height = 0.05
76.7570 	EXP 	Stroop_text: text = 'BLUE'
76.7570 	EXP 	fixation_polygon: autoDraw = True
77.2576 	INFO 	Keyboard events cleared
77.2569 	EXP 	fixation_polygon: autoDraw = False
77.2569 	EXP 	Stroop_text: autoDraw = True
77.6598 	EXP 	New trial (rep=16, index=0): <Trial 64 (0 in rep 16) data={'Word': 'BLUE', 'Colour': 'blue', 'stim_condition': 'C', 'Corr_resp': 'b', 'thisN': 64, 'thisTrialN': 0, 'thisRepN': 16}>
77.6628 	DATA 	Keypress: b
77.6738 	EXP 	fixation_polygon: autoDraw = False
77.6738 	EXP 	Stroop_text: autoDraw = False
77.6738 	EXP 	Stroop_text: foreColor = <psychopy.colors.Color: blue, alpha=1.0>
77.6738 	EXP 	Stroop_text: text = 'BLUE'
77.6738 	EXP 	fixation_polygon: autoDraw = True
78.1749 	INFO 	Keyboard events cleared
78.1741 	EXP 	fixation_polygon: autoDraw = False
78.1741 	EXP 	Stroop_text: autoDraw = True
78.4589 	EXP 	New trial (rep=16, index=1): <Trial 65 (1 in rep 16) data={'Word': 'RED', 'Colour': 'blue', 'stim_condition': 'I', 'Corr_resp': 'b', 'thisN': 65, 'thisTrialN': 1, 'thisRepN': 16}>
78.4643 	DATA 	Keypress: b
78.4738 	EXP 	fixation_polygon: autoDraw = False
78.4738 	EXP 	Stroop_text: autoDraw = False
78.4738 	EXP 	Stroop_text: foreColor = <psychopy.colors.Color: blue, alpha=1.0>
78.4738 	EXP 	Stroop_text: height = 0.05
78.4738 	EXP 	Stroop_text: height = 0.05
78.4738 	EXP 	Stroop_text: height = 0.05
78.4738 	EXP 	Stroop_text: text = 'RED'
78.4738 	EXP 	fixation_polygon: autoDraw = True
78.9746 	INFO 	Keyboard events cleared
78.9738 	EXP 	fixation_polygon: autoDraw = False
78.9738 	EXP 	Stroop_text: autoDraw = True
79.2763 	EXP 	New trial (rep=16, index=2): <Trial 66 (2 in rep 16) data={'Word': 'BLUE', 'Colour': 'red', 'stim_condition': 'I', 'Corr_resp': 'r', 'thisN': 66, 'thisTrialN': 2, 'thisRepN': 16}>
79.2827 	DATA 	Keypress: b
79.2902 	EXP 	fixation_polygon: autoDraw = False
79.2902 	EXP 	Stroop_text: autoDraw = False
79.2902 	EXP 	Stroop_text: foreColor = <psychopy.colors.Color: red, alpha=1.0>
79.2902 	EXP 	Stroop_text: height = 0.05
79.2902 	EXP 	Stroop_text: height = 0.05
79.2902 	EXP 	Stroop_text: height = 0.05
79.2902 	EXP 	Stroop_text: text = 'BLUE'
79.2902 	EXP 	fixation_polygon: autoDraw = True
79.7908 	INFO 	Keyboard events cleared
79.7902 	EXP 	fixation_polygon: autoDraw = False
79.7902 	EXP 	Stroop_text: autoDraw = True
80.1932 	EXP 	New trial (rep=16, index=3): <Trial 67 (3 in rep 16) data={'Word': 'RED', 'Colour': 'red', 'stim_condition': 'C', 'Corr_resp': 'r', 'thisN': 67, 'thisTrialN': 3, 'thisRepN': 16}>
80.1992 	DATA 	Keypress: r
80.2070 	EXP 	fixation_polygon: autoDraw = False
80.2070 	EXP 	Stroop_text: autoDraw = False
80.2070 	EXP 	Stroop_text: foreColor = <psychopy.colors.Color: red, alpha=1.0>
80.2070 	EXP 	Stroop_text: height = 0.05
80.2070 	EXP 	Stroop_text: height = 0.05
80.2070 	EXP 	Stroop_text: height = 0.05
80.2070 	EXP 	Stroop_text: text = 'RED'
80.2070 	EXP 	fixation_polygon: autoDraw = True
80.7078 	INFO 	Keyboard events cleared
80.7071 	EXP 	fixation_polygon: autoDraw = False
80.7071 	EXP 	Stroop_text: autoDraw = True
81.0093 	EXP 	New trial (rep=17, index=0): <Trial 68 (0 in rep 17) data={'Word': 'BLUE', 'Colour': 'blue', 'stim_condition': 'C', 'Corr_resp': 'b', 'thisN': 68, 'thisTrialN': 0, 'thisRepN': 17}>
81.0151 	DATA 	Keypress: r
81.0236 	EXP 	fixation_polygon: autoDraw = False
81.0236 	EXP 	Stroop_text: autoDraw = False
81.0236 	EXP 	Stroop_text: foreColor = <psychopy.colors.Color: blue, alpha=1.0>
81.0236 	EXP 	Stroop_text: height = 0.05
81.0236 	EXP 	Stroop_text: height = 0.05
81.0236 	EXP 	Stroop_text: height = 0.05
81.0236 	EXP 	Stroop_text: text = 'BLUE'
81.0236 	EXP 	fixation_polygon: autoDraw = True
81.5243 	INFO 	Keyboard events cleared
81.5235 	EXP 	fixation_polygon: autoDraw = False
81.5235 	EXP 	Stroop_text: autoDraw = True
81.8108 	DATA 	Keypress: b
81.8261 	EXP 	New trial (rep=17, index=1): <Trial 69 (1 in rep 17) data={'Word': 'RED', 'Colour': 'blue', 'stim_condition': 'I', 'Corr_resp': 'b', 'thisN': 69, 'thisTrialN': 1, 'thisRepN': 17}>
81.8401 	EXP 	fixation_polygon: autoDraw = False
81.8401 	EXP 	Stroop_text: autoDraw = False
81.8401 	EXP 	Stroop_text: foreColor = <psychopy.colors.Color: blue, alpha=1.0>
81.8401 	EXP 	Stroop_text: height = 0.05
81.8401 	EXP 	Stroop_text: height = 0.05
81.8401 	EXP 	Stroop_text: height = 0.05
81.8401 	EXP 	Stroop_text: text = 'RED'
81.8401 	EXP 	fixation_polygon: autoDraw = True
82.3413 	INFO 	Keyboard events cleared
82.3403 	EXP 	fixation_polygon: autoDraw = False
82.3403 	EXP 	Stroop_text: autoDraw = True
82.7942 	EXP 	New trial (rep=17, index=2): <Trial 70 (2 in rep 17) data={'Word': 'BLUE', 'Colour': 'red', 'stim_condition': 'I', 'Corr_resp': 'r', 'thisN': 70, 'thisTrialN': 2, 'thisRepN': 17}>
82.8000 	DATA 	Keypress: b
82.8071 	EXP 	fixation_polygon: autoDraw = False
82.8071 	EXP 	Stroop_text: autoDraw = False
82.8071 	EXP 	Stroop_text: foreColor = <psychopy.colors.Color: red, alpha=1.0>
82.8071 	EXP 	Stroop_text: height = 0.05
82.8071 	EXP 	Stroop_text: height = 0.05
82.8071 	EXP 	Stroop_text: height = 0.05
82.8071 	EXP 	Stroop_text: text = 'BLUE'
82.8071 	EXP 	fixation_polygon: autoDraw = True
83.3084 	INFO 	Keyboard events cleared
83.3074 	EXP 	fixation_polygon: autoDraw = False
83.3074 	EXP 	Stroop_text: autoDraw = True
83.7122 	EXP 	New trial (rep=17, index=3): <Trial 71 (3 in rep 17) data={'Word': 'RED', 'Colour': 'red', 'stim_condition': 'C', 'Corr_resp': 'r', 'thisN': 71, 'thisTrialN': 3, 'thisRepN': 17}>
83.7183 	DATA 	Keypress: r
83.7234 	EXP 	fixation_polygon: autoDraw = False
83.7234 	EXP 	Stroop_text: autoDraw = False
83.7234 	EXP 	Stroop_text: foreColor = <psychopy.colors.Color: red, alpha=1.0>
83.7234 	EXP 	Stroop_text: height = 0.05
83.7234 	EXP 	Stroop_text: height = 0.05
83.7234 	EXP 	Stroop_text: height = 0.05
83.7234 	EXP 	Stroop_text: text = 'RED'
83.7234 	EXP 	fixation_polygon: autoDraw = True
84.2248 	INFO 	Keyboard events cleared
84.2239 	EXP 	fixation_polygon: autoDraw = False
84.2239 	EXP 	Stroop_text: autoDraw = True
84.6437 	EXP 	New trial (rep=18, index=0): <Trial 72 (0 in rep 18) data={'Word': 'RED', 'Colour': 'red', 'stim_condition': 'C', 'Corr_resp': 'r', 'thisN': 72, 'thisTrialN': 0, 'thisRepN': 18}>
84.6465 	DATA 	Keypress: b
84.6568 	EXP 	fixation_polygon: autoDraw = False
84.6568 	EXP 	Stroop_text: autoDraw = False
84.6568 	EXP 	Stroop_text: foreColor = <psychopy.colors.Color: red, alpha=1.0>
84.6568 	EXP 	Stroop_text: text = 'RED'
84.6568 	EXP 	fixation_polygon: autoDraw = True
85.1574 	INFO 	Keyboard events cleared
85.1568 	EXP 	fixation_polygon: autoDraw = False
85.1568 	EXP 	Stroop_text: autoDraw = True
86.7969 	DATA 	Keypress: r
86.8105 	EXP 	New trial (rep=18, index=1): <Trial 73 (1 in rep 18) data={'Word': 'BLUE', 'Colour': 'blue', 'stim_condition': 'C', 'Corr_resp': 'b', 'thisN': 73, 'thisTrialN': 1, 'thisRepN': 18}>
86.8235 	EXP 	fixation_polygon: autoDraw = False
86.8235 	EXP 	Stroop_text: autoDraw = False
86.8235 	EXP 	Stroop_text: foreColor = <psychopy.colors.Color: blue, alpha=1.0>
86.8235 	EXP 	Stroop_text: height = 0.05
86.8235 	EXP 	Stroop_text: height = 0.05
86.8235 	EXP 	Stroop_text: height = 0.05
86.8235 	EXP 	Stroop_text: text = 'BLUE'
86.8235 	EXP 	fixation_polygon: autoDraw = True
87.3243 	INFO 	Keyboard events cleared
87.3235 	EXP 	fixation_polygon: autoDraw = False
87.3235 	EXP 	Stroop_text: autoDraw = True
89.1102 	EXP 	New trial (rep=18, index=2): <Trial 74 (2 in rep 18) data={'Word': 'RED', 'Colour': 'blue', 'stim_condition': 'I', 'Corr_resp': 'b', 'thisN': 74, 'thisTrialN': 2, 'thisRepN': 18}>
89.1159 	DATA 	Keypress: b
89.1236 	EXP 	fixation_polygon: autoDraw = False
89.1236 	EXP 	Stroop_text: autoDraw = False
89.1236 	EXP 	Stroop_text: foreColor = <psychopy.colors.Color: blue, alpha=1.0>
89.1236 	EXP 	Stroop_text: height = 0.05
89.1236 	EXP 	Stroop_text: height = 0.05
89.1236 	EXP 	Stroop_text: height = 0.05
89.1236 	EXP 	Stroop_text: text = 'RED'
89.1236 	EXP 	fixation_polygon: autoDraw = True
89.6246 	INFO 	Keyboard events cleared
89.6236 	EXP 	fixation_polygon: autoDraw = False
89.6236 	EXP 	Stroop_text: autoDraw = True
90.0931 	EXP 	New trial (rep=18, index=3): <Trial 75 (3 in rep 18) data={'Word': 'BLUE', 'Colour': 'red', 'stim_condition': 'I', 'Corr_resp': 'r', 'thisN': 75, 'thisTrialN': 3, 'thisRepN': 18}>
90.0992 	DATA 	Keypress: b
90.1068 	EXP 	fixation_polygon: autoDraw = False
90.1068 	EXP 	Stroop_text: autoDraw = False
90.1068 	EXP 	Stroop_text: foreColor = <psychopy.colors.Color: red, alpha=1.0>
90.1068 	EXP 	Stroop_text: height = 0.05
90.1068 	EXP 	Stroop_text: height = 0.05
90.1068 	EXP 	Stroop_text: height = 0.05
90.1068 	EXP 	Stroop_text: text = 'BLUE'
90.1068 	EXP 	fixation_polygon: autoDraw = True
90.6091 	INFO 	Keyboard events cleared
90.6076 	EXP 	fixation_polygon: autoDraw = False
90.6076 	EXP 	Stroop_text: autoDraw = True
91.0593 	EXP 	New trial (rep=19, index=0): <Trial 76 (0 in rep 19) data={'Word': 'BLUE', 'Colour': 'blue', 'stim_condition': 'C', 'Corr_resp': 'b', 'thisN': 76, 'thisTrialN': 0, 'thisRepN': 19}>
91.0616 	DATA 	Keypress: r
91.0736 	EXP 	fixation_polygon: autoDraw = False
91.0736 	EXP 	Stroop_text: autoDraw = False
91.0736 	EXP 	Stroop_text: foreColor = <psychopy.colors.Color: blue, alpha=1.0>
91.0736 	EXP 	Stroop_text: text = 'BLUE'
91.0736 	EXP 	fixation_polygon: autoDraw = True
91.5756 	INFO 	Keyboard events cleared
91.5741 	EXP 	fixation_polygon: autoDraw = False
91.5741 	EXP 	Stroop_text: autoDraw = True
92.1282 	EXP 	New trial (rep=19, index=1): <Trial 77 (1 in rep 19) data={'Word': 'RED', 'Colour': 'blue', 'stim_condition': 'I', 'Corr_resp': 'b', 'thisN': 77, 'thisTrialN': 1, 'thisRepN': 19}>
92.1340 	DATA 	Keypress: b
92.1402 	EXP 	fixation_polygon: autoDraw = False
92.1402 	EXP 	Stroop_text: autoDraw = False
92.1402 	EXP 	Stroop_text: foreColor = <psychopy.colors.Color: blue, alpha=1.0>
92.1402 	EXP 	Stroop_text: height = 0.05
92.1402 	EXP 	Stroop_text: height = 0.05
92.1402 	EXP 	Stroop_text: height = 0.05
92.1402 	EXP 	Stroop_text: text = 'RED'
92.1402 	EXP 	fixation_polygon: autoDraw = True
92.6408 	INFO 	Keyboard events cleared
92.6399 	EXP 	fixation_polygon: autoDraw = False
92.6399 	EXP 	Stroop_text: autoDraw = True
93.3259 	EXP 	New trial (rep=19, index=2): <Trial 78 (2 in rep 19) data={'Word': 'BLUE', 'Colour': 'red', 'stim_condition': 'I', 'Corr_resp': 'r', 'thisN': 78, 'thisTrialN': 2, 'thisRepN': 19}>
93.3336 	DATA 	Keypress: b
93.3398 	EXP 	fixation_polygon: autoDraw = False
93.3398 	EXP 	Stroop_text: autoDraw = False
93.3398 	EXP 	Stroop_text: foreColor = <psychopy.colors.Color: red, alpha=1.0>
93.3398 	EXP 	Stroop_text: height = 0.05
93.3398 	EXP 	Stroop_text: height = 0.05
93.3398 	EXP 	Stroop_text: height = 0.05
93.3398 	EXP 	Stroop_text: text = 'BLUE'
93.3398 	EXP 	fixation_polygon: autoDraw = True
93.8409 	INFO 	Keyboard events cleared
93.8400 	EXP 	fixation_polygon: autoDraw = False
93.8400 	EXP 	Stroop_text: autoDraw = True
94.3282 	EXP 	New trial (rep=19, index=3): <Trial 79 (3 in rep 19) data={'Word': 'RED', 'Colour': 'red', 'stim_condition': 'C', 'Corr_resp': 'r', 'thisN': 79, 'thisTrialN': 3, 'thisRepN': 19}>
94.3347 	DATA 	Keypress: r
94.3399 	EXP 	fixation_polygon: autoDraw = False
94.3399 	EXP 	Stroop_text: autoDraw = False
94.3399 	EXP 	Stroop_text: foreColor = <psychopy.colors.Color: red, alpha=1.0>
94.3399 	EXP 	Stroop_text: height = 0.05
94.3399 	EXP 	Stroop_text: height = 0.05
94.3399 	EXP 	Stroop_text: height = 0.05
94.3399 	EXP 	Stroop_text: text = 'RED'
94.3399 	EXP 	fixation_polygon: autoDraw = True
94.8410 	INFO 	Keyboard events cleared
94.8403 	EXP 	fixation_polygon: autoDraw = False
94.8403 	EXP 	Stroop_text: autoDraw = True
95.2443 	EXP 	New trial (rep=20, index=0): <Trial 80 (0 in rep 20) data={'Word': 'RED', 'Colour': 'red', 'stim_condition': 'C', 'Corr_resp': 'r', 'thisN': 80, 'thisTrialN': 0, 'thisRepN': 20}>
95.2471 	DATA 	Keypress: r
95.2569 	EXP 	fixation_polygon: autoDraw = False
95.2569 	EXP 	Stroop_text: autoDraw = False
95.2569 	EXP 	Stroop_text: foreColor = <psychopy.colors.Color: red, alpha=1.0>
95.2569 	EXP 	Stroop_text: text = 'RED'
95.2569 	EXP 	fixation_polygon: autoDraw = True
95.7583 	INFO 	Keyboard events cleared
95.7569 	EXP 	fixation_polygon: autoDraw = False
95.7569 	EXP 	Stroop_text: autoDraw = True
96.1592 	EXP 	New trial (rep=20, index=1): <Trial 81 (1 in rep 20) data={'Word': 'RED', 'Colour': 'blue', 'stim_condition': 'I', 'Corr_resp': 'b', 'thisN': 81, 'thisTrialN': 1, 'thisRepN': 20}>
96.1615 	DATA 	Keypress: r
96.1736 	EXP 	fixation_polygon: autoDraw = False
96.1736 	EXP 	Stroop_text: autoDraw = False
96.1736 	EXP 	Stroop_text: foreColor = <psychopy.colors.Color: blue, alpha=1.0>
96.1736 	EXP 	Stroop_text: text = 'RED'
96.1736 	EXP 	fixation_polygon: autoDraw = True
96.6740 	INFO 	Keyboard events cleared
96.6734 	EXP 	fixation_polygon: autoDraw = False
96.6734 	EXP 	Stroop_text: autoDraw = True
97.2757 	EXP 	New trial (rep=20, index=2): <Trial 82 (2 in rep 20) data={'Word': 'BLUE', 'Colour': 'red', 'stim_condition': 'I', 'Corr_resp': 'r', 'thisN': 82, 'thisTrialN': 2, 'thisRepN': 20}>
97.2819 	DATA 	Keypress: b
97.2899 	EXP 	fixation_polygon: autoDraw = False
97.2899 	EXP 	Stroop_text: autoDraw = False
97.2899 	EXP 	Stroop_text: foreColor = <psychopy.colors.Color: red, alpha=1.0>
97.2899 	EXP 	Stroop_text: height = 0.05
97.2899 	EXP 	Stroop_text: height = 0.05
97.2899 	EXP 	Stroop_text: height = 0.05
97.2899 	EXP 	Stroop_text: text = 'BLUE'
97.2899 	EXP 	fixation_polygon: autoDraw = True
97.7908 	INFO 	Keyboard events cleared
97.7900 	EXP 	fixation_polygon: autoDraw = False
97.7900 	EXP 	Stroop_text: autoDraw = True
98.2262 	EXP 	New trial (rep=20, index=3): <Trial 83 (3 in rep 20) data={'Word': 'BLUE', 'Colour': 'blue', 'stim_condition': 'C', 'Corr_resp': 'b', 'thisN': 83, 'thisTrialN': 3, 'thisRepN': 20}>
98.2287 	DATA 	Keypress: r
98.2402 	EXP 	fixation_polygon: autoDraw = False
98.2402 	EXP 	Stroop_text: autoDraw = False
98.2402 	EXP 	Stroop_text: foreColor = <psychopy.colors.Color: blue, alpha=1.0>
98.2402 	EXP 	Stroop_text: text = 'BLUE'
98.2402 	EXP 	fixation_polygon: autoDraw = True
98.7404 	INFO 	Keyboard events cleared
98.7397 	EXP 	fixation_polygon: autoDraw = False
98.7397 	EXP 	Stroop_text: autoDraw = True
99.8605 	EXP 	New trial (rep=21, index=0): <Trial 84 (0 in rep 21) data={'Word': 'RED', 'Colour': 'blue', 'stim_condition': 'I', 'Corr_resp': 'b', 'thisN': 84, 'thisTrialN': 0, 'thisRepN': 21}>
99.8667 	DATA 	Keypress: b
99.8733 	EXP 	fixation_polygon: autoDraw = False
99.8733 	EXP 	Stroop_text: autoDraw = False
99.8733 	EXP 	Stroop_text: foreColor = <psychopy.colors.Color: blue, alpha=1.0>
99.8733 	EXP 	Stroop_text: height = 0.05
99.8733 	EXP 	Stroop_text: height = 0.05
99.8733 	EXP 	Stroop_text: height = 0.05
99.8733 	EXP 	Stroop_text: text = 'RED'
99.8733 	EXP 	fixation_polygon: autoDraw = True
100.3746 	INFO 	Keyboard events cleared
100.3737 	EXP 	fixation_polygon: autoDraw = False
100.3737 	EXP 	Stroop_text: autoDraw = True
100.7087 	EXP 	New trial (rep=21, index=1): <Trial 85 (1 in rep 21) data={'Word': 'BLUE', 'Colour': 'red', 'stim_condition': 'I', 'Corr_resp': 'r', 'thisN': 85, 'thisTrialN': 1, 'thisRepN': 21}>
100.7142 	DATA 	Keypress: b
100.7242 	EXP 	fixation_polygon: autoDraw = False
100.7242 	EXP 	Stroop_text: autoDraw = False
100.7242 	EXP 	Stroop_text: foreColor = <psychopy.colors.Color: red, alpha=1.0>
100.7242 	EXP 	Stroop_text: height = 0.05
100.7242 	EXP 	Stroop_text: height = 0.05
100.7242 	EXP 	Stroop_text: height = 0.05
100.7242 	EXP 	Stroop_text: text = 'BLUE'
100.7242 	EXP 	fixation_polygon: autoDraw = True
101.2242 	INFO 	Keyboard events cleared
101.2235 	EXP 	fixation_polygon: autoDraw = False
101.2235 	EXP 	Stroop_text: autoDraw = True
101.5607 	EXP 	New trial (rep=21, index=2): <Trial 86 (2 in rep 21) data={'Word': 'RED', 'Colour': 'red', 'stim_condition': 'C', 'Corr_resp': 'r', 'thisN': 86, 'thisTrialN': 2, 'thisRepN': 21}>
101.5672 	DATA 	Keypress: r
101.5731 	EXP 	fixation_polygon: autoDraw = False
101.5731 	EXP 	Stroop_text: autoDraw = False
101.5731 	EXP 	Stroop_text: foreColor = <psychopy.colors.Color: red, alpha=1.0>
101.5731 	EXP 	Stroop_text: height = 0.05
101.5731 	EXP 	Stroop_text: height = 0.05
101.5731 	EXP 	Stroop_text: height = 0.05
101.5731 	EXP 	Stroop_text: text = 'RED'
101.5731 	EXP 	fixation_polygon: autoDraw = True
102.0750 	INFO 	Keyboard events cleared
102.0736 	EXP 	fixation_polygon: autoDraw = False
102.0736 	EXP 	Stroop_text: autoDraw = True
102.5098 	EXP 	New trial (rep=21, index=3): <Trial 87 (3 in rep 21) data={'Word': 'BLUE', 'Colour': 'blue', 'stim_condition': 'C', 'Corr_resp': 'b', 'thisN': 87, 'thisTrialN': 3, 'thisRepN': 21}>
102.5156 	DATA 	Keypress: r
102.5232 	EXP 	fixation_polygon: autoDraw = False
102.5232 	EXP 	Stroop_text: autoDraw = False
102.5232 	EXP 	Stroop_text: foreColor = <psychopy.colors.Color: blue, alpha=1.0>
102.5232 	EXP 	Stroop_text: height = 0.05
102.5232 	EXP 	Stroop_text: height = 0.05
102.5232 	EXP 	Stroop_text: height = 0.05
102.5232 	EXP 	Stroop_text: text = 'BLUE'
102.5232 	EXP 	fixation_polygon: autoDraw = True
103.0242 	INFO 	Keyboard events cleared
103.0233 	EXP 	fixation_polygon: autoDraw = False
103.0233 	EXP 	Stroop_text: autoDraw = True
103.4587 	EXP 	New trial (rep=22, index=0): <Trial 88 (0 in rep 22) data={'Word': 'RED', 'Colour': 'blue', 'stim_condition': 'I', 'Corr_resp': 'b', 'thisN': 88, 'thisTrialN': 0, 'thisRepN': 22}>
103.4664 	DATA 	Keypress: b
103.4745 	EXP 	fixation_polygon: autoDraw = False
103.4745 	EXP 	Stroop_text: autoDraw = False
103.4745 	EXP 	Stroop_text: foreColor = <psychopy.colors.Color: blue, alpha=1.0>
103.4745 	EXP 	Stroop_text: height = 0.05
103.4745 	EXP 	Stroop_text: height = 0.05
103.4745 	EXP 	Stroop_text: height = 0.05
103.4745 	EXP 	Stroop_text: text = 'RED'
103.4745 	EXP 	fixation_polygon: autoDraw = True
103.9741 	INFO 	Keyboard events cleared
103.9733 	EXP 	fixation_polygon: autoDraw = False
103.9733 	EXP 	Stroop_text: autoDraw = True
104.6597 	EXP 	New trial (rep=22, index=1): <Trial 89 (1 in rep 22) data={'Word': 'BLUE', 'Colour': 'blue', 'stim_condition': 'C', 'Corr_resp': 'b', 'thisN': 89, 'thisTrialN': 1, 'thisRepN': 22}>
104.6674 	DATA 	Keypress: b
104.6730 	EXP 	fixation_polygon: autoDraw = False
104.6730 	EXP 	Stroop_text: autoDraw = False
104.6730 	EXP 	Stroop_text: foreColor = <psychopy.colors.Color: blue, alpha=1.0>
104.6730 	EXP 	Stroop_text: height = 0.05
104.6730 	EXP 	Stroop_text: height = 0.05
104.6730 	EXP 	Stroop_text: height = 0.05
104.6730 	EXP 	Stroop_text: text = 'BLUE'
104.6730 	EXP 	fixation_polygon: autoDraw = True
105.1741 	INFO 	Keyboard events cleared
105.1733 	EXP 	fixation_polygon: autoDraw = False
105.1733 	EXP 	Stroop_text: autoDraw = True
105.6430 	EXP 	New trial (rep=22, index=2): <Trial 90 (2 in rep 22) data={'Word': 'BLUE', 'Colour': 'red', 'stim_condition': 'I', 'Corr_resp': 'r', 'thisN': 90, 'thisTrialN': 2, 'thisRepN': 22}>
105.6459 	DATA 	Keypress: b
105.6564 	EXP 	fixation_polygon: autoDraw = False
105.6564 	EXP 	Stroop_text: autoDraw = False
105.6564 	EXP 	Stroop_text: foreColor = <psychopy.colors.Color: red, alpha=1.0>
105.6564 	EXP 	Stroop_text: text = 'BLUE'
105.6564 	EXP 	fixation_polygon: autoDraw = True
106.1574 	INFO 	Keyboard events cleared
106.1569 	EXP 	fixation_polygon: autoDraw = False
106.1569 	EXP 	Stroop_text: autoDraw = True
106.5421 	EXP 	New trial (rep=22, index=3): <Trial 91 (3 in rep 22) data={'Word': 'RED', 'Colour': 'red', 'stim_condition': 'C', 'Corr_resp': 'r', 'thisN': 91, 'thisTrialN': 3, 'thisRepN': 22}>
106.5491 	DATA 	Keypress: r
106.5563 	EXP 	fixation_polygon: autoDraw = False
106.5563 	EXP 	Stroop_text: autoDraw = False
106.5563 	EXP 	Stroop_text: foreColor = <psychopy.colors.Color: red, alpha=1.0>
106.5563 	EXP 	Stroop_text: height = 0.05
106.5563 	EXP 	Stroop_text: height = 0.05
106.5563 	EXP 	Stroop_text: height = 0.05
106.5563 	EXP 	Stroop_text: text = 'RED'
106.5563 	EXP 	fixation_polygon: autoDraw = True
107.0583 	INFO 	Keyboard events cleared
107.0570 	EXP 	fixation_polygon: autoDraw = False
107.0570 	EXP 	Stroop_text: autoDraw = True
107.4110 	EXP 	New trial (rep=23, index=0): <Trial 92 (0 in rep 23) data={'Word': 'RED', 'Colour': 'red', 'stim_condition': 'C', 'Corr_resp': 'r', 'thisN': 92, 'thisTrialN': 0, 'thisRepN': 23}>
107.4134 	DATA 	Keypress: r
107.4233 	EXP 	fixation_polygon: autoDraw = False
107.4233 	EXP 	Stroop_text: autoDraw = False
107.4233 	EXP 	Stroop_text: foreColor = <psychopy.colors.Color: red, alpha=1.0>
107.4233 	EXP 	Stroop_text: text = 'RED'
107.4233 	EXP 	fixation_polygon: autoDraw = True
107.9239 	INFO 	Keyboard events cleared
107.9233 	EXP 	fixation_polygon: autoDraw = False
107.9233 	EXP 	Stroop_text: autoDraw = True
108.6431 	EXP 	New trial (rep=23, index=1): <Trial 93 (1 in rep 23) data={'Word': 'BLUE', 'Colour': 'blue', 'stim_condition': 'C', 'Corr_resp': 'b', 'thisN': 93, 'thisTrialN': 1, 'thisRepN': 23}>
108.6484 	DATA 	Keypress: r
108.6565 	EXP 	fixation_polygon: autoDraw = False
108.6565 	EXP 	Stroop_text: autoDraw = False
108.6565 	EXP 	Stroop_text: foreColor = <psychopy.colors.Color: blue, alpha=1.0>
108.6565 	EXP 	Stroop_text: height = 0.05
108.6565 	EXP 	Stroop_text: height = 0.05
108.6565 	EXP 	Stroop_text: height = 0.05
108.6565 	EXP 	Stroop_text: text = 'BLUE'
108.6565 	EXP 	fixation_polygon: autoDraw = True
109.1575 	INFO 	Keyboard events cleared
109.1568 	EXP 	fixation_polygon: autoDraw = False
109.1568 	EXP 	Stroop_text: autoDraw = True
109.7430 	EXP 	New trial (rep=23, index=2): <Trial 94 (2 in rep 23) data={'Word': 'BLUE', 'Colour': 'red', 'stim_condition': 'I', 'Corr_resp': 'r', 'thisN': 94, 'thisTrialN': 2, 'thisRepN': 23}>
109.7460 	DATA 	Keypress: b
109.7565 	EXP 	fixation_polygon: autoDraw = False
109.7565 	EXP 	Stroop_text: autoDraw = False
109.7565 	EXP 	Stroop_text: foreColor = <psychopy.colors.Color: red, alpha=1.0>
109.7565 	EXP 	Stroop_text: text = 'BLUE'
109.7565 	EXP 	fixation_polygon: autoDraw = True
110.2571 	INFO 	Keyboard events cleared
110.2563 	EXP 	fixation_polygon: autoDraw = False
110.2563 	EXP 	Stroop_text: autoDraw = True
111.1598 	EXP 	New trial (rep=23, index=3): <Trial 95 (3 in rep 23) data={'Word': 'RED', 'Colour': 'blue', 'stim_condition': 'I', 'Corr_resp': 'b', 'thisN': 95, 'thisTrialN': 3, 'thisRepN': 23}>
111.1660 	DATA 	Keypress: r
111.1734 	EXP 	fixation_polygon: autoDraw = False
111.1734 	EXP 	Stroop_text: autoDraw = False
111.1734 	EXP 	Stroop_text: foreColor = <psychopy.colors.Color: blue, alpha=1.0>
111.1734 	EXP 	Stroop_text: height = 0.05
111.1734 	EXP 	Stroop_text: height = 0.05
111.1734 	EXP 	Stroop_text: height = 0.05
111.1734 	EXP 	Stroop_text: text = 'RED'
111.1734 	EXP 	fixation_polygon: autoDraw = True
111.6736 	INFO 	Keyboard events cleared
111.6730 	EXP 	fixation_polygon: autoDraw = False
111.6730 	EXP 	Stroop_text: autoDraw = True
112.6464 	EXP 	New trial (rep=24, index=0): <Trial 96 (0 in rep 24) data={'Word': 'RED', 'Colour': 'red', 'stim_condition': 'C', 'Corr_resp': 'r', 'thisN': 96, 'thisTrialN': 0, 'thisRepN': 24}>
112.6489 	DATA 	Keypress: b
112.6575 	EXP 	fixation_polygon: autoDraw = False
112.6575 	EXP 	Stroop_text: autoDraw = False
112.6575 	EXP 	Stroop_text: foreColor = <psychopy.colors.Color: red, alpha=1.0>
112.6575 	EXP 	Stroop_text: text = 'RED'
112.6575 	EXP 	fixation_polygon: autoDraw = True
113.1571 	INFO 	Keyboard events cleared
113.1565 	EXP 	fixation_polygon: autoDraw = False
113.1565 	EXP 	Stroop_text: autoDraw = True
113.9455 	DATA 	Keypress: r
113.9588 	EXP 	New trial (rep=24, index=1): <Trial 97 (1 in rep 24) data={'Word': 'RED', 'Colour': 'blue', 'stim_condition': 'I', 'Corr_resp': 'b', 'thisN': 97, 'thisTrialN': 1, 'thisRepN': 24}>
113.9729 	EXP 	fixation_polygon: autoDraw = False
113.9729 	EXP 	Stroop_text: autoDraw = False
113.9729 	EXP 	Stroop_text: foreColor = <psychopy.colors.Color: blue, alpha=1.0>
113.9729 	EXP 	Stroop_text: text = 'RED'
113.9729 	EXP 	fixation_polygon: autoDraw = True
114.4738 	INFO 	Keyboard events cleared
114.4730 	EXP 	fixation_polygon: autoDraw = False
114.4730 	EXP 	Stroop_text: autoDraw = True
115.2918 	EXP 	New trial (rep=24, index=2): <Trial 98 (2 in rep 24) data={'Word': 'BLUE', 'Colour': 'red', 'stim_condition': 'I', 'Corr_resp': 'r', 'thisN': 98, 'thisTrialN': 2, 'thisRepN': 24}>
115.2995 	DATA 	Keypress: b
115.3063 	EXP 	fixation_polygon: autoDraw = False
115.3063 	EXP 	Stroop_text: autoDraw = False
115.3063 	EXP 	Stroop_text: foreColor = <psychopy.colors.Color: red, alpha=1.0>
115.3063 	EXP 	Stroop_text: height = 0.05
115.3063 	EXP 	Stroop_text: height = 0.05
115.3063 	EXP 	Stroop_text: height = 0.05
115.3063 	EXP 	Stroop_text: text = 'BLUE'
115.3063 	EXP 	fixation_polygon: autoDraw = True
115.8077 	INFO 	Keyboard events cleared
115.8066 	EXP 	fixation_polygon: autoDraw = False
115.8066 	EXP 	Stroop_text: autoDraw = True
117.1266 	EXP 	New trial (rep=24, index=3): <Trial 99 (3 in rep 24) data={'Word': 'BLUE', 'Colour': 'blue', 'stim_condition': 'C', 'Corr_resp': 'b', 'thisN': 99, 'thisTrialN': 3, 'thisRepN': 24}>
117.1296 	DATA 	Keypress: r
117.1400 	EXP 	fixation_polygon: autoDraw = False
117.1400 	EXP 	Stroop_text: autoDraw = False
117.1400 	EXP 	Stroop_text: foreColor = <psychopy.colors.Color: blue, alpha=1.0>
117.1400 	EXP 	Stroop_text: text = 'BLUE'
117.1400 	EXP 	fixation_polygon: autoDraw = True
117.6405 	INFO 	Keyboard events cleared
117.6396 	EXP 	fixation_polygon: autoDraw = False
117.6396 	EXP 	Stroop_text: autoDraw = True
118.1132 	DATA 	Keypress: b
118.1231 	EXP 	fixation_polygon: autoDraw = False
118.1231 	EXP 	Stroop_text: autoDraw = False
118.1231 	EXP 	text_2: autoDraw = True
119.1232 	EXP 	text_2: autoDraw = False
119.1232 	EXP 	text_2: autoDraw = False
119.1238 	EXP 	Stroop task: status = STOPPED
119.1829 	INFO 	saved data to 'C:\\Users\\ritik\\Lab in Psychology\\Psychopy Experiments\\Stroop Task\\data/P3_Stroop task_2025-08-24_21h32.03.004.csv'
119.1862 	INFO 	saved data to C:\Users\ritik\Lab in Psychology\Psychopy Experiments\Stroop Task\data/P3_Stroop task_2025-08-24_21h32.03.004.psydat
